<html>
<body>
<pre>
<h1>µVision Build Log</h1>
<h2>Tool Versions:</h2>
IDE-Version: ¦ÌVision V5.36.0.0
Copyright (C) 2021 ARM Ltd and ARM Germany GmbH. All rights reserved.
License Information: L HQ, GDUT, LIC=IK1BF-659Q9-SBREJ-U6NDX-RY7SU-1LV4S
 
Tool Versions:
Toolchain:       MDK-ARM Plus  Version: 5.36.0.0
Toolchain Path:  E:\Software\Tools\Keil\Keil5\ARM\ARMCLANG\Bin
C Compiler:      ArmClang.exe V6.16
Assembler:       Armasm.exe V6.16
Linker/Locator:  ArmLink.exe V6.16
Library Manager: ArmAr.exe V6.16
Hex Converter:   FromElf.exe V6.16
CPU DLL:         SARMCM3.DLL V5.36.0.0
Dialog DLL:      DCM.DLL V1.17.3.0
Target DLL:      STLink\ST-LINKIII-KEIL_SWO.dll V3.0.9.0
Dialog DLL:      TCM.DLL V1.53.0.0
 
<h2>Project:</h2>
F:\Git-Repositories\KCB\Code\MDK-ARM\Code.uvprojx
Project File Date:  01/22/2023

<h2>Output:</h2>
*** Using Compiler 'V6.16', folder: 'E:\Software\Tools\Keil\Keil5\ARM\ARMCLANG\Bin'
Rebuild target 'Code'
compiling main.c...
compiling dma.c...
compiling gpio.c...
compiling tim.c...
assembling startup_stm32f401xc.s...
compiling i2c.c...
compiling usart.c...
compiling stm32f4xx_it.c...
compiling stm32f4xx_hal_flash_ramfunc.c...
compiling stm32f4xx_hal_msp.c...
compiling stm32f4xx_hal_i2c_ex.c...
compiling stm32f4xx_hal_flash.c...
compiling stm32f4xx_hal_rcc_ex.c...
compiling stm32f4xx_hal_flash_ex.c...
compiling stm32f4xx_hal_rcc.c...
compiling stm32f4xx_hal_gpio.c...
compiling stm32f4xx_hal_pwr_ex.c...
compiling stm32f4xx_hal_dma_ex.c...
compiling stm32f4xx_hal_pwr.c...
compiling stm32f4xx_hal_cortex.c...
compiling stm32f4xx_hal_dma.c...
compiling Dome.c...
compiling stm32f4xx_hal.c...
compiling system_stm32f4xx.c...
compiling UartDriver.c...
compiling stm32f4xx_hal_exti.c...
compiling opticalflow.c...
compiling statemachine.c...
compiling Delay.c...
compiling Print.c...
compiling mpuiic.c...
compiling mpu6050.c...
compiling stm32f4xx_hal_tim_ex.c...
compiling stm32f4xx_hal_uart.c...
compiling stm32f4xx_hal_i2c.c...
compiling inv_mpu_dmp_motion_driver.c...
compiling inv_mpu.c...
compiling stm32f4xx_hal_tim.c...
linking...
Program Size: Code=26700 RO-data=3924 RW-data=76 ZI-data=1868  
FromELF: creating hex file...
"Code\Code.axf" - 0 Error(s), 0 Warning(s).

<h2>Software Packages used:</h2>

Package Vendor: ARM
                http://www.keil.com/pack/ARM.CMSIS.5.8.0.pack
                ARM.CMSIS.5.8.0
                CMSIS (Common Microcontroller Software Interface Standard)
   * Component: CORE Version: 5.5.0

Package Vendor: Keil
                http://www.keil.com/pack/Keil.STM32F4xx_DFP.2.16.0.pack
                Keil.STM32F4xx_DFP.2.16.0
                STMicroelectronics STM32F4 Series Device Support, Drivers and Examples

<h2>Collection of Component include folders:</h2>
  .\RTE\_Code
  E:\Software\Tools\Keil\Keil5\ARM\Packs\ARM\CMSIS\5.8.0\CMSIS\Core\Include
  E:\Software\Tools\Keil\Keil5\ARM\Packs\Keil\STM32F4xx_DFP\2.16.0\Drivers\CMSIS\Device\ST\STM32F4xx\Include

<h2>Collection of Component Files used:</h2>

   * Component: ARM::CMSIS:CORE:5.5.0
      Include file:  CMSIS\Core\Include\tz_context.h
Build Time Elapsed:  00:00:01
</pre>
</body>
</html>
