Component: ARM Compiler 6.16 Tool: armlink [5dfeaa00]

==============================================================================

Section Cross References

    startup_stm32f401xc.o(RESET) refers to startup_stm32f401xc.o(STACK) for __initial_sp
    startup_stm32f401xc.o(RESET) refers to startup_stm32f401xc.o(.text) for Reset_Handler
    startup_stm32f401xc.o(RESET) refers to stm32f4xx_it.o(.text.NMI_Handler) for NMI_Handler
    startup_stm32f401xc.o(RESET) refers to stm32f4xx_it.o(.text.HardFault_Handler) for HardFault_Handler
    startup_stm32f401xc.o(RESET) refers to stm32f4xx_it.o(.text.MemManage_Handler) for MemManage_Handler
    startup_stm32f401xc.o(RESET) refers to stm32f4xx_it.o(.text.BusFault_Handler) for BusFault_Handler
    startup_stm32f401xc.o(RESET) refers to stm32f4xx_it.o(.text.UsageFault_Handler) for UsageFault_Handler
    startup_stm32f401xc.o(RESET) refers to stm32f4xx_it.o(.text.SVC_Handler) for SVC_Handler
    startup_stm32f401xc.o(RESET) refers to stm32f4xx_it.o(.text.DebugMon_Handler) for DebugMon_Handler
    startup_stm32f401xc.o(RESET) refers to stm32f4xx_it.o(.text.PendSV_Handler) for PendSV_Handler
    startup_stm32f401xc.o(RESET) refers to stm32f4xx_it.o(.text.SysTick_Handler) for SysTick_Handler
    startup_stm32f401xc.o(RESET) refers to stm32f4xx_it.o(.text.DMA1_Stream5_IRQHandler) for DMA1_Stream5_IRQHandler
    startup_stm32f401xc.o(RESET) refers to stm32f4xx_it.o(.text.DMA1_Stream6_IRQHandler) for DMA1_Stream6_IRQHandler
    startup_stm32f401xc.o(RESET) refers to stm32f4xx_it.o(.text.TIM1_BRK_TIM9_IRQHandler) for TIM1_BRK_TIM9_IRQHandler
    startup_stm32f401xc.o(.text) refers to system_stm32f4xx.o(.text.SystemInit) for SystemInit
    startup_stm32f401xc.o(.text) refers to entry.o(.ARM.Collect$$$$00000000) for __main
    main.o(.text.main) refers to stm32f4xx_hal.o(.text.HAL_Init) for HAL_Init
    main.o(.text.main) refers to main.o(.text.SystemClock_Config) for SystemClock_Config
    main.o(.text.main) refers to gpio.o(.text.MX_GPIO_Init) for MX_GPIO_Init
    main.o(.text.main) refers to dma.o(.text.MX_DMA_Init) for MX_DMA_Init
    main.o(.text.main) refers to usart.o(.text.MX_USART2_UART_Init) for MX_USART2_UART_Init
    main.o(.text.main) refers to usart.o(.text.MX_USART1_UART_Init) for MX_USART1_UART_Init
    main.o(.text.main) refers to i2c.o(.text.MX_I2C2_Init) for MX_I2C2_Init
    main.o(.text.main) refers to tim.o(.text.MX_TIM9_Init) for MX_TIM9_Init
    main.o(.text.main) refers to statemachine.o(.text.loop) for loop
    main.o(.ARM.exidx.text.main) refers to main.o(.text.main) for [Anonymous Symbol]
    main.o(.text.SystemClock_Config) refers to memseta.o(.text) for __aeabi_memclr4
    main.o(.text.SystemClock_Config) refers to stm32f4xx_hal_rcc.o(.text.HAL_RCC_OscConfig) for HAL_RCC_OscConfig
    main.o(.text.SystemClock_Config) refers to stm32f4xx_hal_rcc.o(.text.HAL_RCC_ClockConfig) for HAL_RCC_ClockConfig
    main.o(.text.SystemClock_Config) refers to main.o(.text.Error_Handler) for Error_Handler
    main.o(.ARM.exidx.text.SystemClock_Config) refers to main.o(.text.SystemClock_Config) for [Anonymous Symbol]
    main.o(.ARM.exidx.text.Error_Handler) refers to main.o(.text.Error_Handler) for [Anonymous Symbol]
    gpio.o(.ARM.exidx.text.MX_GPIO_Init) refers to gpio.o(.text.MX_GPIO_Init) for [Anonymous Symbol]
    dma.o(.text.MX_DMA_Init) refers to stm32f4xx_hal_cortex.o(.text.HAL_NVIC_SetPriority) for HAL_NVIC_SetPriority
    dma.o(.text.MX_DMA_Init) refers to stm32f4xx_hal_cortex.o(.text.HAL_NVIC_EnableIRQ) for HAL_NVIC_EnableIRQ
    dma.o(.ARM.exidx.text.MX_DMA_Init) refers to dma.o(.text.MX_DMA_Init) for [Anonymous Symbol]
    i2c.o(.text.MX_I2C2_Init) refers to i2c.o(.bss.hi2c2) for hi2c2
    i2c.o(.text.MX_I2C2_Init) refers to stm32f4xx_hal_i2c.o(.text.HAL_I2C_Init) for HAL_I2C_Init
    i2c.o(.text.MX_I2C2_Init) refers to main.o(.text.Error_Handler) for Error_Handler
    i2c.o(.ARM.exidx.text.MX_I2C2_Init) refers to i2c.o(.text.MX_I2C2_Init) for [Anonymous Symbol]
    i2c.o(.text.HAL_I2C_MspInit) refers to stm32f4xx_hal_gpio.o(.text.HAL_GPIO_Init) for HAL_GPIO_Init
    i2c.o(.ARM.exidx.text.HAL_I2C_MspInit) refers to i2c.o(.text.HAL_I2C_MspInit) for [Anonymous Symbol]
    i2c.o(.text.HAL_I2C_MspDeInit) refers to stm32f4xx_hal_gpio.o(.text.HAL_GPIO_DeInit) for HAL_GPIO_DeInit
    i2c.o(.ARM.exidx.text.HAL_I2C_MspDeInit) refers to i2c.o(.text.HAL_I2C_MspDeInit) for [Anonymous Symbol]
    tim.o(.text.MX_TIM9_Init) refers to tim.o(.bss.htim9) for htim9
    tim.o(.text.MX_TIM9_Init) refers to stm32f4xx_hal_tim.o(.text.HAL_TIM_Base_Init) for HAL_TIM_Base_Init
    tim.o(.text.MX_TIM9_Init) refers to main.o(.text.Error_Handler) for Error_Handler
    tim.o(.text.MX_TIM9_Init) refers to stm32f4xx_hal_tim.o(.text.HAL_TIM_ConfigClockSource) for HAL_TIM_ConfigClockSource
    tim.o(.ARM.exidx.text.MX_TIM9_Init) refers to tim.o(.text.MX_TIM9_Init) for [Anonymous Symbol]
[...]
    i.__0printf                              0x0800588c   Section        0  printfa.o(i.__0printf)
    i.__ARM_fpclassify                       0x080058ac   Section        0  fpclassify.o(i.__ARM_fpclassify)
    i.__hardfp_asin                          0x080058e0   Section        0  asin.o(i.__hardfp_asin)
    i.__hardfp_atan                          0x08005c40   Section        0  atan.o(i.__hardfp_atan)
    i.__hardfp_atan2                         0x08005f18   Section        0  atan2.o(i.__hardfp_atan2)
    i.__kernel_poly                          0x08006118   Section        0  poly.o(i.__kernel_poly)
    i.__mathlib_dbl_infnan                   0x08006210   Section        0  dunder.o(i.__mathlib_dbl_infnan)
    i.__mathlib_dbl_infnan2                  0x08006224   Section        0  dunder.o(i.__mathlib_dbl_infnan2)
    i.__mathlib_dbl_invalid                  0x08006238   Section        0  dunder.o(i.__mathlib_dbl_invalid)
    i.__mathlib_dbl_underflow                0x08006258   Section        0  dunder.o(i.__mathlib_dbl_underflow)
    i.__scatterload_copy                     0x08006278   Section       14  handlers.o(i.__scatterload_copy)
    i.__scatterload_null                     0x08006286   Section        2  handlers.o(i.__scatterload_null)
    i.__scatterload_zeroinit                 0x08006288   Section       14  handlers.o(i.__scatterload_zeroinit)
    i.__set_errno                            0x08006298   Section        0  errno.o(i.__set_errno)
    _fp_digits                               0x080062a5   Thumb Code   366  printfa.o(i._fp_digits)
    i._fp_digits                             0x080062a4   Section        0  printfa.o(i._fp_digits)
    _printf_core                             0x08006429   Thumb Code  1744  printfa.o(i._printf_core)
    i._printf_core                           0x08006428   Section        0  printfa.o(i._printf_core)
    _printf_post_padding                     0x08006b05   Thumb Code    36  printfa.o(i._printf_post_padding)
    i._printf_post_padding                   0x08006b04   Section        0  printfa.o(i._printf_post_padding)
    _printf_pre_padding                      0x08006b29   Thumb Code    46  printfa.o(i._printf_pre_padding)
    i._printf_pre_padding                    0x08006b28   Section        0  printfa.o(i._printf_pre_padding)
    i.atan                                   0x08006b56   Section        0  atan.o(i.atan)
    i.fabs                                   0x08006b66   Section        0  fabs.o(i.fabs)
    i.puts                                   0x08006b80   Section        0  puts.o(i.puts)
    i.sqrt                                   0x08006ba4   Section        0  sqrt.o(i.sqrt)
    pS                                       0x08006c18   Data          48  asin.o(.constdata)
    .constdata                               0x08006c18   Section       80  asin.o(.constdata)
    qS                                       0x08006c48   Data          32  asin.o(.constdata)
    atanhi                                   0x08006c68   Data          32  atan.o(.constdata)
    .constdata                               0x08006c68   Section      152  atan.o(.constdata)
    atanlo                                   0x08006c88   Data          32  atan.o(.constdata)
    aTodd                                    0x08006ca8   Data          40  atan.o(.constdata)
    aTeven                                   0x08006cd0   Data          48  atan.o(.constdata)
    .constdata                               0x08006d00   Section        8  qnan.o(.constdata)
    .L__const.dmp_set_orientation.accel_axes 0x08006d08   Data           3  inv_mpu_dmp_motion_driver.o(.rodata..L__const.dmp_set_orientation.accel_axes)
    .L__const.dmp_set_orientation.gyro_axes  0x08006d0b   Data           3  inv_mpu_dmp_motion_driver.o(.rodata..L__const.dmp_set_orientation.gyro_axes)
    dmp_memory                               0x08006d26   Data        3062  inv_mpu_dmp_motion_driver.o(.rodata.dmp_memory)
    [Anonymous Symbol]                       0x08006d26   Section        0  inv_mpu_dmp_motion_driver.o(.rodata.dmp_memory)
    .L.str.3                                 0x08007943   Data          21  statemachine.o(.rodata.str1.1)
    [Anonymous Symbol]                       0x08007943   Section        0  statemachine.o(.rodata.str1.1)
    .Lstr                                    0x08007958   Data          76  inv_mpu.o(.rodata.str1.1)
    [Anonymous Symbol]                       0x08007958   Section        0  inv_mpu.o(.rodata.str1.1)
    .data                                    0x20000000   Section        4  stdout.o(.data)
    _errno                                   0x20000004   Data           4  errno.o(.data)
    .data                                    0x20000004   Section        4  errno.o(.data)
    gyro_orientation                         0x2000000c   Data           9  inv_mpu.o(.data.gyro_orientation)
    [Anonymous Symbol]                       0x2000000c   Section        0  inv_mpu.o(.data.gyro_orientation)
    st                                       0x20000018   Data          44  inv_mpu.o(.data.st)
    [Anonymous Symbol]                       0x20000018   Section        0  inv_mpu.o(.data.st)
    FSMD.0                                   0x20000050   Data           1  statemachine.o(.bss.FSMD.0)
    [Anonymous Symbol]                       0x20000050   Section        0  statemachine.o(.bss.FSMD.0)
    FSMD.1                                   0x20000051   Data           1  statemachine.o(.bss.FSMD.1)
    [Anonymous Symbol]                       0x20000051   Section        0  statemachine.o(.bss.FSMD.1)
    FSMD.2                                   0x20000052   Data           1  statemachine.o(.bss.FSMD.2)
    [Anonymous Symbol]                       0x20000052   Section        0  statemachine.o(.bss.FSMD.2)
    FSMD.3                                   0x20000053   Data           1  statemachine.o(.bss.FSMD.3)
    [Anonymous Symbol]                       0x20000053   Section        0  statemachine.o(.bss.FSMD.3)
    FSMD.4                                   0x20000054   Data           1  statemachine.o(.bss.FSMD.4)
    [Anonymous Symbol]                       0x20000054   Section        0  statemachine.o(.bss.FSMD.4)
    _flow_data_buff                          0x20000055   Data          18  opticalflow.o(.bss._flow_data_buff)
    [Anonymous Symbol]                       0x20000055   Section        0  opticalflow.o(.bss._flow_data_buff)
    _mpu_data                                0x20000068   Data          20  mpu6050.o(.bss._mpu_data)
    [Anonymous Symbol]                       0x20000068   Section        0  mpu6050.o(.bss._mpu_data)
    _opt_origin_data                         0x2000007c   Data           6  opticalflow.o(.bss._opt_origin_data)
    [Anonymous Symbol]                       0x2000007c   Section        0  opticalflow.o(.bss._opt_origin_data)
    data                                     0x20000082   Data          10  uartdriver.o(.bss.data)
    [Anonymous Symbol]                       0x20000082   Section        0  uartdriver.o(.bss.data)
    delay_list                               0x2000008c   Data         240  statemachine.o(.bss.delay_list)
    [Anonymous Symbol]                       0x2000008c   Section        0  statemachine.o(.bss.delay_list)
    dmp.0                                    0x2000017c   Data           4  inv_mpu_dmp_motion_driver.o(.bss.dmp.0)
    [Anonymous Symbol]                       0x2000017c   Section        0  inv_mpu_dmp_motion_driver.o(.bss.dmp.0)
    dmp.1                                    0x20000180   Data           4  inv_mpu_dmp_motion_driver.o(.bss.dmp.1)
    [Anonymous Symbol]                       0x20000180   Section        0  inv_mpu_dmp_motion_driver.o(.bss.dmp.1)
    dmp.2                                    0x20000184   Data           2  inv_mpu_dmp_motion_driver.o(.bss.dmp.2)
    [Anonymous Symbol]                       0x20000184   Section        0  inv_mpu_dmp_motion_driver.o(.bss.dmp.2)
    dmp.3                                    0x20000188   Data           2  inv_mpu_dmp_motion_driver.o(.bss.dmp.3)
    [Anonymous Symbol]                       0x20000188   Section        0  inv_mpu_dmp_motion_driver.o(.bss.dmp.3)
    dmp.4                                    0x2000018c   Data           2  inv_mpu_dmp_motion_driver.o(.bss.dmp.4)
    [Anonymous Symbol]                       0x2000018c   Section        0  inv_mpu_dmp_motion_driver.o(.bss.dmp.4)
    dmp.5                                    0x2000018e   Data           1  inv_mpu_dmp_motion_driver.o(.bss.dmp.5)
    [Anonymous Symbol]                       0x2000018e   Section        0  inv_mpu_dmp_motion_driver.o(.bss.dmp.5)
    ltime                                    0x20000374   Data           4  statemachine.o(.bss.ltime)
    [Anonymous Symbol]                       0x20000374   Section        0  statemachine.o(.bss.ltime)
    mpudata                                  0x20000378   Data          20  statemachine.o(.bss.mpudata)
    [Anonymous Symbol]                       0x20000378   Section        0  statemachine.o(.bss.mpudata)
    optdata                                  0x2000038c   Data           6  statemachine.o(.bss.optdata)
    [Anonymous Symbol]                       0x2000038c   Section        0  statemachine.o(.bss.optdata)
    testtime                                 0x20000394   Data           4  statemachine.o(.bss.testtime)
    [Anonymous Symbol]                       0x20000394   Section        0  statemachine.o(.bss.testtime)
    testtime2                                0x20000398   Data           4  statemachine.o(.bss.testtime2)
    [Anonymous Symbol]                       0x20000398   Section        0  statemachine.o(.bss.testtime2)
    udata.0                                  0x2000039c   Data           1  uartdriver.o(.bss.udata.0)
    [Anonymous Symbol]                       0x2000039c   Section        0  uartdriver.o(.bss.udata.0)
    udata.1                                  0x2000039d   Data           1  uartdriver.o(.bss.udata.1)
    [Anonymous Symbol]                       0x2000039d   Section        0  uartdriver.o(.bss.udata.1)
    udata.2                                  0x2000039e   Data           1  uartdriver.o(.bss.udata.2)
    [Anonymous Symbol]                       0x2000039e   Section        0  uartdriver.o(.bss.udata.2)
    udata.3                                  0x2000039f   Data           1  uartdriver.o(.bss.udata.3)
    [Anonymous Symbol]                       0x2000039f   Section        0  uartdriver.o(.bss.udata.3)
    udata.4                                  0x200003a0   Data           1  uartdriver.o(.bss.udata.4)
    [Anonymous Symbol]                       0x200003a0   Section        0  uartdriver.o(.bss.udata.4)
    STACK                                    0x200003a8   Section     1024  startup_stm32f401xc.o(STACK)

    Global Symbols

    Symbol Name                              Value     Ov Type        Size  Object(Section)

    BuildAttributes$$THM_ISAv4$E$P$D$K$B$S$7EM$VFPi3$EXTD16$VFPS$VFMA$PE$A:L22UL41UL21$X:L11$S22US41US21$IEEE1$IW$~IW$USESV6$~STKCKD$USESV7$~SHL$OTIME$ROPI$IEEEX$EBA8$MICROLIB$REQ8$PRES8$EABIv2 0x00000000   Number         0  anon$$obj.o ABSOLUTE
    _printf_a                                0x00000000   Number         0  printfstubs.o ABSOLUTE
    _printf_c                                0x00000000   Number         0  printfstubs.o ABSOLUTE
    _printf_charcount                        0x00000000   Number         0  printfstubs.o ABSOLUTE
    _printf_d                                0x00000000   Number         0  printfstubs.o ABSOLUTE
    _printf_e                                0x00000000   Number         0  printfstubs.o ABSOLUTE
    _printf_f                                0x00000000   Number         0  printfstubs.o ABSOLUTE
    _printf_flags                            0x00000000   Number         0  printfstubs.o ABSOLUTE
    _printf_fp_dec                           0x00000000   Number         0  printfstubs.o ABSOLUTE
    _printf_fp_hex                           0x00000000   Number         0  printfstubs.o ABSOLUTE
    _printf_g                                0x00000000   Number         0  printfstubs.o ABSOLUTE
    _printf_i                                0x00000000   Number         0  printfstubs.o ABSOLUTE
    _printf_int_dec                          0x00000000   Number         0  printfstubs.o ABSOLUTE
    _printf_l                                0x00000000   Number         0  printfstubs.o ABSOLUTE
    _printf_lc                               0x00000000   Number         0  printfstubs.o ABSOLUTE
    _printf_ll                               0x00000000   Number         0  printfstubs.o ABSOLUTE
    _printf_lld                              0x00000000   Number         0  printfstubs.o ABSOLUTE
    _printf_lli                              0x00000000   Number         0  printfstubs.o ABSOLUTE
    _printf_llo                              0x00000000   Number         0  printfstubs.o ABSOLUTE
    _printf_llu                              0x00000000   Number         0  printfstubs.o ABSOLUTE
    _printf_llx                              0x00000000   Number         0  printfstubs.o ABSOLUTE
    _printf_longlong_dec                     0x00000000   Number         0  printfstubs.o ABSOLUTE
    _printf_longlong_hex                     0x00000000   Number         0  printfstubs.o ABSOLUTE
    _printf_longlong_oct                     0x00000000   Number         0  printfstubs.o ABSOLUTE
    _printf_ls                               0x00000000   Number         0  printfstubs.o ABSOLUTE
    _printf_mbtowc                           0x00000000   Number         0  printfstubs.o ABSOLUTE
    _printf_n                                0x00000000   Number         0  printfstubs.o ABSOLUTE
    _printf_o                                0x00000000   Number         0  printfstubs.o ABSOLUTE
    _printf_p                                0x00000000   Number         0  printfstubs.o ABSOLUTE
    _printf_percent                          0x00000000   Number         0  printfstubs.o ABSOLUTE
    _printf_pre_padding                      0x00000000   Number         0  printfstubs.o ABSOLUTE
    _printf_return_value                     0x00000000   Number         0  printfstubs.o ABSOLUTE
    _printf_s                                0x00000000   Number         0  printfstubs.o ABSOLUTE
    _printf_sizespec                         0x00000000   Number         0  printfstubs.o ABSOLUTE
    _printf_str                              0x00000000   Number         0  printfstubs.o ABSOLUTE
    _printf_truncate_signed                  0x00000000   Number         0  printfstubs.o ABSOLUTE
    _printf_truncate_unsigned                0x00000000   Number         0  printfstubs.o ABSOLUTE
    _printf_u                                0x00000000   Number         0  printfstubs.o ABSOLUTE
    _printf_wc                               0x00000000   Number         0  printfstubs.o ABSOLUTE
    _printf_wctomb                           0x00000000   Number         0  printfstubs.o ABSOLUTE
    _printf_widthprec                        0x00000000   Number         0  printfstubs.o ABSOLUTE
    _printf_x                                0x00000000   Number         0  printfstubs.o ABSOLUTE
    __cpp_initialize__aeabi_                  - Undefined Weak Reference
    __cxa_finalize                            - Undefined Weak Reference
    __decompress                              - Undefined Weak Reference
    _clock_init                               - Undefined Weak Reference
    _microlib_exit                            - Undefined Weak Reference
    __Vectors_Size                           0x00000194   Number         0  startup_stm32f401xc.o ABSOLUTE
    __Vectors                                0x08000000   Data           4  startup_stm32f401xc.o(RESET)
    __Vectors_End                            0x08000194   Data           0  startup_stm32f401xc.o(RESET)
    __main                                   0x08000195   Thumb Code     0  entry.o(.ARM.Collect$$$$00000000)
    _main_stk                                0x08000195   Thumb Code     0  entry2.o(.ARM.Collect$$$$00000001)
    _main_scatterload                        0x08000199   Thumb Code     0  entry5.o(.ARM.Collect$$$$00000004)
    __main_after_scatterload                 0x0800019d   Thumb Code     0  entry5.o(.ARM.Collect$$$$00000004)
    _main_clock                              0x0800019d   Thumb Code     0  entry7b.o(.ARM.Collect$$$$00000008)
    _main_cpp_init                           0x0800019d   Thumb Code     0  entry8b.o(.ARM.Collect$$$$0000000A)
    _main_init                               0x0800019d   Thumb Code     0  entry9a.o(.ARM.Collect$$$$0000000B)
    __rt_final_cpp                           0x080001a5   Thumb Code     0  entry10a.o(.ARM.Collect$$$$0000000D)
    __rt_final_exit                          0x080001a5   Thumb Code     0  entry11a.o(.ARM.Collect$$$$0000000F)
    Reset_Handler                            0x080001a9   Thumb Code     8  startup_stm32f401xc.o(.text)
    ADC_IRQHandler                           0x080001c3   Thumb Code     0  startup_stm32f401xc.o(.text)
    DMA1_Stream0_IRQHandler                  0x080001c3   Thumb Code     0  startup_stm32f401xc.o(.text)
    DMA1_Stream1_IRQHandler                  0x080001c3   Thumb Code     0  startup_stm32f401xc.o(.text)
    DMA1_Stream2_IRQHandler                  0x080001c3   Thumb Code     0  startup_stm32f401xc.o(.text)
    DMA1_Stream3_IRQHandler                  0x080001c3   Thumb Code     0  startup_stm32f401xc.o(.text)
    DMA1_Stream4_IRQHandler                  0x080001c3   Thumb Code     0  startup_stm32f401xc.o(.text)
    DMA1_Stream7_IRQHandler                  0x080001c3   Thumb Code     0  startup_stm32f401xc.o(.text)
    DMA2_Stream0_IRQHandler                  0x080001c3   Thumb Code     0  startup_stm32f401xc.o(.text)
    DMA2_Stream1_IRQHandler                  0x080001c3   Thumb Code     0  startup_stm32f401xc.o(.text)
    DMA2_Stream2_IRQHandler                  0x080001c3   Thumb Code     0  startup_stm32f401xc.o(.text)
    DMA2_Stream3_IRQHandler                  0x080001c3   Thumb Code     0  startup_stm32f401xc.o(.text)
    DMA2_Stream4_IRQHandler                  0x080001c3   Thumb Code     0  startup_stm32f401xc.o(.text)
    DMA2_Stream5_IRQHandler                  0x080001c3   Thumb Code     0  startup_stm32f401xc.o(.text)
    DMA2_Stream6_IRQHandler                  0x080001c3   Thumb Code     0  startup_stm32f401xc.o(.text)
    DMA2_Stream7_IRQHandler                  0x080001c3   Thumb Code     0  startup_stm32f401xc.o(.text)
    EXTI0_IRQHandler                         0x080001c3   Thumb Code     0  startup_stm32f401xc.o(.text)
    EXTI15_10_IRQHandler                     0x080001c3   Thumb Code     0  startup_stm32f401xc.o(.text)
    EXTI1_IRQHandler                         0x080001c3   Thumb Code     0  startup_stm32f401xc.o(.text)
    EXTI2_IRQHandler                         0x080001c3   Thumb Code     0  startup_stm32f401xc.o(.text)
    EXTI3_IRQHandler                         0x080001c3   Thumb Code     0  startup_stm32f401xc.o(.text)
    EXTI4_IRQHandler                         0x080001c3   Thumb Code     0  startup_stm32f401xc.o(.text)
    EXTI9_5_IRQHandler                       0x080001c3   Thumb Code     0  startup_stm32f401xc.o(.text)
    FLASH_IRQHandler                         0x080001c3   Thumb Code     0  startup_stm32f401xc.o(.text)
    FPU_IRQHandler                           0x080001c3   Thumb Code     0  startup_stm32f401xc.o(.text)
    I2C1_ER_IRQHandler                       0x080001c3   Thumb Code     0  startup_stm32f401xc.o(.text)
    I2C1_EV_IRQHandler                       0x080001c3   Thumb Code     0  startup_stm32f401xc.o(.text)
    I2C2_ER_IRQHandler                       0x080001c3   Thumb Code     0  startup_stm32f401xc.o(.text)
    I2C2_EV_IRQHandler                       0x080001c3   Thumb Code     0  startup_stm32f401xc.o(.text)
    I2C3_ER_IRQHandler                       0x080001c3   Thumb Code     0  startup_stm32f401xc.o(.text)
    I2C3_EV_IRQHandler                       0x080001c3   Thumb Code     0  startup_stm32f401xc.o(.text)
    OTG_FS_IRQHandler                        0x080001c3   Thumb Code     0  startup_stm32f401xc.o(.text)
    OTG_FS_WKUP_IRQHandler                   0x080001c3   Thumb Code     0  startup_stm32f401xc.o(.text)
    PVD_IRQHandler                           0x080001c3   Thumb Code     0  startup_stm32f401xc.o(.text)
    RCC_IRQHandler                           0x080001c3   Thumb Code     0  startup_stm32f401xc.o(.text)
    RTC_Alarm_IRQHandler                     0x080001c3   Thumb Code     0  startup_stm32f401xc.o(.text)
    RTC_WKUP_IRQHandler                      0x080001c3   Thumb Code     0  startup_stm32f401xc.o(.text)
    SDIO_IRQHandler                          0x080001c3   Thumb Code     0  startup_stm32f401xc.o(.text)
    SPI1_IRQHandler                          0x080001c3   Thumb Code     0  startup_stm32f401xc.o(.text)
    SPI2_IRQHandler                          0x080001c3   Thumb Code     0  startup_stm32f401xc.o(.text)
    SPI3_IRQHandler                          0x080001c3   Thumb Code     0  startup_stm32f401xc.o(.text)
    SPI4_IRQHandler                          0x080001c3   Thumb Code     0  startup_stm32f401xc.o(.text)
    TAMP_STAMP_IRQHandler                    0x080001c3   Thumb Code     0  startup_stm32f401xc.o(.text)
    TIM1_CC_IRQHandler                       0x080001c3   Thumb Code     0  startup_stm32f401xc.o(.text)
    TIM1_TRG_COM_TIM11_IRQHandler            0x080001c3   Thumb Code     0  startup_stm32f401xc.o(.text)
    TIM1_UP_TIM10_IRQHandler                 0x080001c3   Thumb Code     0  startup_stm32f401xc.o(.text)
    TIM2_IRQHandler                          0x080001c3   Thumb Code     0  startup_stm32f401xc.o(.text)
    TIM3_IRQHandler                          0x080001c3   Thumb Code     0  startup_stm32f401xc.o(.text)
    TIM4_IRQHandler                          0x080001c3   Thumb Code     0  startup_stm32f401xc.o(.text)
    TIM5_IRQHandler                          0x080001c3   Thumb Code     0  startup_stm32f401xc.o(.text)
    USART1_IRQHandler                        0x080001c3   Thumb Code     0  startup_stm32f401xc.o(.text)
    USART2_IRQHandler                        0x080001c3   Thumb Code     0  startup_stm32f401xc.o(.text)
    USART6_IRQHandler                        0x080001c3   Thumb Code     0  startup_stm32f401xc.o(.text)
    WWDG_IRQHandler                          0x080001c3   Thumb Code     0  startup_stm32f401xc.o(.text)
    __aeabi_uldivmod                         0x080001cd   Thumb Code    98  uldiv.o(.text)
    __aeabi_ldivmod                          0x0800022f   Thumb Code    98  ldiv.o(.text)
    __aeabi_memset                           0x08000291   Thumb Code    14  memseta.o(.text)
    __aeabi_memset4                          0x08000291   Thumb Code     0  memseta.o(.text)
    __aeabi_memset8                          0x08000291   Thumb Code     0  memseta.o(.text)
    __aeabi_memclr                           0x0800029f   Thumb Code     4  memseta.o(.text)
    __aeabi_memclr4                          0x0800029f   Thumb Code     0  memseta.o(.text)
    __aeabi_memclr8                          0x0800029f   Thumb Code     0  memseta.o(.text)
    _memset$wrapper                          0x080002a3   Thumb Code    18  memseta.o(.text)
    memcmp                                   0x080002b5   Thumb Code    26  memcmp.o(.text)
    __aeabi_dadd                             0x080002cf   Thumb Code   322  dadd.o(.text)
    __aeabi_dsub                             0x08000411   Thumb Code     6  dadd.o(.text)
    __aeabi_drsub                            0x08000417   Thumb Code     6  dadd.o(.text)
    __aeabi_dmul                             0x0800041d   Thumb Code   228  dmul.o(.text)
    __aeabi_ddiv                             0x08000501   Thumb Code   222  ddiv.o(.text)
    __aeabi_i2d                              0x080005df   Thumb Code    34  dflti.o(.text)
    __aeabi_f2d                              0x08000601   Thumb Code    38  f2d.o(.text)
    __aeabi_d2f                              0x08000627   Thumb Code    56  d2f.o(.text)
    __aeabi_uidiv                            0x0800065f   Thumb Code     0  uidiv.o(.text)
    __aeabi_uidivmod                         0x0800065f   Thumb Code    44  uidiv.o(.text)
    __aeabi_llsl                             0x0800068b   Thumb Code    30  llshl.o(.text)
    _ll_shift_l                              0x0800068b   Thumb Code     0  llshl.o(.text)
    __aeabi_llsr                             0x080006a9   Thumb Code    32  llushr.o(.text)
    _ll_ushift_r                             0x080006a9   Thumb Code     0  llushr.o(.text)
    __aeabi_lasr                             0x080006c9   Thumb Code    36  llsshr.o(.text)
    _ll_sshift_r                             0x080006c9   Thumb Code     0  llsshr.o(.text)
    __I$use$fp                               0x080006ed   Thumb Code     0  iusefp.o(.text)
    _float_round                             0x080006ed   Thumb Code    18  fepilogue.o(.text)
    _float_epilogue                          0x080006ff   Thumb Code    92  fepilogue.o(.text)
    _double_round                            0x0800075b   Thumb Code    30  depilogue.o(.text)
    _double_epilogue                         0x08000779   Thumb Code   156  depilogue.o(.text)
    __aeabi_d2ulz                            0x08000815   Thumb Code    48  dfixul.o(.text)
    __aeabi_cdcmpeq                          0x08000845   Thumb Code     0  cdcmple.o(.text)
    __aeabi_cdcmple                          0x08000845   Thumb Code    48  cdcmple.o(.text)
    __aeabi_cdrcmple                         0x08000875   Thumb Code    48  cdrcmple.o(.text)
    __scatterload                            0x080008a5   Thumb Code    28  init.o(.text)
    __scatterload_rt2                        0x080008a5   Thumb Code     0  init.o(.text)
    _dsqrt                                   0x080008c9   Thumb Code   162  dsqrt.o(.text)
    BusFault_Handler                         0x0800096d   Thumb Code     2  stm32f4xx_it.o(.text.BusFault_Handler)
    CallTask                                 0x08000971   Thumb Code   172  statemachine.o(.text.CallTask)
    DMA1_Stream5_IRQHandler                  0x08000a79   Thumb Code    16  stm32f4xx_it.o(.text.DMA1_Stream5_IRQHandler)
    DMA1_Stream6_IRQHandler                  0x08000a89   Thumb Code    16  stm32f4xx_it.o(.text.DMA1_Stream6_IRQHandler)
    DebugMon_Handler                         0x08000b55   Thumb Code     2  stm32f4xx_it.o(.text.DebugMon_Handler)
    DelayListInit                            0x08000b59   Thumb Code    28  statemachine.o(.text.DelayListInit)
    DelayMs                                  0x08000b75   Thumb Code   248  statemachine.o(.text.DelayMs)
    Error_Handler                            0x08000c85   Thumb Code    10  main.o(.text.Error_Handler)
    GetIntervalTime                          0x08000c91   Thumb Code    20  statemachine.o(.text.GetIntervalTime)
    Get_MPU_Data                             0x08000ca5   Thumb Code    24  mpu6050.o(.text.Get_MPU_Data)
    Get_Opt_Data                             0x08000cbd   Thumb Code    18  opticalflow.o(.text.Get_Opt_Data)
    HAL_DMA_IRQHandler                       0x08000cd1   Thumb Code   396  stm32f4xx_hal_dma.o(.text.HAL_DMA_IRQHandler)
    HAL_DMA_Init                             0x08000e5d   Thumb Code   206  stm32f4xx_hal_dma.o(.text.HAL_DMA_Init)
    HAL_DMA_Start_IT                         0x08000f2d   Thumb Code    98  stm32f4xx_hal_dma.o(.text.HAL_DMA_Start_IT)
    HAL_Delay                                0x08000f91   Thumb Code    40  stm32f4xx_hal.o(.text.HAL_Delay)
    HAL_GPIO_Init                            0x08000fb9   Thumb Code   410  stm32f4xx_hal_gpio.o(.text.HAL_GPIO_Init)
    HAL_GetTick                              0x08001155   Thumb Code    12  stm32f4xx_hal.o(.text.HAL_GetTick)
    HAL_I2C_Init                             0x08001161   Thumb Code   408  stm32f4xx_hal_i2c.o(.text.HAL_I2C_Init)
    HAL_I2C_Mem_Read                         0x080012f9   Thumb Code   526  stm32f4xx_hal_i2c.o(.text.HAL_I2C_Mem_Read)
    HAL_I2C_Mem_Write                        0x08001509   Thumb Code   298  stm32f4xx_hal_i2c.o(.text.HAL_I2C_Mem_Write)
    HAL_I2C_MspInit                          0x08001635   Thumb Code   154  i2c.o(.text.HAL_I2C_MspInit)
    HAL_IncTick                              0x080016d1   Thumb Code    26  stm32f4xx_hal.o(.text.HAL_IncTick)
    HAL_Init                                 0x080016ed   Thumb Code    54  stm32f4xx_hal.o(.text.HAL_Init)
    HAL_InitTick                             0x08001725   Thumb Code    80  stm32f4xx_hal.o(.text.HAL_InitTick)
    HAL_MspInit                              0x08001775   Thumb Code    56  stm32f4xx_hal_msp.o(.text.HAL_MspInit)
    HAL_NVIC_EnableIRQ                       0x080017ad   Thumb Code     8  stm32f4xx_hal_cortex.o(.text.HAL_NVIC_EnableIRQ)
    HAL_NVIC_SetPriority                     0x080017b5   Thumb Code    30  stm32f4xx_hal_cortex.o(.text.HAL_NVIC_SetPriority)
    HAL_NVIC_SetPriorityGrouping             0x080017d5   Thumb Code     8  stm32f4xx_hal_cortex.o(.text.HAL_NVIC_SetPriorityGrouping)
    HAL_RCC_ClockConfig                      0x080017dd   Thumb Code   352  stm32f4xx_hal_rcc.o(.text.HAL_RCC_ClockConfig)
    HAL_RCC_GetHCLKFreq                      0x0800193d   Thumb Code    12  stm32f4xx_hal_rcc.o(.text.HAL_RCC_GetHCLKFreq)
    HAL_RCC_GetPCLK1Freq                     0x08001949   Thumb Code    34  stm32f4xx_hal_rcc.o(.text.HAL_RCC_GetPCLK1Freq)
    HAL_RCC_GetPCLK2Freq                     0x0800196d   Thumb Code    34  stm32f4xx_hal_rcc.o(.text.HAL_RCC_GetPCLK2Freq)
    HAL_RCC_GetSysClockFreq                  0x08001991   Thumb Code   104  stm32f4xx_hal_rcc.o(.text.HAL_RCC_GetSysClockFreq)
    HAL_RCC_OscConfig                        0x080019f9   Thumb Code   840  stm32f4xx_hal_rcc.o(.text.HAL_RCC_OscConfig)
    HAL_SYSTICK_Config                       0x08001d41   Thumb Code     8  stm32f4xx_hal_cortex.o(.text.HAL_SYSTICK_Config)
    HAL_TIMEx_BreakCallback                  0x08001d49   Thumb Code     2  stm32f4xx_hal_tim_ex.o(.text.HAL_TIMEx_BreakCallback)
    HAL_TIMEx_CommutCallback                 0x08001d4d   Thumb Code     2  stm32f4xx_hal_tim_ex.o(.text.HAL_TIMEx_CommutCallback)
    HAL_TIM_Base_Init                        0x08001d51   Thumb Code    90  stm32f4xx_hal_tim.o(.text.HAL_TIM_Base_Init)
    HAL_TIM_Base_MspInit                     0x08001dad   Thumb Code    72  tim.o(.text.HAL_TIM_Base_MspInit)
    HAL_TIM_ConfigClockSource                0x08001df5   Thumb Code   222  stm32f4xx_hal_tim.o(.text.HAL_TIM_ConfigClockSource)
    HAL_TIM_IC_CaptureCallback               0x08001ed5   Thumb Code     2  stm32f4xx_hal_tim.o(.text.HAL_TIM_IC_CaptureCallback)
    HAL_TIM_IRQHandler                       0x08001ed9   Thumb Code   362  stm32f4xx_hal_tim.o(.text.HAL_TIM_IRQHandler)
    HAL_TIM_OC_DelayElapsedCallback          0x08002045   Thumb Code     2  stm32f4xx_hal_tim.o(.text.HAL_TIM_OC_DelayElapsedCallback)
    HAL_TIM_PWM_PulseFinishedCallback        0x08002049   Thumb Code     2  stm32f4xx_hal_tim.o(.text.HAL_TIM_PWM_PulseFinishedCallback)
    HAL_TIM_PeriodElapsedCallback            0x0800204d   Thumb Code     2  stm32f4xx_hal_tim.o(.text.HAL_TIM_PeriodElapsedCallback)
    HAL_TIM_TriggerCallback                  0x08002051   Thumb Code     2  stm32f4xx_hal_tim.o(.text.HAL_TIM_TriggerCallback)
    HAL_UARTEx_RxEventCallback               0x08002055   Thumb Code     2  stm32f4xx_hal_uart.o(.text.HAL_UARTEx_RxEventCallback)
    HAL_UART_ErrorCallback                   0x08002059   Thumb Code     2  stm32f4xx_hal_uart.o(.text.HAL_UART_ErrorCallback)
    HAL_UART_Init                            0x0800205d   Thumb Code    94  stm32f4xx_hal_uart.o(.text.HAL_UART_Init)
    HAL_UART_MspInit                         0x080020bd   Thumb Code   346  usart.o(.text.HAL_UART_MspInit)
    HAL_UART_Receive_DMA                     0x08002219   Thumb Code    56  stm32f4xx_hal_uart.o(.text.HAL_UART_Receive_DMA)
    HAL_UART_RxCpltCallback                  0x08002251   Thumb Code     2  stm32f4xx_hal_uart.o(.text.HAL_UART_RxCpltCallback)
    HAL_UART_RxHalfCpltCallback              0x08002255   Thumb Code     2  stm32f4xx_hal_uart.o(.text.HAL_UART_RxHalfCpltCallback)
    HAL_UART_Transmit                        0x08002259   Thumb Code   204  stm32f4xx_hal_uart.o(.text.HAL_UART_Transmit)
    HAL_UART_Transmit_DMA                    0x08002325   Thumb Code   140  stm32f4xx_hal_uart.o(.text.HAL_UART_Transmit_DMA)
    HAL_UART_TxCpltCallback                  0x080023b1   Thumb Code     2  stm32f4xx_hal_uart.o(.text.HAL_UART_TxCpltCallback)
    HAL_UART_TxHalfCpltCallback              0x080023b5   Thumb Code     2  stm32f4xx_hal_uart.o(.text.HAL_UART_TxHalfCpltCallback)
    HardFault_Handler                        0x080023b9   Thumb Code     2  stm32f4xx_it.o(.text.HardFault_Handler)
    MPU_Get_Accelerometer                    0x080027d9   Thumb Code    64  mpu6050.o(.text.MPU_Get_Accelerometer)
    MPU_Get_Temperature                      0x08002819   Thumb Code   100  mpu6050.o(.text.MPU_Get_Temperature)
    MPU_Init                                 0x0800287d   Thumb Code   106  mpu6050.o(.text.MPU_Init)
    MPU_Read_Byte                            0x080028e9   Thumb Code    48  mpuiic.o(.text.MPU_Read_Byte)
    MPU_Read_Len                             0x08002919   Thumb Code    48  mpuiic.o(.text.MPU_Read_Len)
    MPU_Set_Accel_Fsr                        0x08002949   Thumb Code    14  mpu6050.o(.text.MPU_Set_Accel_Fsr)
    MPU_Set_Gyro_Fsr                         0x08002959   Thumb Code    14  mpu6050.o(.text.MPU_Set_Gyro_Fsr)
    MPU_Set_LPF                              0x08002969   Thumb Code    50  mpu6050.o(.text.MPU_Set_LPF)
    MPU_Set_Rate                             0x0800299d   Thumb Code    44  mpu6050.o(.text.MPU_Set_Rate)
    MPU_Write_Byte                           0x080029c9   Thumb Code    48  mpuiic.o(.text.MPU_Write_Byte)
    MPU_Write_Len                            0x080029f9   Thumb Code    42  mpuiic.o(.text.MPU_Write_Len)
    MX_DMA_Init                              0x08002a25   Thumb Code    70  dma.o(.text.MX_DMA_Init)
    MX_GPIO_Init                             0x08002a6d   Thumb Code    76  gpio.o(.text.MX_GPIO_Init)
    MX_I2C2_Init                             0x08002ab9   Thumb Code    62  i2c.o(.text.MX_I2C2_Init)
    MX_TIM9_Init                             0x08002af9   Thumb Code    94  tim.o(.text.MX_TIM9_Init)
    MX_USART1_UART_Init                      0x08002b59   Thumb Code    56  usart.o(.text.MX_USART1_UART_Init)
    MX_USART2_UART_Init                      0x08002b91   Thumb Code    62  usart.o(.text.MX_USART2_UART_Init)
    MemManage_Handler                        0x08002bd1   Thumb Code     2  stm32f4xx_it.o(.text.MemManage_Handler)
    NMI_Handler                              0x08002bd5   Thumb Code     2  stm32f4xx_it.o(.text.NMI_Handler)
    Opt_init                                 0x08002c05   Thumb Code    26  opticalflow.o(.text.Opt_init)
    PendSV_Handler                           0x08002c21   Thumb Code     2  stm32f4xx_it.o(.text.PendSV_Handler)
    SVC_Handler                              0x08002c25   Thumb Code     2  stm32f4xx_it.o(.text.SVC_Handler)
    SendOnePackage                           0x08002c29   Thumb Code    42  uartdriver.o(.text.SendOnePackage)
    SysTick_Handler                          0x08002c85   Thumb Code     8  stm32f4xx_it.o(.text.SysTick_Handler)
    SystemClock_Config                       0x08002c8d   Thumb Code   160  main.o(.text.SystemClock_Config)
    SystemInit                               0x08002d2d   Thumb Code    18  system_stm32f4xx.o(.text.SystemInit)
    TIM1_BRK_TIM9_IRQHandler                 0x08002d41   Thumb Code    16  stm32f4xx_it.o(.text.TIM1_BRK_TIM9_IRQHandler)
    TIM_Base_SetConfig                       0x08002d51   Thumb Code   218  stm32f4xx_hal_tim.o(.text.TIM_Base_SetConfig)
    TIM_ETR_SetConfig                        0x08002e2d   Thumb Code    22  stm32f4xx_hal_tim.o(.text.TIM_ETR_SetConfig)
    UART_Start_Receive_DMA                   0x08003119   Thumb Code   154  stm32f4xx_hal_uart.o(.text.UART_Start_Receive_DMA)
    UpdateOptData                            0x08003231   Thumb Code     8  opticalflow.o(.text.UpdateOptData)
    UpdatePackage                            0x08003239   Thumb Code   112  uartdriver.o(.text.UpdatePackage)
    UpdateState                              0x080032a9   Thumb Code   124  statemachine.o(.text.UpdateState)
    UpdateTime                               0x08003325   Thumb Code    18  statemachine.o(.text.UpdateTime)
    Update_MPU_Data                          0x08003339   Thumb Code    46  mpu6050.o(.text.Update_MPU_Data)
    UsageFault_Handler                       0x08003369   Thumb Code     2  stm32f4xx_it.o(.text.UsageFault_Handler)
    WritePitch_SD                            0x0800336d   Thumb Code    12  uartdriver.o(.text.WritePitch_SD)
    WriteRoll_SD                             0x08003379   Thumb Code    12  uartdriver.o(.text.WriteRoll_SD)
    WriteThrottle_SD                         0x08003385   Thumb Code    12  uartdriver.o(.text.WriteThrottle_SD)
    dmp_enable_6x_lp_quat                    0x0800355d   Thumb Code    42  inv_mpu_dmp_motion_driver.o(.text.dmp_enable_6x_lp_quat)
    dmp_enable_feature                       0x08003589   Thumb Code   470  inv_mpu_dmp_motion_driver.o(.text.dmp_enable_feature)
    dmp_enable_gyro_cal                      0x08003761   Thumb Code    74  inv_mpu_dmp_motion_driver.o(.text.dmp_enable_gyro_cal)
    dmp_enable_lp_quat                       0x080037ad   Thumb Code    42  inv_mpu_dmp_motion_driver.o(.text.dmp_enable_lp_quat)
    dmp_load_motion_driver_firmware          0x080037d9   Thumb Code    26  inv_mpu_dmp_motion_driver.o(.text.dmp_load_motion_driver_firmware)
    dmp_read_fifo                            0x080037f5   Thumb Code   426  inv_mpu_dmp_motion_driver.o(.text.dmp_read_fifo)
    dmp_set_accel_bias                       0x080039a1   Thumb Code   190  inv_mpu_dmp_motion_driver.o(.text.dmp_set_accel_bias)
    dmp_set_fifo_rate                        0x08003a61   Thumb Code   108  inv_mpu_dmp_motion_driver.o(.text.dmp_set_fifo_rate)
    dmp_set_gyro_bias                        0x08003acd   Thumb Code   196  inv_mpu_dmp_motion_driver.o(.text.dmp_set_gyro_bias)
    dmp_set_orientation                      0x08003b91   Thumb Code   272  inv_mpu_dmp_motion_driver.o(.text.dmp_set_orientation)
    dmp_set_shake_reject_thresh              0x08003ca1   Thumb Code    44  inv_mpu_dmp_motion_driver.o(.text.dmp_set_shake_reject_thresh)
    dmp_set_shake_reject_time                0x08003ccd   Thumb Code    42  inv_mpu_dmp_motion_driver.o(.text.dmp_set_shake_reject_time)
    dmp_set_shake_reject_timeout             0x08003cf9   Thumb Code    42  inv_mpu_dmp_motion_driver.o(.text.dmp_set_shake_reject_timeout)
    dmp_set_tap_axes                         0x08003d25   Thumb Code    62  inv_mpu_dmp_motion_driver.o(.text.dmp_set_tap_axes)
    dmp_set_tap_count                        0x08003d65   Thumb Code    40  inv_mpu_dmp_motion_driver.o(.text.dmp_set_tap_count)
    dmp_set_tap_thresh                       0x08003d8d   Thumb Code   328  inv_mpu_dmp_motion_driver.o(.text.dmp_set_tap_thresh)
    dmp_set_tap_time                         0x08003ed5   Thumb Code    42  inv_mpu_dmp_motion_driver.o(.text.dmp_set_tap_time)
    dmp_set_tap_time_multi                   0x08003f01   Thumb Code    42  inv_mpu_dmp_motion_driver.o(.text.dmp_set_tap_time_multi)
    fputc                                    0x08003f2d   Thumb Code    32  print.o(.text.fputc)
    inv_orientation_matrix_to_scalar         0x08004475   Thumb Code    34  inv_mpu.o(.text.inv_orientation_matrix_to_scalar)
    inv_row_2_scale                          0x08004499   Thumb Code    58  inv_mpu.o(.text.inv_row_2_scale)
    loop                                     0x080044d5   Thumb Code   180  statemachine.o(.text.loop)
    main                                     0x08004591   Thumb Code    38  main.o(.text.main)
    mget_ms                                  0x080045b9   Thumb Code     2  inv_mpu.o(.text.mget_ms)
    mpu_configure_fifo                       0x080045bd   Thumb Code    86  inv_mpu.o(.text.mpu_configure_fifo)
    mpu_dmp_get_data                         0x08004619   Thumb Code   396  inv_mpu.o(.text.mpu_dmp_get_data)
    mpu_dmp_init                             0x080047a5   Thumb Code   142  inv_mpu.o(.text.mpu_dmp_init)
    mpu_get_accel_fsr                        0x08004835   Thumb Code    56  inv_mpu.o(.text.mpu_get_accel_fsr)
    mpu_get_accel_sens                       0x0800486d   Thumb Code    74  inv_mpu.o(.text.mpu_get_accel_sens)
    mpu_get_fifo_config                      0x080048b9   Thumb Code    18  inv_mpu.o(.text.mpu_get_fifo_config)
    mpu_get_gyro_fsr                         0x080048cd   Thumb Code    52  inv_mpu.o(.text.mpu_get_gyro_fsr)
    mpu_get_gyro_sens                        0x08004901   Thumb Code    52  inv_mpu.o(.text.mpu_get_gyro_sens)
    mpu_get_lpf                              0x08004935   Thumb Code    58  inv_mpu.o(.text.mpu_get_lpf)
    mpu_get_sample_rate                      0x08004971   Thumb Code    30  inv_mpu.o(.text.mpu_get_sample_rate)
    mpu_init                                 0x08004991   Thumb Code   356  inv_mpu.o(.text.mpu_init)
    mpu_load_firmware                        0x08004b15   Thumb Code   198  inv_mpu.o(.text.mpu_load_firmware)
    mpu_lp_accel_mode                        0x08004bdd   Thumb Code   202  inv_mpu.o(.text.mpu_lp_accel_mode)
    mpu_read_fifo_stream                     0x08004ca9   Thumb Code   168  inv_mpu.o(.text.mpu_read_fifo_stream)
    mpu_read_mem                             0x08004d51   Thumb Code   100  inv_mpu.o(.text.mpu_read_mem)
    mpu_reset_fifo                           0x08004db5   Thumb Code   384  inv_mpu.o(.text.mpu_reset_fifo)
    mpu_run_self_test                        0x08004f35   Thumb Code   262  inv_mpu.o(.text.mpu_run_self_test)
    mpu_set_accel_fsr                        0x0800503d   Thumb Code   120  inv_mpu.o(.text.mpu_set_accel_fsr)
    mpu_set_bypass                           0x080050b5   Thumb Code   234  inv_mpu.o(.text.mpu_set_bypass)
    mpu_set_dmp_state                        0x080051a1   Thumb Code   140  inv_mpu.o(.text.mpu_set_dmp_state)
    mpu_set_gyro_fsr                         0x0800522d   Thumb Code   128  inv_mpu.o(.text.mpu_set_gyro_fsr)
    mpu_set_int_latched                      0x080052ad   Thumb Code   102  inv_mpu.o(.text.mpu_set_int_latched)
    mpu_set_lpf                              0x08005315   Thumb Code   110  inv_mpu.o(.text.mpu_set_lpf)
    mpu_set_sample_rate                      0x08005385   Thumb Code   138  inv_mpu.o(.text.mpu_set_sample_rate)
    mpu_set_sensors                          0x08005411   Thumb Code   188  inv_mpu.o(.text.mpu_set_sensors)
    mpu_write_mem                            0x080054cd   Thumb Code   100  inv_mpu.o(.text.mpu_write_mem)
    run_self_test                            0x08005531   Thumb Code   142  inv_mpu.o(.text.run_self_test)
    task2                                    0x08005619   Thumb Code    86  statemachine.o(.text.task2)
    task3                                    0x08005671   Thumb Code    60  statemachine.o(.text.task3)
    task4                                    0x080056ad   Thumb Code    74  statemachine.o(.text.task4)
    task5                                    0x080056f9   Thumb Code   208  statemachine.o(.text.task5)
    task6                                    0x08005845   Thumb Code    72  statemachine.o(.text.task6)
    __0printf                                0x0800588d   Thumb Code    22  printfa.o(i.__0printf)
    __1printf                                0x0800588d   Thumb Code     0  printfa.o(i.__0printf)
    __2printf                                0x0800588d   Thumb Code     0  printfa.o(i.__0printf)
    __c89printf                              0x0800588d   Thumb Code     0  printfa.o(i.__0printf)
    printf                                   0x0800588d   Thumb Code     0  printfa.o(i.__0printf)
    __ARM_fpclassify                         0x080058ad   Thumb Code    48  fpclassify.o(i.__ARM_fpclassify)
    __hardfp_asin                            0x080058e1   Thumb Code   770  asin.o(i.__hardfp_asin)
    __hardfp_atan                            0x08005c41   Thumb Code   622  atan.o(i.__hardfp_atan)
    __hardfp_atan2                           0x08005f19   Thumb Code   448  atan2.o(i.__hardfp_atan2)
    __kernel_poly                            0x08006119   Thumb Code   248  poly.o(i.__kernel_poly)
    __mathlib_dbl_infnan                     0x08006211   Thumb Code    20  dunder.o(i.__mathlib_dbl_infnan)
    __mathlib_dbl_infnan2                    0x08006225   Thumb Code    20  dunder.o(i.__mathlib_dbl_infnan2)
    __mathlib_dbl_invalid                    0x08006239   Thumb Code    24  dunder.o(i.__mathlib_dbl_invalid)
    __mathlib_dbl_underflow                  0x08006259   Thumb Code    24  dunder.o(i.__mathlib_dbl_underflow)
    __scatterload_copy                       0x08006279   Thumb Code    14  handlers.o(i.__scatterload_copy)
    __scatterload_null                       0x08006287   Thumb Code     2  handlers.o(i.__scatterload_null)
    __scatterload_zeroinit                   0x08006289   Thumb Code    14  handlers.o(i.__scatterload_zeroinit)
    __set_errno                              0x08006299   Thumb Code     6  errno.o(i.__set_errno)
    atan                                     0x08006b57   Thumb Code    16  atan.o(i.atan)
    fabs                                     0x08006b67   Thumb Code    24  fabs.o(i.fabs)
    puts                                     0x08006b81   Thumb Code    30  puts.o(i.puts)
    sqrt                                     0x08006ba5   Thumb Code   110  sqrt.o(i.sqrt)
    __mathlib_zero                           0x08006d00   Data           8  qnan.o(.constdata)
    AHBPrescTable                            0x08006d0e   Data          16  system_stm32f4xx.o(.rodata.AHBPrescTable)
    APBPrescTable                            0x08006d1e   Data           8  system_stm32f4xx.o(.rodata.APBPrescTable)
    hw                                       0x0800791c   Data          12  inv_mpu.o(.rodata.hw)
    reg                                      0x08007928   Data          27  inv_mpu.o(.rodata.reg)
    test                                     0x080079a4   Data          40  inv_mpu.o(.rodata.test)
    Region$$Table$$Base                      0x080079cc   Number         0  anon$$obj.o(Region$$Table)
    Region$$Table$$Limit                     0x080079ec   Number         0  anon$$obj.o(Region$$Table)
    __stdout                                 0x20000000   Data           4  stdout.o(.data)
    SystemCoreClock                          0x20000008   Data           4  system_stm32f4xx.o(.data.SystemCoreClock)
    uwTickFreq                               0x20000044   Data           1  stm32f4xx_hal.o(.data.uwTickFreq)
    uwTickPrio                               0x20000048   Data           4  stm32f4xx_hal.o(.data.uwTickPrio)
    hdma_usart2_rx                           0x20000190   Data          96  usart.o(.bss.hdma_usart2_rx)
    hdma_usart2_tx                           0x200001f0   Data          96  usart.o(.bss.hdma_usart2_tx)
    hi2c2                                    0x20000250   Data          84  i2c.o(.bss.hi2c2)
    htim9                                    0x200002a4   Data          72  tim.o(.bss.htim9)
    huart1                                   0x200002ec   Data          68  usart.o(.bss.huart1)
    huart2                                   0x20000330   Data          68  usart.o(.bss.huart2)
    uwTick                                   0x200003a4   Data           4  stm32f4xx_hal.o(.bss.uwTick)
    __initial_sp                             0x200007a8   Data           0  startup_stm32f401xc.o(STACK)



==============================================================================

Memory Map of the image

  Image Entry point : 0x08000195

  Load Region LR_IROM1 (Base: 0x08000000, Size: 0x00007a40, Max: 0x00040000, ABSOLUTE)

    Execution Region ER_IROM1 (Exec base: 0x08000000, Load base: 0x08000000, Size: 0x000079ec, Max: 0x00040000, ABSOLUTE)

    Exec Addr    Load Addr    Size         Type   Attr      Idx    E Section Name        Object

    0x08000000   0x08000000   0x00000194   Data   RO            3    RESET               startup_stm32f401xc.o
    0x08000194   0x08000194   0x00000000   Code   RO         1647  * .ARM.Collect$$$$00000000  mc_w.l(entry.o)
    0x08000194   0x08000194   0x00000004   Code   RO         1973    .ARM.Collect$$$$00000001  mc_w.l(entry2.o)
    0x08000198   0x08000198   0x00000004   Code   RO         1976    .ARM.Collect$$$$00000004  mc_w.l(entry5.o)
    0x0800019c   0x0800019c   0x00000000   Code   RO         1978    .ARM.Collect$$$$00000008  mc_w.l(entry7b.o)
    0x0800019c   0x0800019c   0x00000000   Code   RO         1980    .ARM.Collect$$$$0000000A  mc_w.l(entry8b.o)
    0x0800019c   0x0800019c   0x00000008   Code   RO         1981    .ARM.Collect$$$$0000000B  mc_w.l(entry9a.o)
    0x080001a4   0x080001a4   0x00000000   Code   RO         1983    .ARM.Collect$$$$0000000D  mc_w.l(entry10a.o)
    0x080001a4   0x080001a4   0x00000000   Code   RO         1985    .ARM.Collect$$$$0000000F  mc_w.l(entry11a.o)
    0x080001a4   0x080001a4   0x00000004   Code   RO         1974    .ARM.Collect$$$$00002712  mc_w.l(entry2.o)
    0x080001a8   0x080001a8   0x00000024   Code   RO            4    .text               startup_stm32f401xc.o
    0x080001cc   0x080001cc   0x00000062   Code   RO         1654    .text               mc_w.l(uldiv.o)
    0x0800022e   0x0800022e   0x00000062   Code   RO         1656    .text               mc_w.l(ldiv.o)
    0x08000290   0x08000290   0x00000024   Code   RO         1658    .text               mc_w.l(memseta.o)
    0x080002b4   0x080002b4   0x0000001a   Code   RO         1660    .text               mc_w.l(memcmp.o)
    0x080002ce   0x080002ce   0x0000014e   Code   RO         1923    .text               mf_w.l(dadd.o)
    0x0800041c   0x0800041c   0x000000e4   Code   RO         1925    .text               mf_w.l(dmul.o)
    0x08000500   0x08000500   0x000000de   Code   RO         1927    .text               mf_w.l(ddiv.o)
    0x080005de   0x080005de   0x00000022   Code   RO         1929    .text               mf_w.l(dflti.o)
    0x08000600   0x08000600   0x00000026   Code   RO         1931    .text               mf_w.l(f2d.o)
    0x08000626   0x08000626   0x00000038   Code   RO         1933    .text               mf_w.l(d2f.o)
    0x0800065e   0x0800065e   0x0000002c   Code   RO         1997    .text               mc_w.l(uidiv.o)
    0x0800068a   0x0800068a   0x0000001e   Code   RO         1999    .text               mc_w.l(llshl.o)
    0x080006a8   0x080006a8   0x00000020   Code   RO         2001    .text               mc_w.l(llushr.o)
    0x080006c8   0x080006c8   0x00000024   Code   RO         2003    .text               mc_w.l(llsshr.o)
    0x080006ec   0x080006ec   0x00000000   Code   RO         2012    .text               mc_w.l(iusefp.o)
    0x080006ec   0x080006ec   0x0000006e   Code   RO         2013    .text               mf_w.l(fepilogue.o)
    0x0800075a   0x0800075a   0x000000ba   Code   RO         2015    .text               mf_w.l(depilogue.o)
    0x08000814   0x08000814   0x00000030   Code   RO         2019    .text               mf_w.l(dfixul.o)
    0x08000844   0x08000844   0x00000030   Code   RO         2021    .text               mf_w.l(cdcmple.o)
    0x08000874   0x08000874   0x00000030   Code   RO         2023    .text               mf_w.l(cdrcmple.o)
    0x080008a4   0x080008a4   0x00000024   Code   RO         2025    .text               mc_w.l(init.o)
    0x080008c8   0x080008c8   0x000000a2   Code   RO         2027    .text               mf_w.l(dsqrt.o)
    0x0800096a   0x0800096a   0x00000002   PAD
    0x0800096c   0x0800096c   0x00000002   Code   RO           98    .text.BusFault_Handler  stm32f4xx_it.o
    0x0800096e   0x0800096e   0x00000002   PAD
    0x08000970   0x08000970   0x00000108   Code   RO         1323    .text.CallTask      statemachine.o
    0x08000a78   0x08000a78   0x00000010   Code   RO          110    .text.DMA1_Stream5_IRQHandler  stm32f4xx_it.o
    0x08000a88   0x08000a88   0x00000010   Code   RO          112    .text.DMA1_Stream6_IRQHandler  stm32f4xx_it.o
    0x08000a98   0x08000a98   0x0000003c   Code   RO          509    .text.DMA_CalcBaseAndBitshift  stm32f4xx_hal_dma.o
    0x08000ad4   0x08000ad4   0x00000050   Code   RO          507    .text.DMA_CheckFifoParam  stm32f4xx_hal_dma.o
    0x08000b24   0x08000b24   0x00000030   Code   RO          515    .text.DMA_SetConfig  stm32f4xx_hal_dma.o
    0x08000b54   0x08000b54   0x00000002   Code   RO          104    .text.DebugMon_Handler  stm32f4xx_it.o
    0x08000b56   0x08000b56   0x00000002   PAD
    0x08000b58   0x08000b58   0x0000001c   Code   RO         1317    .text.DelayListInit  statemachine.o
    0x08000b74   0x08000b74   0x00000110   Code   RO         1341    .text.DelayMs       statemachine.o
    0x08000c84   0x08000c84   0x0000000a   Code   RO           15    .text.Error_Handler  main.o
    0x08000c8e   0x08000c8e   0x00000002   PAD
    0x08000c90   0x08000c90   0x00000014   Code   RO         1325    .text.GetIntervalTime  statemachine.o
    0x08000ca4   0x08000ca4   0x00000018   Code   RO         1410    .text.Get_MPU_Data  mpu6050.o
    0x08000cbc   0x08000cbc   0x00000012   Code   RO         1305    .text.Get_Opt_Data  opticalflow.o
    0x08000cce   0x08000cce   0x00000002   PAD
    0x08000cd0   0x08000cd0   0x0000018c   Code   RO          525    .text.HAL_DMA_IRQHandler  stm32f4xx_hal_dma.o
    0x08000e5c   0x08000e5c   0x000000ce   Code   RO          505    .text.HAL_DMA_Init  stm32f4xx_hal_dma.o
    0x08000f2a   0x08000f2a   0x00000002   PAD
    0x08000f2c   0x08000f2c   0x00000062   Code   RO          517    .text.HAL_DMA_Start_IT  stm32f4xx_hal_dma.o
    0x08000f8e   0x08000f8e   0x00000002   PAD
    0x08000f90   0x08000f90   0x00000028   Code   RO          705    .text.HAL_Delay     stm32f4xx_hal.o
    0x08000fb8   0x08000fb8   0x0000019a   Code   RO          465    .text.HAL_GPIO_Init  stm32f4xx_hal_gpio.o
    0x08001152   0x08001152   0x00000002   PAD
    0x08001154   0x08001154   0x0000000c   Code   RO          697    .text.HAL_GetTick   stm32f4xx_hal.o
    0x08001160   0x08001160   0x00000198   Code   RO          131    .text.HAL_I2C_Init  stm32f4xx_hal_i2c.o
    0x080012f8   0x080012f8   0x0000020e   Code   RO          185    .text.HAL_I2C_Mem_Read  stm32f4xx_hal_i2c.o
    0x08001506   0x08001506   0x00000002   PAD
    0x08001508   0x08001508   0x0000012a   Code   RO          181    .text.HAL_I2C_Mem_Write  stm32f4xx_hal_i2c.o
    0x08001632   0x08001632   0x00000002   PAD
    0x08001634   0x08001634   0x0000009a   Code   RO           44    .text.HAL_I2C_MspInit  i2c.o
    0x080016ce   0x080016ce   0x00000002   PAD
    0x080016d0   0x080016d0   0x0000001a   Code   RO          695    .text.HAL_IncTick   stm32f4xx_hal.o
    0x080016ea   0x080016ea   0x00000002   PAD
    0x080016ec   0x080016ec   0x00000036   Code   RO          685    .text.HAL_Init      stm32f4xx_hal.o
    0x08001722   0x08001722   0x00000002   PAD
    0x08001724   0x08001724   0x00000050   Code   RO          687    .text.HAL_InitTick  stm32f4xx_hal.o
    0x08001774   0x08001774   0x00000038   Code   RO          123    .text.HAL_MspInit   stm32f4xx_hal_msp.o
    0x080017ac   0x080017ac   0x00000008   Code   RO          625    .text.HAL_NVIC_EnableIRQ  stm32f4xx_hal_cortex.o
    0x080017b4   0x080017b4   0x0000001e   Code   RO          617    .text.HAL_NVIC_SetPriority  stm32f4xx_hal_cortex.o
    0x080017d2   0x080017d2   0x00000002   PAD
    0x080017d4   0x080017d4   0x00000008   Code   RO          613    .text.HAL_NVIC_SetPriorityGrouping  stm32f4xx_hal_cortex.o
    0x080017dc   0x080017dc   0x00000160   Code   RO          317    .text.HAL_RCC_ClockConfig  stm32f4xx_hal_rcc.o
    0x0800193c   0x0800193c   0x0000000c   Code   RO          327    .text.HAL_RCC_GetHCLKFreq  stm32f4xx_hal_rcc.o
    0x08001948   0x08001948   0x00000022   Code   RO          329    .text.HAL_RCC_GetPCLK1Freq  stm32f4xx_hal_rcc.o
    0x0800196a   0x0800196a   0x00000002   PAD
    0x0800196c   0x0800196c   0x00000022   Code   RO          331    .text.HAL_RCC_GetPCLK2Freq  stm32f4xx_hal_rcc.o
    0x0800198e   0x0800198e   0x00000002   PAD
    0x08001990   0x08001990   0x00000068   Code   RO          319    .text.HAL_RCC_GetSysClockFreq  stm32f4xx_hal_rcc.o
    0x080019f8   0x080019f8   0x00000348   Code   RO          315    .text.HAL_RCC_OscConfig  stm32f4xx_hal_rcc.o
    0x08001d40   0x08001d40   0x00000008   Code   RO          637    .text.HAL_SYSTICK_Config  stm32f4xx_hal_cortex.o
    0x08001d48   0x08001d48   0x00000002   Code   RO         1100    .text.HAL_TIMEx_BreakCallback  stm32f4xx_hal_tim_ex.o
    0x08001d4a   0x08001d4a   0x00000002   PAD
    0x08001d4c   0x08001d4c   0x00000002   Code   RO         1096    .text.HAL_TIMEx_CommutCallback  stm32f4xx_hal_tim_ex.o
    0x08001d4e   0x08001d4e   0x00000002   PAD
    0x08001d50   0x08001d50   0x0000005a   Code   RO          776    .text.HAL_TIM_Base_Init  stm32f4xx_hal_tim.o
    0x08001daa   0x08001daa   0x00000002   PAD
    0x08001dac   0x08001dac   0x00000048   Code   RO           59    .text.HAL_TIM_Base_MspInit  tim.o
    0x08001df4   0x08001df4   0x000000de   Code   RO          968    .text.HAL_TIM_ConfigClockSource  stm32f4xx_hal_tim.o
    0x08001ed2   0x08001ed2   0x00000002   PAD
    0x08001ed4   0x08001ed4   0x00000002   Code   RO          912    .text.HAL_TIM_IC_CaptureCallback  stm32f4xx_hal_tim.o
    0x08001ed6   0x08001ed6   0x00000002   PAD
    0x08001ed8   0x08001ed8   0x0000016a   Code   RO          910    .text.HAL_TIM_IRQHandler  stm32f4xx_hal_tim.o
    0x08002042   0x08002042   0x00000002   PAD
    0x08002044   0x08002044   0x00000002   Code   RO          914    .text.HAL_TIM_OC_DelayElapsedCallback  stm32f4xx_hal_tim.o
    0x08002046   0x08002046   0x00000002   PAD
    0x08002048   0x08002048   0x00000002   Code   RO          916    .text.HAL_TIM_PWM_PulseFinishedCallback  stm32f4xx_hal_tim.o
    0x0800204a   0x0800204a   0x00000002   PAD
    0x0800204c   0x0800204c   0x00000002   Code   RO          918    .text.HAL_TIM_PeriodElapsedCallback  stm32f4xx_hal_tim.o
    0x0800204e   0x0800204e   0x00000002   PAD
    0x08002050   0x08002050   0x00000002   Code   RO          920    .text.HAL_TIM_TriggerCallback  stm32f4xx_hal_tim.o
    0x08002052   0x08002052   0x00000002   PAD
    0x08002054   0x08002054   0x00000002   Code   RO         1204    .text.HAL_UARTEx_RxEventCallback  stm32f4xx_hal_uart.o
    0x08002056   0x08002056   0x00000002   PAD
    0x08002058   0x08002058   0x00000002   Code   RO         1202    .text.HAL_UART_ErrorCallback  stm32f4xx_hal_uart.o
    0x0800205a   0x0800205a   0x00000002   PAD
    0x0800205c   0x0800205c   0x0000005e   Code   RO         1114    .text.HAL_UART_Init  stm32f4xx_hal_uart.o
    0x080020ba   0x080020ba   0x00000002   PAD
    0x080020bc   0x080020bc   0x0000015a   Code   RO           76    .text.HAL_UART_MspInit  usart.o
    0x08002216   0x08002216   0x00000002   PAD
    0x08002218   0x08002218   0x00000038   Code   RO         1150    .text.HAL_UART_Receive_DMA  stm32f4xx_hal_uart.o
    0x08002250   0x08002250   0x00000002   Code   RO         1214    .text.HAL_UART_RxCpltCallback  stm32f4xx_hal_uart.o
    0x08002252   0x08002252   0x00000002   PAD
    0x08002254   0x08002254   0x00000002   Code   RO         1216    .text.HAL_UART_RxHalfCpltCallback  stm32f4xx_hal_uart.o
    0x08002256   0x08002256   0x00000002   PAD
    0x08002258   0x08002258   0x000000cc   Code   RO         1130    .text.HAL_UART_Transmit  stm32f4xx_hal_uart.o
    0x08002324   0x08002324   0x0000008c   Code   RO         1142    .text.HAL_UART_Transmit_DMA  stm32f4xx_hal_uart.o
    0x080023b0   0x080023b0   0x00000002   Code   RO         1210    .text.HAL_UART_TxCpltCallback  stm32f4xx_hal_uart.o
    0x080023b2   0x080023b2   0x00000002   PAD
    0x080023b4   0x080023b4   0x00000002   Code   RO         1212    .text.HAL_UART_TxHalfCpltCallback  stm32f4xx_hal_uart.o
    0x080023b6   0x080023b6   0x00000002   PAD
    0x080023b8   0x080023b8   0x00000002   Code   RO           94    .text.HardFault_Handler  stm32f4xx_it.o
    0x080023ba   0x080023ba   0x00000002   PAD
    0x080023bc   0x080023bc   0x00000030   Code   RO          291    .text.I2C_IsAcknowledgeFailed  stm32f4xx_hal_i2c.o
    0x080023ec   0x080023ec   0x0000010c   Code   RO          187    .text.I2C_RequestMemoryRead  stm32f4xx_hal_i2c.o
    0x080024f8   0x080024f8   0x000000c0   Code   RO          183    .text.I2C_RequestMemoryWrite  stm32f4xx_hal_i2c.o
    0x080025b8   0x080025b8   0x0000005e   Code   RO          147    .text.I2C_WaitOnBTFFlagUntilTimeout  stm32f4xx_hal_i2c.o
    0x08002616   0x08002616   0x00000002   PAD
    0x08002618   0x08002618   0x00000074   Code   RO          141    .text.I2C_WaitOnFlagUntilTimeout  stm32f4xx_hal_i2c.o
    0x0800268c   0x0800268c   0x0000008c   Code   RO          289    .text.I2C_WaitOnMasterAddressFlagUntilTimeout  stm32f4xx_hal_i2c.o
    0x08002718   0x08002718   0x0000005e   Code   RO          153    .text.I2C_WaitOnRXNEFlagUntilTimeout  stm32f4xx_hal_i2c.o
    0x08002776   0x08002776   0x00000002   PAD
    0x08002778   0x08002778   0x0000005e   Code   RO          145    .text.I2C_WaitOnTXEFlagUntilTimeout  stm32f4xx_hal_i2c.o
    0x080027d6   0x080027d6   0x00000002   PAD
    0x080027d8   0x080027d8   0x00000040   Code   RO         1406    .text.MPU_Get_Accelerometer  mpu6050.o
    0x08002818   0x08002818   0x00000064   Code   RO         1402    .text.MPU_Get_Temperature  mpu6050.o
    0x0800287c   0x0800287c   0x0000006a   Code   RO         1392    .text.MPU_Init      mpu6050.o
    0x080028e6   0x080028e6   0x00000002   PAD
    0x080028e8   0x080028e8   0x00000030   Code   RO         1427    .text.MPU_Read_Byte  mpuiic.o
    0x08002918   0x08002918   0x00000030   Code   RO         1423    .text.MPU_Read_Len  mpuiic.o
    0x08002948   0x08002948   0x0000000e   Code   RO         1396    .text.MPU_Set_Accel_Fsr  mpu6050.o
    0x08002956   0x08002956   0x00000002   PAD
    0x08002958   0x08002958   0x0000000e   Code   RO         1394    .text.MPU_Set_Gyro_Fsr  mpu6050.o
    0x08002966   0x08002966   0x00000002   PAD
    0x08002968   0x08002968   0x00000032   Code   RO         1400    .text.MPU_Set_LPF   mpu6050.o
    0x0800299a   0x0800299a   0x00000002   PAD
    0x0800299c   0x0800299c   0x0000002c   Code   RO         1398    .text.MPU_Set_Rate  mpu6050.o
    0x080029c8   0x080029c8   0x00000030   Code   RO         1425    .text.MPU_Write_Byte  mpuiic.o
    0x080029f8   0x080029f8   0x0000002a   Code   RO         1421    .text.MPU_Write_Len  mpuiic.o
    0x08002a22   0x08002a22   0x00000002   PAD
    0x08002a24   0x08002a24   0x00000046   Code   RO           33    .text.MX_DMA_Init   dma.o
    0x08002a6a   0x08002a6a   0x00000002   PAD
    0x08002a6c   0x08002a6c   0x0000004c   Code   RO           25    .text.MX_GPIO_Init  gpio.o
    0x08002ab8   0x08002ab8   0x0000003e   Code   RO           42    .text.MX_I2C2_Init  i2c.o
    0x08002af6   0x08002af6   0x00000002   PAD
    0x08002af8   0x08002af8   0x0000005e   Code   RO           57    .text.MX_TIM9_Init  tim.o
    0x08002b56   0x08002b56   0x00000002   PAD
    0x08002b58   0x08002b58   0x00000038   Code   RO           72    .text.MX_USART1_UART_Init  usart.o
    0x08002b90   0x08002b90   0x0000003e   Code   RO           74    .text.MX_USART2_UART_Init  usart.o
    0x08002bce   0x08002bce   0x00000002   PAD
    0x08002bd0   0x08002bd0   0x00000002   Code   RO           96    .text.MemManage_Handler  stm32f4xx_it.o
    0x08002bd2   0x08002bd2   0x00000002   PAD
    0x08002bd4   0x08002bd4   0x00000002   Code   RO           92    .text.NMI_Handler   stm32f4xx_it.o
    0x08002bd6   0x08002bd6   0x00000002   PAD
    0x08002bd8   0x08002bd8   0x0000002c   Code   RO          623    .text.NVIC_EncodePriority  stm32f4xx_hal_cortex.o
    0x08002c04   0x08002c04   0x0000001a   Code   RO         1299    .text.Opt_init      opticalflow.o
    0x08002c1e   0x08002c1e   0x00000002   PAD
    0x08002c20   0x08002c20   0x00000002   Code   RO          106    .text.PendSV_Handler  stm32f4xx_it.o
    0x08002c22   0x08002c22   0x00000002   PAD
    0x08002c24   0x08002c24   0x00000002   Code   RO          102    .text.SVC_Handler   stm32f4xx_it.o
    0x08002c26   0x08002c26   0x00000002   PAD
    0x08002c28   0x08002c28   0x0000002a   Code   RO         1263    .text.SendOnePackage  uartdriver.o
    0x08002c52   0x08002c52   0x00000002   PAD
    0x08002c54   0x08002c54   0x0000002e   Code   RO          639    .text.SysTick_Config  stm32f4xx_hal_cortex.o
    0x08002c82   0x08002c82   0x00000002   PAD
    0x08002c84   0x08002c84   0x00000008   Code   RO          108    .text.SysTick_Handler  stm32f4xx_it.o
    0x08002c8c   0x08002c8c   0x000000a0   Code   RO           13    .text.SystemClock_Config  main.o
    0x08002d2c   0x08002d2c   0x00000012   Code   RO         1244    .text.SystemInit    system_stm32f4xx.o
    0x08002d3e   0x08002d3e   0x00000002   PAD
    0x08002d40   0x08002d40   0x00000010   Code   RO          114    .text.TIM1_BRK_TIM9_IRQHandler  stm32f4xx_it.o
    0x08002d50   0x08002d50   0x000000da   Code   RO          780    .text.TIM_Base_SetConfig  stm32f4xx_hal_tim.o
    0x08002e2a   0x08002e2a   0x00000002   PAD
    0x08002e2c   0x08002e2c   0x00000016   Code   RO          966    .text.TIM_ETR_SetConfig  stm32f4xx_hal_tim.o
    0x08002e42   0x08002e42   0x00000002   PAD
    0x08002e44   0x08002e44   0x00000010   Code   RO          972    .text.TIM_ITRx_SetConfig  stm32f4xx_hal_tim.o
    0x08002e54   0x08002e54   0x00000022   Code   RO          970    .text.TIM_TI1_ConfigInputStage  stm32f4xx_hal_tim.o
    0x08002e76   0x08002e76   0x00000002   PAD
    0x08002e78   0x08002e78   0x00000024   Code   RO          974    .text.TIM_TI2_ConfigInputStage  stm32f4xx_hal_tim.o
    0x08002e9c   0x08002e9c   0x0000004c   Code   RO         1148    .text.UART_DMAError  stm32f4xx_hal_uart.o
    0x08002ee8   0x08002ee8   0x00000080   Code   RO         1232    .text.UART_DMAReceiveCplt  stm32f4xx_hal_uart.o
    0x08002f68   0x08002f68   0x0000001a   Code   RO         1234    .text.UART_DMARxHalfCplt  stm32f4xx_hal_uart.o
    0x08002f82   0x08002f82   0x00000002   PAD
    0x08002f84   0x08002f84   0x00000040   Code   RO         1144    .text.UART_DMATransmitCplt  stm32f4xx_hal_uart.o
    0x08002fc4   0x08002fc4   0x0000000a   Code   RO         1146    .text.UART_DMATxHalfCplt  stm32f4xx_hal_uart.o
    0x08002fce   0x08002fce   0x00000002   PAD
    0x08002fd0   0x08002fd0   0x00000050   Code   RO         1162    .text.UART_EndRxTransfer  stm32f4xx_hal_uart.o
    0x08003020   0x08003020   0x0000001c   Code   RO         1160    .text.UART_EndTxTransfer  stm32f4xx_hal_uart.o
    0x0800303c   0x0800303c   0x000000dc   Code   RO         1118    .text.UART_SetConfig  stm32f4xx_hal_uart.o
    0x08003118   0x08003118   0x0000009a   Code   RO         1152    .text.UART_Start_Receive_DMA  stm32f4xx_hal_uart.o
    0x080031b2   0x080031b2   0x00000002   PAD
    0x080031b4   0x080031b4   0x0000007a   Code   RO         1132    .text.UART_WaitOnFlagUntilTimeout  stm32f4xx_hal_uart.o
    0x0800322e   0x0800322e   0x00000002   PAD
    0x08003230   0x08003230   0x00000008   Code   RO         1301    .text.UpdateOptData  opticalflow.o
    0x08003238   0x08003238   0x00000070   Code   RO         1265    .text.UpdatePackage  uartdriver.o
    0x080032a8   0x080032a8   0x0000007c   Code   RO         1321    .text.UpdateState   statemachine.o
    0x08003324   0x08003324   0x00000012   Code   RO         1319    .text.UpdateTime    statemachine.o
    0x08003336   0x08003336   0x00000002   PAD
    0x08003338   0x08003338   0x0000002e   Code   RO         1408    .text.Update_MPU_Data  mpu6050.o
    0x08003366   0x08003366   0x00000002   PAD
    0x08003368   0x08003368   0x00000002   Code   RO          100    .text.UsageFault_Handler  stm32f4xx_it.o
    0x0800336a   0x0800336a   0x00000002   PAD
    0x0800336c   0x0800336c   0x0000000c   Code   RO         1273    .text.WritePitch_SD  uartdriver.o
    0x08003378   0x08003378   0x0000000c   Code   RO         1269    .text.WriteRoll_SD  uartdriver.o
    0x08003384   0x08003384   0x0000000c   Code   RO         1261    .text.WriteThrottle_SD  uartdriver.o
    0x08003390   0x08003390   0x0000006a   Code   RO         1303    .text._Optflow_Prase  opticalflow.o
    0x080033fa   0x080033fa   0x00000002   PAD
    0x080033fc   0x080033fc   0x00000020   Code   RO          627    .text.__NVIC_EnableIRQ  stm32f4xx_hal_cortex.o
    0x0800341c   0x0800341c   0x00000010   Code   RO          619    .text.__NVIC_GetPriorityGrouping  stm32f4xx_hal_cortex.o
    0x0800342c   0x0800342c   0x00000022   Code   RO          621    .text.__NVIC_SetPriority  stm32f4xx_hal_cortex.o
    0x0800344e   0x0800344e   0x00000002   PAD
    0x08003450   0x08003450   0x00000020   Code   RO          615    .text.__NVIC_SetPriorityGrouping  stm32f4xx_hal_cortex.o
    0x08003470   0x08003470   0x000000ac   Code   RO         1509    .text.accel_self_test  inv_mpu.o
    0x0800351c   0x0800351c   0x00000040   Code   RO         1605    .text.decode_gesture  inv_mpu_dmp_motion_driver.o
    0x0800355c   0x0800355c   0x0000002a   Code   RO         1597    .text.dmp_enable_6x_lp_quat  inv_mpu_dmp_motion_driver.o
    0x08003586   0x08003586   0x00000002   PAD
    0x08003588   0x08003588   0x000001d6   Code   RO         1591    .text.dmp_enable_feature  inv_mpu_dmp_motion_driver.o
    0x0800375e   0x0800375e   0x00000002   PAD
    0x08003760   0x08003760   0x0000004a   Code   RO         1593    .text.dmp_enable_gyro_cal  inv_mpu_dmp_motion_driver.o
    0x080037aa   0x080037aa   0x00000002   PAD
    0x080037ac   0x080037ac   0x0000002a   Code   RO         1595    .text.dmp_enable_lp_quat  inv_mpu_dmp_motion_driver.o
    0x080037d6   0x080037d6   0x00000002   PAD
    0x080037d8   0x080037d8   0x0000001a   Code   RO         1555    .text.dmp_load_motion_driver_firmware  inv_mpu_dmp_motion_driver.o
    0x080037f2   0x080037f2   0x00000002   PAD
    0x080037f4   0x080037f4   0x000001aa   Code   RO         1603    .text.dmp_read_fifo  inv_mpu_dmp_motion_driver.o
    0x0800399e   0x0800399e   0x00000002   PAD
    0x080039a0   0x080039a0   0x000000be   Code   RO         1561    .text.dmp_set_accel_bias  inv_mpu_dmp_motion_driver.o
    0x08003a5e   0x08003a5e   0x00000002   PAD
    0x08003a60   0x08003a60   0x0000006c   Code   RO         1563    .text.dmp_set_fifo_rate  inv_mpu_dmp_motion_driver.o
    0x08003acc   0x08003acc   0x000000c4   Code   RO         1559    .text.dmp_set_gyro_bias  inv_mpu_dmp_motion_driver.o
    0x08003b90   0x08003b90   0x00000110   Code   RO         1557    .text.dmp_set_orientation  inv_mpu_dmp_motion_driver.o
    0x08003ca0   0x08003ca0   0x0000002c   Code   RO         1577    .text.dmp_set_shake_reject_thresh  inv_mpu_dmp_motion_driver.o
    0x08003ccc   0x08003ccc   0x0000002a   Code   RO         1579    .text.dmp_set_shake_reject_time  inv_mpu_dmp_motion_driver.o
    0x08003cf6   0x08003cf6   0x00000002   PAD
    0x08003cf8   0x08003cf8   0x0000002a   Code   RO         1581    .text.dmp_set_shake_reject_timeout  inv_mpu_dmp_motion_driver.o
    0x08003d22   0x08003d22   0x00000002   PAD
    0x08003d24   0x08003d24   0x0000003e   Code   RO         1569    .text.dmp_set_tap_axes  inv_mpu_dmp_motion_driver.o
    0x08003d62   0x08003d62   0x00000002   PAD
    0x08003d64   0x08003d64   0x00000028   Code   RO         1571    .text.dmp_set_tap_count  inv_mpu_dmp_motion_driver.o
    0x08003d8c   0x08003d8c   0x00000148   Code   RO         1567    .text.dmp_set_tap_thresh  inv_mpu_dmp_motion_driver.o
    0x08003ed4   0x08003ed4   0x0000002a   Code   RO         1573    .text.dmp_set_tap_time  inv_mpu_dmp_motion_driver.o
    0x08003efe   0x08003efe   0x00000002   PAD
    0x08003f00   0x08003f00   0x0000002a   Code   RO         1575    .text.dmp_set_tap_time_multi  inv_mpu_dmp_motion_driver.o
    0x08003f2a   0x08003f2a   0x00000002   PAD
    0x08003f2c   0x08003f2c   0x00000020   Code   RO         1380    .text.fputc         print.o
    0x08003f4c   0x08003f4c   0x000000c4   Code   RO         1539    .text.get_accel_prod_shift  inv_mpu.o
    0x08004010   0x08004010   0x00000354   Code   RO         1507    .text.get_st_biases  inv_mpu.o
    0x08004364   0x08004364   0x00000110   Code   RO         1511    .text.gyro_self_test  inv_mpu.o
    0x08004474   0x08004474   0x00000022   Code   RO         1531    .text.inv_orientation_matrix_to_scalar  inv_mpu.o
    0x08004496   0x08004496   0x00000002   PAD
    0x08004498   0x08004498   0x0000003a   Code   RO         1533    .text.inv_row_2_scale  inv_mpu.o
    0x080044d2   0x080044d2   0x00000002   PAD
    0x080044d4   0x080044d4   0x000000bc   Code   RO         1327    .text.loop          statemachine.o
    0x08004590   0x08004590   0x00000026   Code   RO           11    .text.main          main.o
    0x080045b6   0x080045b6   0x00000002   PAD
    0x080045b8   0x080045b8   0x00000002   Code   RO         1463    .text.mget_ms       inv_mpu.o
    0x080045ba   0x080045ba   0x00000002   PAD
    0x080045bc   0x080045bc   0x00000056   Code   RO         1451    .text.mpu_configure_fifo  inv_mpu.o
    0x08004612   0x08004612   0x00000006   PAD
    0x08004618   0x08004618   0x0000018c   Code   RO         1537    .text.mpu_dmp_get_data  inv_mpu.o
    0x080047a4   0x080047a4   0x0000008e   Code   RO         1535    .text.mpu_dmp_init  inv_mpu.o
    0x08004832   0x08004832   0x00000002   PAD
    0x08004834   0x08004834   0x00000038   Code   RO         1475    .text.mpu_get_accel_fsr  inv_mpu.o
    0x0800486c   0x0800486c   0x0000004a   Code   RO         1487    .text.mpu_get_accel_sens  inv_mpu.o
    0x080048b6   0x080048b6   0x00000002   PAD
    0x080048b8   0x080048b8   0x00000012   Code   RO         1489    .text.mpu_get_fifo_config  inv_mpu.o
    0x080048ca   0x080048ca   0x00000002   PAD
    0x080048cc   0x080048cc   0x00000034   Code   RO         1473    .text.mpu_get_gyro_fsr  inv_mpu.o
    0x08004900   0x08004900   0x00000034   Code   RO         1485    .text.mpu_get_gyro_sens  inv_mpu.o
    0x08004934   0x08004934   0x0000003a   Code   RO         1477    .text.mpu_get_lpf   inv_mpu.o
    0x0800496e   0x0800496e   0x00000002   PAD
    0x08004970   0x08004970   0x0000001e   Code   RO         1479    .text.mpu_get_sample_rate  inv_mpu.o
    0x0800498e   0x0800498e   0x00000002   PAD
    0x08004990   0x08004990   0x00000184   Code   RO         1441    .text.mpu_init      inv_mpu.o
    0x08004b14   0x08004b14   0x000000c6   Code   RO         1517    .text.mpu_load_firmware  inv_mpu.o
    0x08004bda   0x08004bda   0x00000002   PAD
    0x08004bdc   0x08004bdc   0x000000ca   Code   RO         1457    .text.mpu_lp_accel_mode  inv_mpu.o
    0x08004ca6   0x08004ca6   0x00000002   PAD
    0x08004ca8   0x08004ca8   0x000000a8   Code   RO         1499    .text.mpu_read_fifo_stream  inv_mpu.o
    0x08004d50   0x08004d50   0x00000064   Code   RO         1515    .text.mpu_read_mem  inv_mpu.o
    0x08004db4   0x08004db4   0x00000180   Code   RO         1471    .text.mpu_reset_fifo  inv_mpu.o
    0x08004f34   0x08004f34   0x00000106   Code   RO         1503    .text.mpu_run_self_test  inv_mpu.o
    0x0800503a   0x0800503a   0x00000002   PAD
    0x0800503c   0x0800503c   0x00000078   Code   RO         1445    .text.mpu_set_accel_fsr  inv_mpu.o
    0x080050b4   0x080050b4   0x000000ea   Code   RO         1453    .text.mpu_set_bypass  inv_mpu.o
    0x0800519e   0x0800519e   0x00000002   PAD
    0x080051a0   0x080051a0   0x0000008c   Code   RO         1505    .text.mpu_set_dmp_state  inv_mpu.o
    0x0800522c   0x0800522c   0x00000080   Code   RO         1443    .text.mpu_set_gyro_fsr  inv_mpu.o
    0x080052ac   0x080052ac   0x00000066   Code   RO         1459    .text.mpu_set_int_latched  inv_mpu.o
    0x08005312   0x08005312   0x00000002   PAD
    0x08005314   0x08005314   0x0000006e   Code   RO         1447    .text.mpu_set_lpf   inv_mpu.o
    0x08005382   0x08005382   0x00000002   PAD
    0x08005384   0x08005384   0x0000008a   Code   RO         1449    .text.mpu_set_sample_rate  inv_mpu.o
    0x0800540e   0x0800540e   0x00000002   PAD
    0x08005410   0x08005410   0x000000bc   Code   RO         1455    .text.mpu_set_sensors  inv_mpu.o
    0x080054cc   0x080054cc   0x00000064   Code   RO         1513    .text.mpu_write_mem  inv_mpu.o
    0x08005530   0x08005530   0x0000008e   Code   RO         1529    .text.run_self_test  inv_mpu.o
    0x080055be   0x080055be   0x00000002   PAD
    0x080055c0   0x080055c0   0x00000056   Code   RO         1491    .text.set_int_enable  inv_mpu.o
    0x08005616   0x08005616   0x00000002   PAD
    0x08005618   0x08005618   0x00000056   Code   RO         1329    .text.task2         statemachine.o
    0x0800566e   0x0800566e   0x00000002   PAD
    0x08005670   0x08005670   0x0000003c   Code   RO         1331    .text.task3         statemachine.o
    0x080056ac   0x080056ac   0x0000004a   Code   RO         1333    .text.task4         statemachine.o
    0x080056f6   0x080056f6   0x00000002   PAD
    0x080056f8   0x080056f8   0x0000014c   Code   RO         1335    .text.task5         statemachine.o
    0x08005844   0x08005844   0x00000048   Code   RO         1337    .text.task6         statemachine.o
    0x0800588c   0x0800588c   0x00000020   Code   RO         1895    i.__0printf         mc_w.l(printfa.o)
    0x080058ac   0x080058ac   0x00000030   Code   RO         1962    i.__ARM_fpclassify  m_wm.l(fpclassify.o)
    0x080058dc   0x080058dc   0x00000004   PAD
    0x080058e0   0x080058e0   0x00000360   Code   RO         1634    i.__hardfp_asin     m_wm.l(asin.o)
    0x08005c40   0x08005c40   0x000002d8   Code   RO         1935    i.__hardfp_atan     m_wm.l(atan.o)
    0x08005f18   0x08005f18   0x00000200   Code   RO         1641    i.__hardfp_atan2    m_wm.l(atan2.o)
    0x08006118   0x08006118   0x000000f8   Code   RO         1964    i.__kernel_poly     m_wm.l(poly.o)
    0x08006210   0x08006210   0x00000014   Code   RO         1943    i.__mathlib_dbl_infnan  m_wm.l(dunder.o)
    0x08006224   0x08006224   0x00000014   Code   RO         1944    i.__mathlib_dbl_infnan2  m_wm.l(dunder.o)
    0x08006238   0x08006238   0x00000020   Code   RO         1945    i.__mathlib_dbl_invalid  m_wm.l(dunder.o)
    0x08006258   0x08006258   0x00000020   Code   RO         1948    i.__mathlib_dbl_underflow  m_wm.l(dunder.o)
    0x08006278   0x08006278   0x0000000e   Code   RO         2031    i.__scatterload_copy  mc_w.l(handlers.o)
    0x08006286   0x08006286   0x00000002   Code   RO         2032    i.__scatterload_null  mc_w.l(handlers.o)
    0x08006288   0x08006288   0x0000000e   Code   RO         2033    i.__scatterload_zeroinit  mc_w.l(handlers.o)
    0x08006296   0x08006296   0x00000002   PAD
    0x08006298   0x08006298   0x0000000c   Code   RO         2007    i.__set_errno       mc_w.l(errno.o)
    0x080062a4   0x080062a4   0x00000184   Code   RO         1902    i._fp_digits        mc_w.l(printfa.o)
    0x08006428   0x08006428   0x000006dc   Code   RO         1903    i._printf_core      mc_w.l(printfa.o)
    0x08006b04   0x08006b04   0x00000024   Code   RO         1904    i._printf_post_padding  mc_w.l(printfa.o)
    0x08006b28   0x08006b28   0x0000002e   Code   RO         1905    i._printf_pre_padding  mc_w.l(printfa.o)
    0x08006b56   0x08006b56   0x00000010   Code   RO         1937    i.atan              m_wm.l(atan.o)
    0x08006b66   0x08006b66   0x00000018   Code   RO         1958    i.fabs              m_wm.l(fabs.o)
    0x08006b7e   0x08006b7e   0x00000002   PAD
    0x08006b80   0x08006b80   0x00000024   Code   RO         1650    i.puts              mc_w.l(puts.o)
    0x08006ba4   0x08006ba4   0x0000006e   Code   RO         1969    i.sqrt              m_wm.l(sqrt.o)
    0x08006c12   0x08006c12   0x00000006   PAD
    0x08006c18   0x08006c18   0x00000050   Data   RO         1637    .constdata          m_wm.l(asin.o)
    0x08006c68   0x08006c68   0x00000098   Data   RO         1938    .constdata          m_wm.l(atan.o)
    0x08006d00   0x08006d00   0x00000008   Data   RO         1966    .constdata          m_wm.l(qnan.o)
    0x08006d08   0x08006d08   0x00000003   Data   RO         1613    .rodata..L__const.dmp_set_orientation.accel_axes  inv_mpu_dmp_motion_driver.o
    0x08006d0b   0x08006d0b   0x00000003   Data   RO         1612    .rodata..L__const.dmp_set_orientation.gyro_axes  inv_mpu_dmp_motion_driver.o
    0x08006d0e   0x08006d0e   0x00000010   Data   RO         1249    .rodata.AHBPrescTable  system_stm32f4xx.o
    0x08006d1e   0x08006d1e   0x00000008   Data   RO         1250    .rodata.APBPrescTable  system_stm32f4xx.o
    0x08006d26   0x08006d26   0x00000bf6   Data   RO         1611    .rodata.dmp_memory  inv_mpu_dmp_motion_driver.o
    0x0800791c   0x0800791c   0x0000000c   Data   RO         1542    .rodata.hw          inv_mpu.o
    0x08007928   0x08007928   0x0000001b   Data   RO         1541    .rodata.reg         inv_mpu.o
    0x08007943   0x08007943   0x00000015   Data   RO         1348    .rodata.str1.1      statemachine.o
    0x08007958   0x08007958   0x0000004c   Data   RO         1546    .rodata.str1.1      inv_mpu.o
    0x080079a4   0x080079a4   0x00000028   Data   RO         1543    .rodata.test        inv_mpu.o
    0x080079cc   0x080079cc   0x00000020   Data   RO         2030    Region$$Table       anon$$obj.o


    Execution Region RW_IRAM1 (Exec base: 0x20000000, Load base: 0x080079f0, Size: 0x000007a8, Max: 0x00010000, ABSOLUTE)

    Exec Addr    Load Addr    Size         Type   Attr      Idx    E Section Name        Object

    0x20000000   0x080079f0   0x00000004   Data   RW         1987    .data               mc_w.l(stdout.o)
    0x20000004   0x080079f4   0x00000004   Data   RW         2008    .data               mc_w.l(errno.o)
    0x20000008   0x080079f8   0x00000004   Data   RW         1248    .data.SystemCoreClock  system_stm32f4xx.o
    0x2000000c   0x080079fc   0x00000009   Data   RW         1545    .data.gyro_orientation  inv_mpu.o
    0x20000015   0x08007a05   0x00000003   PAD
    0x20000018   0x08007a08   0x0000002c   Data   RW         1544    .data.st            inv_mpu.o
    0x20000044   0x08007a34   0x00000001   Data   RW          740    .data.uwTickFreq    stm32f4xx_hal.o
    0x20000045   0x08007a35   0x00000003   PAD
    0x20000048   0x08007a38   0x00000004   Data   RW          739    .data.uwTickPrio    stm32f4xx_hal.o
    0x2000004c   0x08007a3c   0x00000004   PAD
    0x20000050        -       0x00000001   Zero   RW         1351    .bss.FSMD.0         statemachine.o
    0x20000051        -       0x00000001   Zero   RW         1352    .bss.FSMD.1         statemachine.o
    0x20000052        -       0x00000001   Zero   RW         1353    .bss.FSMD.2         statemachine.o
    0x20000053        -       0x00000001   Zero   RW         1354    .bss.FSMD.3         statemachine.o
    0x20000054        -       0x00000001   Zero   RW         1355    .bss.FSMD.4         statemachine.o
    0x20000055        -       0x00000012   Zero   RW         1307    .bss._flow_data_buff  opticalflow.o
    0x20000067   0x08007a3c   0x00000001   PAD
    0x20000068        -       0x00000014   Zero   RW         1412    .bss._mpu_data      mpu6050.o
    0x2000007c        -       0x00000006   Zero   RW         1308    .bss._opt_origin_data  opticalflow.o
    0x20000082        -       0x0000000a   Zero   RW         1285    .bss.data           uartdriver.o
    0x2000008c        -       0x000000f0   Zero   RW         1343    .bss.delay_list     statemachine.o
    0x2000017c        -       0x00000004   Zero   RW         1621    .bss.dmp.0          inv_mpu_dmp_motion_driver.o
    0x20000180        -       0x00000004   Zero   RW         1622    .bss.dmp.1          inv_mpu_dmp_motion_driver.o
    0x20000184        -       0x00000002   Zero   RW         1623    .bss.dmp.2          inv_mpu_dmp_motion_driver.o
    0x20000186   0x08007a3c   0x00000002   PAD
    0x20000188        -       0x00000002   Zero   RW         1624    .bss.dmp.3          inv_mpu_dmp_motion_driver.o
    0x2000018a   0x08007a3c   0x00000002   PAD
    0x2000018c        -       0x00000002   Zero   RW         1625    .bss.dmp.4          inv_mpu_dmp_motion_driver.o
    0x2000018e        -       0x00000001   Zero   RW         1626    .bss.dmp.5          inv_mpu_dmp_motion_driver.o
    0x2000018f   0x08007a3c   0x00000001   PAD
    0x20000190        -       0x00000060   Zero   RW           82    .bss.hdma_usart2_rx  usart.o
    0x200001f0        -       0x00000060   Zero   RW           83    .bss.hdma_usart2_tx  usart.o
    0x20000250        -       0x00000054   Zero   RW           48    .bss.hi2c2          i2c.o
    0x200002a4        -       0x00000048   Zero   RW           63    .bss.htim9          tim.o
    0x200002ec        -       0x00000044   Zero   RW           80    .bss.huart1         usart.o
    0x20000330        -       0x00000044   Zero   RW           81    .bss.huart2         usart.o
    0x20000374        -       0x00000004   Zero   RW         1344    .bss.ltime          statemachine.o
    0x20000378        -       0x00000014   Zero   RW         1349    .bss.mpudata        statemachine.o
    0x2000038c        -       0x00000006   Zero   RW         1350    .bss.optdata        statemachine.o
    0x20000392   0x08007a3c   0x00000002   PAD
    0x20000394        -       0x00000004   Zero   RW         1345    .bss.testtime       statemachine.o
    0x20000398        -       0x00000004   Zero   RW         1346    .bss.testtime2      statemachine.o
    0x2000039c        -       0x00000001   Zero   RW         1286    .bss.udata.0        uartdriver.o
    0x2000039d        -       0x00000001   Zero   RW         1287    .bss.udata.1        uartdriver.o
    0x2000039e        -       0x00000001   Zero   RW         1288    .bss.udata.2        uartdriver.o
    0x2000039f        -       0x00000001   Zero   RW         1289    .bss.udata.3        uartdriver.o
    0x200003a0        -       0x00000001   Zero   RW         1290    .bss.udata.4        uartdriver.o
    0x200003a1   0x08007a3c   0x00000003   PAD
    0x200003a4        -       0x00000004   Zero   RW          741    .bss.uwTick         stm32f4xx_hal.o
    0x200003a8        -       0x00000400   Zero   RW            1    STACK               startup_stm32f401xc.o


==============================================================================

Image component sizes


      Code (inc. data)   RO Data    RW Data    ZI Data      Debug   Object Name

        70          0          0          0          0       2837   dma.o
        76          0          0          0          0       1500   gpio.o
       216          0          0          0         84       5225   i2c.o
      5740        122        155         53          0      24075   inv_mpu.o
      2552         68       3068          0         15       9759   inv_mpu_dmp_motion_driver.o
       208          0          0          0          0       2700   main.o
       462         20          0          0         20       2953   mpu6050.o
       186          0          0          0          0       2428   mpuiic.o
       158          0          0          0         24       2027   opticalflow.o
        32          0          0          0          0       1814   print.o
        36          8        404          0       1024        808   startup_stm32f401xc.o
      1538        254         21          0        283       4680   statemachine.o
       212          0          0          5          4       6834   stm32f4xx_hal.o
       258          0          0          0          0      10211   stm32f4xx_hal_cortex.o
       888         12          0          0          0       9221   stm32f4xx_hal_dma.o
       410          0          0          0          0       5237   stm32f4xx_hal_gpio.o
      2278          0          0          0          0      39319   stm32f4xx_hal_i2c.o
        56          0          0          0          0       1499   stm32f4xx_hal_msp.o
      1376          0          0          0          0       7344   stm32f4xx_hal_rcc.o
      1010          0          0          0          0      44631   stm32f4xx_hal_tim.o
         4          0          0          0          0      19033   stm32f4xx_hal_tim_ex.o
      1414          0          0          0          0      24721   stm32f4xx_hal_uart.o
        72          0          0          0          0       2218   stm32f4xx_it.o
        18          0         24          4          0       2685   system_stm32f4xx.o
       166          0          0          0         72       6447   tim.o
       190          0          0          0         15       2799   uartdriver.o
       464          0          0          0        328       5321   usart.o

    ----------------------------------------------------------------------
     20292        484       3704         68       1884     248326   Object Totals
         0          0         32          0          0          0   (incl. Generated)
       202          0          0          6         15          0   (incl. Padding)

    ----------------------------------------------------------------------

      Code (inc. data)   RO Data    RW Data    ZI Data      Debug   Library Member Name

       864         94         80          0          0        280   asin.o
       744        106        152          0          0        352   atan.o
       512         64          0          0          0        208   atan2.o
       104         16          0          0          0        496   dunder.o
        24          0          0          0          0        124   fabs.o
        48          0          0          0          0        124   fpclassify.o
       248          0          0          0          0        152   poly.o
         0          0          8          0          0          0   qnan.o
       110          0          0          0          0        148   sqrt.o
         0          0          0          0          0          0   entry.o
         0          0          0          0          0          0   entry10a.o
         0          0          0          0          0          0   entry11a.o
         8          4          0          0          0          0   entry2.o
         4          0          0          0          0          0   entry5.o
         0          0          0          0          0          0   entry7b.o
         0          0          0          0          0          0   entry8b.o
         8          4          0          0          0          0   entry9a.o
        12          6          0          4          0         68   errno.o
        30          0          0          0          0          0   handlers.o
        36          8          0          0          0         68   init.o
         0          0          0          0          0          0   iusefp.o
        98          0          0          0          0         84   ldiv.o
        30          0          0          0          0         68   llshl.o
        36          0          0          0          0         68   llsshr.o
        32          0          0          0          0         68   llushr.o
        26          0          0          0          0         80   memcmp.o
        36          0          0          0          0        108   memseta.o
      2258         90          0          0          0        452   printfa.o
        36          6          0          0          0         80   puts.o
         0          0          0          4          0          0   stdout.o
        44          0          0          0          0         80   uidiv.o
        98          0          0          0          0         92   uldiv.o
        48          0          0          0          0         68   cdcmple.o
        48          0          0          0          0         68   cdrcmple.o
        56          0          0          0          0         88   d2f.o
       334          0          0          0          0        148   dadd.o
       222          0          0          0          0        100   ddiv.o
       186          0          0          0          0        176   depilogue.o
        48          0          0          0          0         68   dfixul.o
        34          0          0          0          0         76   dflti.o
       228          0          0          0          0         96   dmul.o
       162          0          0          0          0        100   dsqrt.o
        38          0          0          0          0         68   f2d.o
       110          0          0          0          0        168   fepilogue.o

    ----------------------------------------------------------------------
      6976        398        240          8          0       4424   Library Totals
        16          0          0          0          0          0   (incl. Padding)

    ----------------------------------------------------------------------

      Code (inc. data)   RO Data    RW Data    ZI Data      Debug   Library Name

      2654        280        240          0          0       1884   m_wm.l
      2792        118          0          8          0       1316   mc_w.l
      1514          0          0          0          0       1224   mf_w.l

    ----------------------------------------------------------------------
      6976        398        240          8          0       4424   Library Totals

    ----------------------------------------------------------------------

==============================================================================


      Code (inc. data)   RO Data    RW Data    ZI Data      Debug   

     27268        882       3944         76       1884     250054   Grand Totals
     27268        882       3944         76       1884     250054   ELF Image Totals
     27268        882       3944         76          0          0   ROM Totals

==============================================================================

    Total RO  Size (Code + RO Data)                31212 (  30.48kB)
    Total RW  Size (RW Data + ZI Data)              1960 (   1.91kB)
    Total ROM Size (Code + RO Data + RW Data)      31288 (  30.55kB)

==============================================================================

