Component: Arm Compiler for Embedded 6.18 Tool: armlink [5e4cc100]

==============================================================================

Section Cross References

    startup_stm32f401xc.o(RESET) refers to startup_stm32f401xc.o(STACK) for __initial_sp
    startup_stm32f401xc.o(RESET) refers to startup_stm32f401xc.o(.text) for Reset_Handler
    startup_stm32f401xc.o(RESET) refers to stm32f4xx_it.o(.text.NMI_Handler) for NMI_Handler
    startup_stm32f401xc.o(RESET) refers to stm32f4xx_it.o(.text.HardFault_Handler) for HardFault_Handler
    startup_stm32f401xc.o(RESET) refers to stm32f4xx_it.o(.text.MemManage_Handler) for MemManage_Handler
    startup_stm32f401xc.o(RESET) refers to stm32f4xx_it.o(.text.BusFault_Handler) for BusFault_Handler
    startup_stm32f401xc.o(RESET) refers to stm32f4xx_it.o(.text.UsageFault_Handler) for UsageFault_Handler
    startup_stm32f401xc.o(RESET) refers to stm32f4xx_it.o(.text.SVC_Handler) for SVC_Handler
    startup_stm32f401xc.o(RESET) refers to stm32f4xx_it.o(.text.DebugMon_Handler) for DebugMon_Handler
    startup_stm32f401xc.o(RESET) refers to stm32f4xx_it.o(.text.PendSV_Handler) for PendSV_Handler
    startup_stm32f401xc.o(RESET) refers to stm32f4xx_it.o(.text.SysTick_Handler) for SysTick_Handler
    startup_stm32f401xc.o(RESET) refers to stm32f4xx_it.o(.text.DMA1_Stream5_IRQHandler) for DMA1_Stream5_IRQHandler
    startup_stm32f401xc.o(RESET) refers to stm32f4xx_it.o(.text.DMA1_Stream6_IRQHandler) for DMA1_Stream6_IRQHandler
    startup_stm32f401xc.o(RESET) refers to stm32f4xx_it.o(.text.TIM1_BRK_TIM9_IRQHandler) for TIM1_BRK_TIM9_IRQHandler
    startup_stm32f401xc.o(RESET) refers to stm32f4xx_it.o(.text.DMA2_Stream1_IRQHandler) for DMA2_Stream1_IRQHandler
    startup_stm32f401xc.o(RESET) refers to stm32f4xx_it.o(.text.USART6_IRQHandler) for USART6_IRQHandler
    startup_stm32f401xc.o(.text) refers to system_stm32f4xx.o(.text.SystemInit) for SystemInit
    startup_stm32f401xc.o(.text) refers to entry.o(.ARM.Collect$$$$00000000) for __main
    main.o(.text.main) refers to stm32f4xx_hal.o(.text.HAL_Init) for HAL_Init
    main.o(.text.main) refers to main.o(.text.SystemClock_Config) for SystemClock_Config
    main.o(.text.main) refers to gpio.o(.text.MX_GPIO_Init) for MX_GPIO_Init
    main.o(.text.main) refers to dma.o(.text.MX_DMA_Init) for MX_DMA_Init
    main.o(.text.main) refers to usart.o(.text.MX_USART2_UART_Init) for MX_USART2_UART_Init
    main.o(.text.main) refers to usart.o(.text.MX_USART1_UART_Init) for MX_USART1_UART_Init
    main.o(.text.main) refers to i2c.o(.text.MX_I2C2_Init) for MX_I2C2_Init
    main.o(.text.main) refers to tim.o(.text.MX_TIM9_Init) for MX_TIM9_Init
    main.o(.text.main) refers to i2c.o(.text.MX_I2C1_Init) for MX_I2C1_Init
    main.o(.text.main) refers to usart.o(.text.MX_USART6_UART_Init) for MX_USART6_UART_Init
    main.o(.text.main) refers to stm32f4xx_hal_gpio.o(.text.HAL_GPIO_ReadPin) for HAL_GPIO_ReadPin
    main.o(.text.main) refers to stm32f4xx_hal.o(.text.HAL_Delay) for HAL_Delay
    main.o(.text.main) refers to puts.o(i.puts) for puts
    main.o(.text.main) refers to statemachine.o(.text.loop) for loop
    main.o(.ARM.exidx.text.main) refers to main.o(.text.main) for [Anonymous Symbol]
    main.o(.text.SystemClock_Config) refers to memseta.o(.text) for __aeabi_memclr4
    main.o(.text.SystemClock_Config) refers to stm32f4xx_hal_rcc.o(.text.HAL_RCC_OscConfig) for HAL_RCC_OscConfig
    main.o(.text.SystemClock_Config) refers to stm32f4xx_hal_rcc.o(.text.HAL_RCC_ClockConfig) for HAL_RCC_ClockConfig
    main.o(.ARM.exidx.text.SystemClock_Config) refers to main.o(.text.SystemClock_Config) for [Anonymous Symbol]
    main.o(.ARM.exidx.text.Error_Handler) refers to main.o(.text.Error_Handler) for [Anonymous Symbol]
    gpio.o(.text.MX_GPIO_Init) refers to stm32f4xx_hal_gpio.o(.text.HAL_GPIO_Init) for HAL_GPIO_Init
    gpio.o(.ARM.exidx.text.MX_GPIO_Init) refers to gpio.o(.text.MX_GPIO_Init) for [Anonymous Symbol]
    dma.o(.text.MX_DMA_Init) refers to stm32f4xx_hal_cortex.o(.text.HAL_NVIC_SetPriority) for HAL_NVIC_SetPriority
    dma.o(.text.MX_DMA_Init) refers to stm32f4xx_hal_cortex.o(.text.HAL_NVIC_EnableIRQ) for HAL_NVIC_EnableIRQ
    dma.o(.ARM.exidx.text.MX_DMA_Init) refers to dma.o(.text.MX_DMA_Init) for [Anonymous Symbol]
    i2c.o(.text.MX_I2C1_Init) refers to i2c.o(.bss.hi2c1) for hi2c1
    i2c.o(.text.MX_I2C1_Init) refers to stm32f4xx_hal_i2c.o(.text.HAL_I2C_Init) for HAL_I2C_Init
    i2c.o(.text.MX_I2C1_Init) refers to main.o(.text.Error_Handler) for Error_Handler
    i2c.o(.ARM.exidx.text.MX_I2C1_Init) refers to i2c.o(.text.MX_I2C1_Init) for [Anonymous Symbol]
    i2c.o(.text.MX_I2C2_Init) refers to i2c.o(.bss.hi2c2) for hi2c2
    i2c.o(.text.MX_I2C2_Init) refers to stm32f4xx_hal_i2c.o(.text.HAL_I2C_Init) for HAL_I2C_Init
    i2c.o(.text.MX_I2C2_Init) refers to main.o(.text.Error_Handler) for Error_Handler
[...]
    DMA_CalcBaseAndBitshift.flagBitshiftOffset 0x080082de   Data           8  stm32f4xx_hal_dma.o(.rodata.cst8)
    [Anonymous Symbol]                       0x080082de   Section        0  stm32f4xx_hal_dma.o(.rodata.cst8)
    .Lswitch.table.mpu_lp_motion_interrupt   0x080082e6   Data           8  inv_mpu.o(.rodata.cst8)
    .Lswitch.table.run_self_test.5           0x080082ee   Data           8  inv_mpu.o(.rodata.cst8)
    dmp_memory                               0x080082f6   Data        3062  inv_mpu_dmp_motion_driver.o(.rodata.dmp_memory)
    [Anonymous Symbol]                       0x080082f6   Section        0  inv_mpu_dmp_motion_driver.o(.rodata.dmp_memory)
    .Lstr                                    0x08008f13   Data           2  statemachine.o(.rodata.str1.1)
    [Anonymous Symbol]                       0x08008f13   Section        0  statemachine.o(.rodata.str1.1)
    .L.str                                   0x08008f15   Data           3  statemachine.o(.rodata.str1.1)
    .Lstr                                    0x08008f18   Data          76  inv_mpu.o(.rodata.str1.1)
    [Anonymous Symbol]                       0x08008f18   Section        0  inv_mpu.o(.rodata.str1.1)
    .data                                    0x20000000   Section        4  stdout.o(.data)
    _errno                                   0x20000004   Data           4  errno.o(.data)
    .data                                    0x20000004   Section        4  errno.o(.data)
    gyro_orientation                         0x2000000c   Data           9  inv_mpu.o(.data.gyro_orientation)
    [Anonymous Symbol]                       0x2000000c   Section        0  inv_mpu.o(.data.gyro_orientation)
    st                                       0x20000018   Data          44  inv_mpu.o(.data.st)
    [Anonymous Symbol]                       0x20000018   Section        0  inv_mpu.o(.data.st)
    FSMD.0                                   0x200000b8   Data           1  statemachine.o(.bss.FSMD.0)
    [Anonymous Symbol]                       0x200000b8   Section        0  statemachine.o(.bss.FSMD.0)
    FSMD.1                                   0x200000b9   Data           1  statemachine.o(.bss.FSMD.1)
    [Anonymous Symbol]                       0x200000b9   Section        0  statemachine.o(.bss.FSMD.1)
    FSMD.3                                   0x200000ba   Data           1  statemachine.o(.bss.FSMD.3)
    [Anonymous Symbol]                       0x200000ba   Section        0  statemachine.o(.bss.FSMD.3)
    FSMD.4                                   0x200000bb   Data           1  statemachine.o(.bss.FSMD.4)
    [Anonymous Symbol]                       0x200000bb   Section        0  statemachine.o(.bss.FSMD.4)
    KFD_pitch                                0x200000bc   Data          16  mpu6050.o(.bss.KFD_pitch)
    [Anonymous Symbol]                       0x200000bc   Section        0  mpu6050.o(.bss.KFD_pitch)
    KFD_roll                                 0x200000cc   Data          16  mpu6050.o(.bss.KFD_roll)
    [Anonymous Symbol]                       0x200000cc   Section        0  mpu6050.o(.bss.KFD_roll)
    KFD_yaw                                  0x200000dc   Data          16  mpu6050.o(.bss.KFD_yaw)
    [Anonymous Symbol]                       0x200000dc   Section        0  mpu6050.o(.bss.KFD_yaw)
    LPButterworth.LPB_Cnt                    0x200000ec   Data           4  opticalflow.o(.bss.LPButterworth.LPB_Cnt)
    [Anonymous Symbol]                       0x200000ec   Section        0  opticalflow.o(.bss.LPButterworth.LPB_Cnt)
    _flow_data_buff                          0x20000124   Data          18  opticalflow.o(.bss._flow_data_buff)
    [Anonymous Symbol]                       0x20000124   Section        0  opticalflow.o(.bss._flow_data_buff)
    data                                     0x20000188   Data          10  uartdriver.o(.bss.data)
    [Anonymous Symbol]                       0x20000188   Section        0  uartdriver.o(.bss.data)
    data                                     0x20000192   Data          14  altimeter.o(.bss.data)
    [Anonymous Symbol]                       0x20000192   Section        0  altimeter.o(.bss.data)
    delay_list                               0x200001a0   Data         240  statemachine.o(.bss.delay_list)
    [Anonymous Symbol]                       0x200001a0   Section        0  statemachine.o(.bss.delay_list)
    dmp.0                                    0x20000290   Data           4  inv_mpu_dmp_motion_driver.o(.bss.dmp.0)
    [Anonymous Symbol]                       0x20000290   Section        0  inv_mpu_dmp_motion_driver.o(.bss.dmp.0)
    dmp.1                                    0x20000294   Data           4  inv_mpu_dmp_motion_driver.o(.bss.dmp.1)
    [Anonymous Symbol]                       0x20000294   Section        0  inv_mpu_dmp_motion_driver.o(.bss.dmp.1)
    dmp.2                                    0x20000298   Data           2  inv_mpu_dmp_motion_driver.o(.bss.dmp.2)
    [Anonymous Symbol]                       0x20000298   Section        0  inv_mpu_dmp_motion_driver.o(.bss.dmp.2)
    dmp.3                                    0x2000029c   Data           2  inv_mpu_dmp_motion_driver.o(.bss.dmp.3)
    [Anonymous Symbol]                       0x2000029c   Section        0  inv_mpu_dmp_motion_driver.o(.bss.dmp.3)
    dmp.4                                    0x200002a0   Data           2  inv_mpu_dmp_motion_driver.o(.bss.dmp.4)
    [Anonymous Symbol]                       0x200002a0   Section        0  inv_mpu_dmp_motion_driver.o(.bss.dmp.4)
    dmp.5                                    0x200002a2   Data           1  inv_mpu_dmp_motion_driver.o(.bss.dmp.5)
    [Anonymous Symbol]                       0x200002a2   Section        0  inv_mpu_dmp_motion_driver.o(.bss.dmp.5)
    fdata                                    0x200002a4   Data          40  statemachine.o(.bss.fdata)
    [Anonymous Symbol]                       0x200002a4   Section        0  statemachine.o(.bss.fdata)
    fly_flag                                 0x200002cc   Data           1  statemachine.o(.bss.fly_flag)
    [Anonymous Symbol]                       0x200002cc   Section        0  statemachine.o(.bss.fly_flag)
    ltime                                    0x200005c0   Data           4  statemachine.o(.bss.ltime)
    [Anonymous Symbol]                       0x200005c0   Section        0  statemachine.o(.bss.ltime)
    opt_pid_x                                0x2000063c   Data          52  opticalflow.o(.bss.opt_pid_x)
    [Anonymous Symbol]                       0x2000063c   Section        0  opticalflow.o(.bss.opt_pid_x)
    opt_pid_y                                0x20000670   Data          52  opticalflow.o(.bss.opt_pid_y)
    [Anonymous Symbol]                       0x20000670   Section        0  opticalflow.o(.bss.opt_pid_y)
    spl0601.0                                0x200006a4   Data           2  spl06_001.o(.bss.spl0601.0)
    [Anonymous Symbol]                       0x200006a4   Section        0  spl06_001.o(.bss.spl0601.0)
    spl0601.1                                0x200006a8   Data           2  spl06_001.o(.bss.spl0601.1)
    [Anonymous Symbol]                       0x200006a8   Section        0  spl06_001.o(.bss.spl0601.1)
    spl0601.10                               0x200006ac   Data           4  spl06_001.o(.bss.spl0601.10)
    [Anonymous Symbol]                       0x200006ac   Section        0  spl06_001.o(.bss.spl0601.10)
    spl0601.11                               0x200006b0   Data           4  spl06_001.o(.bss.spl0601.11)
    [Anonymous Symbol]                       0x200006b0   Section        0  spl06_001.o(.bss.spl0601.11)
    spl0601.12                               0x200006b4   Data           4  spl06_001.o(.bss.spl0601.12)
    [Anonymous Symbol]                       0x200006b4   Section        0  spl06_001.o(.bss.spl0601.12)
    spl0601.13                               0x200006b8   Data           4  spl06_001.o(.bss.spl0601.13)
    [Anonymous Symbol]                       0x200006b8   Section        0  spl06_001.o(.bss.spl0601.13)
    spl0601.2                                0x200006bc   Data           4  spl06_001.o(.bss.spl0601.2)
    [Anonymous Symbol]                       0x200006bc   Section        0  spl06_001.o(.bss.spl0601.2)
    spl0601.3                                0x200006c0   Data           4  spl06_001.o(.bss.spl0601.3)
    [Anonymous Symbol]                       0x200006c0   Section        0  spl06_001.o(.bss.spl0601.3)
    spl0601.4                                0x200006c4   Data           2  spl06_001.o(.bss.spl0601.4)
    [Anonymous Symbol]                       0x200006c4   Section        0  spl06_001.o(.bss.spl0601.4)
    spl0601.5                                0x200006c8   Data           2  spl06_001.o(.bss.spl0601.5)
    [Anonymous Symbol]                       0x200006c8   Section        0  spl06_001.o(.bss.spl0601.5)
    spl0601.6                                0x200006cc   Data           2  spl06_001.o(.bss.spl0601.6)
    [Anonymous Symbol]                       0x200006cc   Section        0  spl06_001.o(.bss.spl0601.6)
    spl0601.7                                0x200006d0   Data           2  spl06_001.o(.bss.spl0601.7)
    [Anonymous Symbol]                       0x200006d0   Section        0  spl06_001.o(.bss.spl0601.7)
    spl0601.8                                0x200006d4   Data           2  spl06_001.o(.bss.spl0601.8)
    [Anonymous Symbol]                       0x200006d4   Section        0  spl06_001.o(.bss.spl0601.8)
    spl_pid                                  0x200006d8   Data          52  spl06_001.o(.bss.spl_pid)
    [Anonymous Symbol]                       0x200006d8   Section        0  spl06_001.o(.bss.spl_pid)
    udata.0                                  0x2000070c   Data           1  uartdriver.o(.bss.udata.0)
    [Anonymous Symbol]                       0x2000070c   Section        0  uartdriver.o(.bss.udata.0)
    udata.1                                  0x2000070d   Data           1  uartdriver.o(.bss.udata.1)
    [Anonymous Symbol]                       0x2000070d   Section        0  uartdriver.o(.bss.udata.1)
    udata.2                                  0x2000070e   Data           1  uartdriver.o(.bss.udata.2)
    [Anonymous Symbol]                       0x2000070e   Section        0  uartdriver.o(.bss.udata.2)
    udata.3                                  0x2000070f   Data           1  uartdriver.o(.bss.udata.3)
    [Anonymous Symbol]                       0x2000070f   Section        0  uartdriver.o(.bss.udata.3)
    udata.4                                  0x20000710   Data           1  uartdriver.o(.bss.udata.4)
    [Anonymous Symbol]                       0x20000710   Section        0  uartdriver.o(.bss.udata.4)
    STACK                                    0x20000718   Section     1024  startup_stm32f401xc.o(STACK)

    Global Symbols

    Symbol Name                              Value     Ov Type        Size  Object(Section)

    BuildAttributes$$THM_ISAv4$E$P$D$K$B$S$7EM$VFPi3$EXTD16$VFPS$VFMA$PE$A:L22UL41UL21$X:L11$S22US41US21$IEEE1$IW$~IW$USESV6$~STKCKD$USESV7$~SHL$OTIME$ROPI$IEEEX$EBA8$MICROLIB$REQ8$PRES8$EABIv2 0x00000000   Number         0  anon$$obj.o ABSOLUTE
    _printf_a                                0x00000000   Number         0  printfstubs.o ABSOLUTE
    _printf_c                                0x00000000   Number         0  printfstubs.o ABSOLUTE
    _printf_charcount                        0x00000000   Number         0  printfstubs.o ABSOLUTE
    _printf_d                                0x00000000   Number         0  printfstubs.o ABSOLUTE
    _printf_e                                0x00000000   Number         0  printfstubs.o ABSOLUTE
    _printf_f                                0x00000000   Number         0  printfstubs.o ABSOLUTE
    _printf_flags                            0x00000000   Number         0  printfstubs.o ABSOLUTE
    _printf_fp_dec                           0x00000000   Number         0  printfstubs.o ABSOLUTE
    _printf_fp_hex                           0x00000000   Number         0  printfstubs.o ABSOLUTE
    _printf_g                                0x00000000   Number         0  printfstubs.o ABSOLUTE
    _printf_i                                0x00000000   Number         0  printfstubs.o ABSOLUTE
    _printf_int_dec                          0x00000000   Number         0  printfstubs.o ABSOLUTE
    _printf_l                                0x00000000   Number         0  printfstubs.o ABSOLUTE
    _printf_lc                               0x00000000   Number         0  printfstubs.o ABSOLUTE
    _printf_ll                               0x00000000   Number         0  printfstubs.o ABSOLUTE
    _printf_lld                              0x00000000   Number         0  printfstubs.o ABSOLUTE
    _printf_lli                              0x00000000   Number         0  printfstubs.o ABSOLUTE
    _printf_llo                              0x00000000   Number         0  printfstubs.o ABSOLUTE
    _printf_llu                              0x00000000   Number         0  printfstubs.o ABSOLUTE
    _printf_llx                              0x00000000   Number         0  printfstubs.o ABSOLUTE
    _printf_longlong_dec                     0x00000000   Number         0  printfstubs.o ABSOLUTE
    _printf_longlong_hex                     0x00000000   Number         0  printfstubs.o ABSOLUTE
    _printf_longlong_oct                     0x00000000   Number         0  printfstubs.o ABSOLUTE
    _printf_ls                               0x00000000   Number         0  printfstubs.o ABSOLUTE
    _printf_mbtowc                           0x00000000   Number         0  printfstubs.o ABSOLUTE
    _printf_n                                0x00000000   Number         0  printfstubs.o ABSOLUTE
    _printf_o                                0x00000000   Number         0  printfstubs.o ABSOLUTE
    _printf_p                                0x00000000   Number         0  printfstubs.o ABSOLUTE
    _printf_percent                          0x00000000   Number         0  printfstubs.o ABSOLUTE
    _printf_pre_padding                      0x00000000   Number         0  printfstubs.o ABSOLUTE
    _printf_return_value                     0x00000000   Number         0  printfstubs.o ABSOLUTE
    _printf_s                                0x00000000   Number         0  printfstubs.o ABSOLUTE
    _printf_sizespec                         0x00000000   Number         0  printfstubs.o ABSOLUTE
    _printf_str                              0x00000000   Number         0  printfstubs.o ABSOLUTE
    _printf_truncate_signed                  0x00000000   Number         0  printfstubs.o ABSOLUTE
    _printf_truncate_unsigned                0x00000000   Number         0  printfstubs.o ABSOLUTE
    _printf_u                                0x00000000   Number         0  printfstubs.o ABSOLUTE
    _printf_wc                               0x00000000   Number         0  printfstubs.o ABSOLUTE
    _printf_wctomb                           0x00000000   Number         0  printfstubs.o ABSOLUTE
    _printf_widthprec                        0x00000000   Number         0  printfstubs.o ABSOLUTE
    _printf_x                                0x00000000   Number         0  printfstubs.o ABSOLUTE
    __cpp_initialize__aeabi_                  - Undefined Weak Reference
    __cxa_finalize                            - Undefined Weak Reference
    __decompress                              - Undefined Weak Reference
    _clock_init                               - Undefined Weak Reference
    _microlib_exit                            - Undefined Weak Reference
    __Vectors_Size                           0x00000194   Number         0  startup_stm32f401xc.o ABSOLUTE
    __Vectors                                0x08000000   Data           4  startup_stm32f401xc.o(RESET)
    __Vectors_End                            0x08000194   Data           0  startup_stm32f401xc.o(RESET)
    __main                                   0x08000195   Thumb Code     0  entry.o(.ARM.Collect$$$$00000000)
    _main_stk                                0x08000195   Thumb Code     0  entry2.o(.ARM.Collect$$$$00000001)
    _main_scatterload                        0x08000199   Thumb Code     0  entry5.o(.ARM.Collect$$$$00000004)
    __main_after_scatterload                 0x0800019d   Thumb Code     0  entry5.o(.ARM.Collect$$$$00000004)
    _main_clock                              0x0800019d   Thumb Code     0  entry7b.o(.ARM.Collect$$$$00000008)
    _main_cpp_init                           0x0800019d   Thumb Code     0  entry8b.o(.ARM.Collect$$$$0000000A)
    _main_init                               0x0800019d   Thumb Code     0  entry9a.o(.ARM.Collect$$$$0000000B)
    __rt_final_cpp                           0x080001a5   Thumb Code     0  entry10a.o(.ARM.Collect$$$$0000000D)
    __rt_final_exit                          0x080001a5   Thumb Code     0  entry11a.o(.ARM.Collect$$$$0000000F)
    Reset_Handler                            0x080001a9   Thumb Code     8  startup_stm32f401xc.o(.text)
    ADC_IRQHandler                           0x080001c3   Thumb Code     0  startup_stm32f401xc.o(.text)
    DMA1_Stream0_IRQHandler                  0x080001c3   Thumb Code     0  startup_stm32f401xc.o(.text)
    DMA1_Stream1_IRQHandler                  0x080001c3   Thumb Code     0  startup_stm32f401xc.o(.text)
    DMA1_Stream2_IRQHandler                  0x080001c3   Thumb Code     0  startup_stm32f401xc.o(.text)
    DMA1_Stream3_IRQHandler                  0x080001c3   Thumb Code     0  startup_stm32f401xc.o(.text)
    DMA1_Stream4_IRQHandler                  0x080001c3   Thumb Code     0  startup_stm32f401xc.o(.text)
    DMA1_Stream7_IRQHandler                  0x080001c3   Thumb Code     0  startup_stm32f401xc.o(.text)
    DMA2_Stream0_IRQHandler                  0x080001c3   Thumb Code     0  startup_stm32f401xc.o(.text)
    DMA2_Stream2_IRQHandler                  0x080001c3   Thumb Code     0  startup_stm32f401xc.o(.text)
    DMA2_Stream3_IRQHandler                  0x080001c3   Thumb Code     0  startup_stm32f401xc.o(.text)
    DMA2_Stream4_IRQHandler                  0x080001c3   Thumb Code     0  startup_stm32f401xc.o(.text)
    DMA2_Stream5_IRQHandler                  0x080001c3   Thumb Code     0  startup_stm32f401xc.o(.text)
    DMA2_Stream6_IRQHandler                  0x080001c3   Thumb Code     0  startup_stm32f401xc.o(.text)
    DMA2_Stream7_IRQHandler                  0x080001c3   Thumb Code     0  startup_stm32f401xc.o(.text)
    EXTI0_IRQHandler                         0x080001c3   Thumb Code     0  startup_stm32f401xc.o(.text)
    EXTI15_10_IRQHandler                     0x080001c3   Thumb Code     0  startup_stm32f401xc.o(.text)
    EXTI1_IRQHandler                         0x080001c3   Thumb Code     0  startup_stm32f401xc.o(.text)
    EXTI2_IRQHandler                         0x080001c3   Thumb Code     0  startup_stm32f401xc.o(.text)
    EXTI3_IRQHandler                         0x080001c3   Thumb Code     0  startup_stm32f401xc.o(.text)
    EXTI4_IRQHandler                         0x080001c3   Thumb Code     0  startup_stm32f401xc.o(.text)
    EXTI9_5_IRQHandler                       0x080001c3   Thumb Code     0  startup_stm32f401xc.o(.text)
    FLASH_IRQHandler                         0x080001c3   Thumb Code     0  startup_stm32f401xc.o(.text)
    FPU_IRQHandler                           0x080001c3   Thumb Code     0  startup_stm32f401xc.o(.text)
    I2C1_ER_IRQHandler                       0x080001c3   Thumb Code     0  startup_stm32f401xc.o(.text)
    I2C1_EV_IRQHandler                       0x080001c3   Thumb Code     0  startup_stm32f401xc.o(.text)
    I2C2_ER_IRQHandler                       0x080001c3   Thumb Code     0  startup_stm32f401xc.o(.text)
    I2C2_EV_IRQHandler                       0x080001c3   Thumb Code     0  startup_stm32f401xc.o(.text)
    I2C3_ER_IRQHandler                       0x080001c3   Thumb Code     0  startup_stm32f401xc.o(.text)
    I2C3_EV_IRQHandler                       0x080001c3   Thumb Code     0  startup_stm32f401xc.o(.text)
    OTG_FS_IRQHandler                        0x080001c3   Thumb Code     0  startup_stm32f401xc.o(.text)
    OTG_FS_WKUP_IRQHandler                   0x080001c3   Thumb Code     0  startup_stm32f401xc.o(.text)
    PVD_IRQHandler                           0x080001c3   Thumb Code     0  startup_stm32f401xc.o(.text)
    RCC_IRQHandler                           0x080001c3   Thumb Code     0  startup_stm32f401xc.o(.text)
    RTC_Alarm_IRQHandler                     0x080001c3   Thumb Code     0  startup_stm32f401xc.o(.text)
    RTC_WKUP_IRQHandler                      0x080001c3   Thumb Code     0  startup_stm32f401xc.o(.text)
    SDIO_IRQHandler                          0x080001c3   Thumb Code     0  startup_stm32f401xc.o(.text)
    SPI1_IRQHandler                          0x080001c3   Thumb Code     0  startup_stm32f401xc.o(.text)
    SPI2_IRQHandler                          0x080001c3   Thumb Code     0  startup_stm32f401xc.o(.text)
    SPI3_IRQHandler                          0x080001c3   Thumb Code     0  startup_stm32f401xc.o(.text)
    SPI4_IRQHandler                          0x080001c3   Thumb Code     0  startup_stm32f401xc.o(.text)
    TAMP_STAMP_IRQHandler                    0x080001c3   Thumb Code     0  startup_stm32f401xc.o(.text)
    TIM1_CC_IRQHandler                       0x080001c3   Thumb Code     0  startup_stm32f401xc.o(.text)
    TIM1_TRG_COM_TIM11_IRQHandler            0x080001c3   Thumb Code     0  startup_stm32f401xc.o(.text)
    TIM1_UP_TIM10_IRQHandler                 0x080001c3   Thumb Code     0  startup_stm32f401xc.o(.text)
    TIM2_IRQHandler                          0x080001c3   Thumb Code     0  startup_stm32f401xc.o(.text)
    TIM3_IRQHandler                          0x080001c3   Thumb Code     0  startup_stm32f401xc.o(.text)
    TIM4_IRQHandler                          0x080001c3   Thumb Code     0  startup_stm32f401xc.o(.text)
    TIM5_IRQHandler                          0x080001c3   Thumb Code     0  startup_stm32f401xc.o(.text)
    USART1_IRQHandler                        0x080001c3   Thumb Code     0  startup_stm32f401xc.o(.text)
    USART2_IRQHandler                        0x080001c3   Thumb Code     0  startup_stm32f401xc.o(.text)
    WWDG_IRQHandler                          0x080001c3   Thumb Code     0  startup_stm32f401xc.o(.text)
    __aeabi_uldivmod                         0x080001cd   Thumb Code    98  uldiv.o(.text)
    __aeabi_ldivmod                          0x0800022f   Thumb Code    98  ldiv.o(.text)
    __aeabi_memcpy                           0x08000291   Thumb Code    36  memcpya.o(.text)
    __aeabi_memcpy4                          0x08000291   Thumb Code     0  memcpya.o(.text)
    __aeabi_memcpy8                          0x08000291   Thumb Code     0  memcpya.o(.text)
    __aeabi_memset                           0x080002b5   Thumb Code    14  memseta.o(.text)
    __aeabi_memset4                          0x080002b5   Thumb Code     0  memseta.o(.text)
    __aeabi_memset8                          0x080002b5   Thumb Code     0  memseta.o(.text)
    __aeabi_memclr                           0x080002c3   Thumb Code     4  memseta.o(.text)
    __aeabi_memclr4                          0x080002c3   Thumb Code     0  memseta.o(.text)
    __aeabi_memclr8                          0x080002c3   Thumb Code     0  memseta.o(.text)
    _memset$wrapper                          0x080002c7   Thumb Code    18  memseta.o(.text)
    memcmp                                   0x080002d9   Thumb Code    26  memcmp.o(.text)
    __aeabi_dadd                             0x080002f3   Thumb Code   322  dadd.o(.text)
    __aeabi_dsub                             0x08000435   Thumb Code     6  dadd.o(.text)
    __aeabi_drsub                            0x0800043b   Thumb Code     6  dadd.o(.text)
    __aeabi_dmul                             0x08000441   Thumb Code   228  dmul.o(.text)
    __aeabi_ddiv                             0x08000525   Thumb Code   222  ddiv.o(.text)
    __aeabi_i2d                              0x08000603   Thumb Code    34  dflti.o(.text)
    __aeabi_f2d                              0x08000625   Thumb Code    38  f2d.o(.text)
    __aeabi_d2f                              0x0800064b   Thumb Code    56  d2f.o(.text)
    __aeabi_uidiv                            0x08000683   Thumb Code     0  uidiv.o(.text)
    __aeabi_uidivmod                         0x08000683   Thumb Code    44  uidiv.o(.text)
    __aeabi_llsl                             0x080006af   Thumb Code    30  llshl.o(.text)
    _ll_shift_l                              0x080006af   Thumb Code     0  llshl.o(.text)
    __aeabi_llsr                             0x080006cd   Thumb Code    32  llushr.o(.text)
    _ll_ushift_r                             0x080006cd   Thumb Code     0  llushr.o(.text)
    __aeabi_lasr                             0x080006ed   Thumb Code    36  llsshr.o(.text)
    _ll_sshift_r                             0x080006ed   Thumb Code     0  llsshr.o(.text)
    __I$use$fp                               0x08000711   Thumb Code     0  iusefp.o(.text)
    _float_round                             0x08000711   Thumb Code    18  fepilogue.o(.text)
    _float_epilogue                          0x08000723   Thumb Code    92  fepilogue.o(.text)
    _double_round                            0x0800077f   Thumb Code    30  depilogue.o(.text)
    _double_epilogue                         0x0800079d   Thumb Code   156  depilogue.o(.text)
    __aeabi_d2ulz                            0x08000839   Thumb Code    48  dfixul.o(.text)
    __aeabi_cdcmpeq                          0x08000869   Thumb Code     0  cdcmple.o(.text)
    __aeabi_cdcmple                          0x08000869   Thumb Code    48  cdcmple.o(.text)
    __aeabi_cdrcmple                         0x08000899   Thumb Code    48  cdrcmple.o(.text)
    __scatterload                            0x080008c9   Thumb Code    28  init.o(.text)
    __scatterload_rt2                        0x080008c9   Thumb Code     0  init.o(.text)
    _dsqrt                                   0x080008ed   Thumb Code   162  dsqrt.o(.text)
    Altimeter_Prase                          0x08000991   Thumb Code   108  altimeter.o(.text.Altimeter_Prase)
    Altimeter_init                           0x080009fd   Thumb Code    26  altimeter.o(.text.Altimeter_init)
    BusFault_Handler                         0x08000a19   Thumb Code     2  stm32f4xx_it.o(.text.BusFault_Handler)
    DMA1_Stream5_IRQHandler                  0x08000a1d   Thumb Code    16  stm32f4xx_it.o(.text.DMA1_Stream5_IRQHandler)
    DMA1_Stream6_IRQHandler                  0x08000a2d   Thumb Code    16  stm32f4xx_it.o(.text.DMA1_Stream6_IRQHandler)
    DMA2_Stream1_IRQHandler                  0x08000a3d   Thumb Code    16  stm32f4xx_it.o(.text.DMA2_Stream1_IRQHandler)
    DebugMon_Handler                         0x08000a4d   Thumb Code     2  stm32f4xx_it.o(.text.DebugMon_Handler)
    DelayMs                                  0x08000a51   Thumb Code   216  statemachine.o(.text.DelayMs)
    Error_Handler                            0x08000b29   Thumb Code    10  main.o(.text.Error_Handler)
    Get_MPU_Data                             0x08000b35   Thumb Code    18  mpu6050.o(.text.Get_MPU_Data)
    Get_Opt_Data                             0x08000b49   Thumb Code    22  opticalflow.o(.text.Get_Opt_Data)
    HAL_DMA_Abort                            0x08000b61   Thumb Code   128  stm32f4xx_hal_dma.o(.text.HAL_DMA_Abort)
    HAL_DMA_Abort_IT                         0x08000be1   Thumb Code    36  stm32f4xx_hal_dma.o(.text.HAL_DMA_Abort_IT)
    HAL_DMA_IRQHandler                       0x08000c05   Thumb Code   394  stm32f4xx_hal_dma.o(.text.HAL_DMA_IRQHandler)
    HAL_DMA_Init                             0x08000d91   Thumb Code   320  stm32f4xx_hal_dma.o(.text.HAL_DMA_Init)
    HAL_DMA_Start_IT                         0x08000ed1   Thumb Code   156  stm32f4xx_hal_dma.o(.text.HAL_DMA_Start_IT)
    HAL_Delay                                0x08000f6d   Thumb Code    40  stm32f4xx_hal.o(.text.HAL_Delay)
    HAL_GPIO_Init                            0x08000f95   Thumb Code   416  stm32f4xx_hal_gpio.o(.text.HAL_GPIO_Init)
    HAL_GPIO_ReadPin                         0x08001135   Thumb Code    10  stm32f4xx_hal_gpio.o(.text.HAL_GPIO_ReadPin)
    HAL_GetTick                              0x08001141   Thumb Code    12  stm32f4xx_hal.o(.text.HAL_GetTick)
    HAL_I2C_Init                             0x0800114d   Thumb Code   408  stm32f4xx_hal_i2c.o(.text.HAL_I2C_Init)
    HAL_I2C_Mem_Read                         0x080012e5   Thumb Code   844  stm32f4xx_hal_i2c.o(.text.HAL_I2C_Mem_Read)
    HAL_I2C_Mem_Write                        0x08001631   Thumb Code   404  stm32f4xx_hal_i2c.o(.text.HAL_I2C_Mem_Write)
    HAL_I2C_MspInit                          0x080017c5   Thumb Code   252  i2c.o(.text.HAL_I2C_MspInit)
    HAL_IncTick                              0x080018c1   Thumb Code    26  stm32f4xx_hal.o(.text.HAL_IncTick)
    HAL_Init                                 0x080018dd   Thumb Code    54  stm32f4xx_hal.o(.text.HAL_Init)
    HAL_InitTick                             0x08001915   Thumb Code    80  stm32f4xx_hal.o(.text.HAL_InitTick)
    HAL_MspInit                              0x08001965   Thumb Code    56  stm32f4xx_hal_msp.o(.text.HAL_MspInit)
    HAL_NVIC_EnableIRQ                       0x0800199d   Thumb Code    32  stm32f4xx_hal_cortex.o(.text.HAL_NVIC_EnableIRQ)
    HAL_NVIC_SetPriority                     0x080019bd   Thumb Code    86  stm32f4xx_hal_cortex.o(.text.HAL_NVIC_SetPriority)
    HAL_NVIC_SetPriorityGrouping             0x08001a15   Thumb Code    32  stm32f4xx_hal_cortex.o(.text.HAL_NVIC_SetPriorityGrouping)
    HAL_RCC_ClockConfig                      0x08001a35   Thumb Code   352  stm32f4xx_hal_rcc.o(.text.HAL_RCC_ClockConfig)
    HAL_RCC_GetPCLK1Freq                     0x08001b95   Thumb Code    38  stm32f4xx_hal_rcc.o(.text.HAL_RCC_GetPCLK1Freq)
    HAL_RCC_GetPCLK2Freq                     0x08001bbd   Thumb Code    38  stm32f4xx_hal_rcc.o(.text.HAL_RCC_GetPCLK2Freq)
    HAL_RCC_GetSysClockFreq                  0x08001be5   Thumb Code   104  stm32f4xx_hal_rcc.o(.text.HAL_RCC_GetSysClockFreq)
    HAL_RCC_OscConfig                        0x08001c4d   Thumb Code   840  stm32f4xx_hal_rcc.o(.text.HAL_RCC_OscConfig)
    HAL_SYSTICK_Config                       0x08001f95   Thumb Code    44  stm32f4xx_hal_cortex.o(.text.HAL_SYSTICK_Config)
    HAL_TIMEx_BreakCallback                  0x08001fc1   Thumb Code     2  stm32f4xx_hal_tim_ex.o(.text.HAL_TIMEx_BreakCallback)
    HAL_TIMEx_CommutCallback                 0x08001fc5   Thumb Code     2  stm32f4xx_hal_tim_ex.o(.text.HAL_TIMEx_CommutCallback)
    HAL_TIM_Base_Init                        0x08001fc9   Thumb Code    90  stm32f4xx_hal_tim.o(.text.HAL_TIM_Base_Init)
    HAL_TIM_Base_MspInit                     0x08002025   Thumb Code    72  tim.o(.text.HAL_TIM_Base_MspInit)
    HAL_TIM_ConfigClockSource                0x0800206d   Thumb Code   412  stm32f4xx_hal_tim.o(.text.HAL_TIM_ConfigClockSource)
    HAL_TIM_IC_CaptureCallback               0x08002209   Thumb Code     2  stm32f4xx_hal_tim.o(.text.HAL_TIM_IC_CaptureCallback)
    HAL_TIM_IRQHandler                       0x0800220d   Thumb Code   362  stm32f4xx_hal_tim.o(.text.HAL_TIM_IRQHandler)
    HAL_TIM_OC_DelayElapsedCallback          0x08002379   Thumb Code     2  stm32f4xx_hal_tim.o(.text.HAL_TIM_OC_DelayElapsedCallback)
    HAL_TIM_PWM_PulseFinishedCallback        0x0800237d   Thumb Code     2  stm32f4xx_hal_tim.o(.text.HAL_TIM_PWM_PulseFinishedCallback)
    HAL_TIM_PeriodElapsedCallback            0x08002381   Thumb Code     2  stm32f4xx_hal_tim.o(.text.HAL_TIM_PeriodElapsedCallback)
    HAL_TIM_TriggerCallback                  0x08002385   Thumb Code     2  stm32f4xx_hal_tim.o(.text.HAL_TIM_TriggerCallback)
    HAL_UARTEx_RxEventCallback               0x08002389   Thumb Code     2  stm32f4xx_hal_uart.o(.text.HAL_UARTEx_RxEventCallback)
    HAL_UART_ErrorCallback                   0x0800238d   Thumb Code     2  stm32f4xx_hal_uart.o(.text.HAL_UART_ErrorCallback)
    HAL_UART_IRQHandler                      0x08002391   Thumb Code   750  stm32f4xx_hal_uart.o(.text.HAL_UART_IRQHandler)
    HAL_UART_Init                            0x08002681   Thumb Code    94  stm32f4xx_hal_uart.o(.text.HAL_UART_Init)
    HAL_UART_MspInit                         0x080026e1   Thumb Code   532  usart.o(.text.HAL_UART_MspInit)
    HAL_UART_Receive_DMA                     0x080028f5   Thumb Code    56  stm32f4xx_hal_uart.o(.text.HAL_UART_Receive_DMA)
    HAL_UART_RxCpltCallback                  0x0800292d   Thumb Code     2  stm32f4xx_hal_uart.o(.text.HAL_UART_RxCpltCallback)
    HAL_UART_RxHalfCpltCallback              0x08002931   Thumb Code     2  stm32f4xx_hal_uart.o(.text.HAL_UART_RxHalfCpltCallback)
    HAL_UART_Transmit                        0x08002935   Thumb Code   366  stm32f4xx_hal_uart.o(.text.HAL_UART_Transmit)
    HAL_UART_Transmit_DMA                    0x08002aa5   Thumb Code   140  stm32f4xx_hal_uart.o(.text.HAL_UART_Transmit_DMA)
    HAL_UART_TxCpltCallback                  0x08002b31   Thumb Code     2  stm32f4xx_hal_uart.o(.text.HAL_UART_TxCpltCallback)
    HAL_UART_TxHalfCpltCallback              0x08002b35   Thumb Code     2  stm32f4xx_hal_uart.o(.text.HAL_UART_TxHalfCpltCallback)
    HardFault_Handler                        0x08002b39   Thumb Code     2  stm32f4xx_it.o(.text.HardFault_Handler)
    MPU_Init                                 0x080030bd   Thumb Code   250  mpu6050.o(.text.MPU_Init)
    MPU_Read_Byte                            0x080031b9   Thumb Code    48  mpuiic.o(.text.MPU_Read_Byte)
    MPU_Read_Len                             0x080031e9   Thumb Code    48  mpuiic.o(.text.MPU_Read_Len)
    MPU_Write_Byte                           0x08003219   Thumb Code    48  mpuiic.o(.text.MPU_Write_Byte)
    MPU_Write_Len                            0x08003249   Thumb Code    42  mpuiic.o(.text.MPU_Write_Len)
    MX_DMA_Init                              0x08003275   Thumb Code   106  dma.o(.text.MX_DMA_Init)
    MX_GPIO_Init                             0x080032e1   Thumb Code   114  gpio.o(.text.MX_GPIO_Init)
    MX_I2C1_Init                             0x08003355   Thumb Code    62  i2c.o(.text.MX_I2C1_Init)
    MX_I2C2_Init                             0x08003395   Thumb Code    62  i2c.o(.text.MX_I2C2_Init)
    MX_TIM9_Init                             0x080033d5   Thumb Code    94  tim.o(.text.MX_TIM9_Init)
    MX_USART1_UART_Init                      0x08003435   Thumb Code    56  usart.o(.text.MX_USART1_UART_Init)
    MX_USART2_UART_Init                      0x0800346d   Thumb Code    62  usart.o(.text.MX_USART2_UART_Init)
    MX_USART6_UART_Init                      0x080034ad   Thumb Code    56  usart.o(.text.MX_USART6_UART_Init)
    MemManage_Handler                        0x080034e5   Thumb Code     2  stm32f4xx_it.o(.text.MemManage_Handler)
    NMI_Handler                              0x080034e9   Thumb Code     2  stm32f4xx_it.o(.text.NMI_Handler)
    Opt_init                                 0x080034ed   Thumb Code   268  opticalflow.o(.text.Opt_init)
    Optflow_Task                             0x08003995   Thumb Code    18  opticalflow.o(.text.Optflow_Task)
    PID_Init                                 0x080039a9   Thumb Code    40  pid.o(.text.PID_Init)
    PendSV_Handler                           0x080039d1   Thumb Code     2  stm32f4xx_it.o(.text.PendSV_Handler)
    SVC_Handler                              0x080039d5   Thumb Code     2  stm32f4xx_it.o(.text.SVC_Handler)
    SendOnePackage                           0x080039d9   Thumb Code   100  uartdriver.o(.text.SendOnePackage)
    SysTick_Handler                          0x08003a3d   Thumb Code     8  stm32f4xx_it.o(.text.SysTick_Handler)
    SystemClock_Config                       0x08003a45   Thumb Code   150  main.o(.text.SystemClock_Config)
    SystemInit                               0x08003add   Thumb Code    18  system_stm32f4xx.o(.text.SystemInit)
    TIM1_BRK_TIM9_IRQHandler                 0x08003af1   Thumb Code    16  stm32f4xx_it.o(.text.TIM1_BRK_TIM9_IRQHandler)
    TIM_Base_SetConfig                       0x08003b01   Thumb Code   218  stm32f4xx_hal_tim.o(.text.TIM_Base_SetConfig)
    UART_Start_Receive_DMA                   0x08003f21   Thumb Code   154  stm32f4xx_hal_uart.o(.text.UART_Start_Receive_DMA)
    USART6_IRQHandler                        0x08003fbd   Thumb Code    16  stm32f4xx_it.o(.text.USART6_IRQHandler)
    UpdatePackage                            0x08003fcd   Thumb Code   112  uartdriver.o(.text.UpdatePackage)
    Update_MPU_Data                          0x08004041   Thumb Code   524  mpu6050.o(.text.Update_MPU_Data)
    UsageFault_Handler                       0x0800424d   Thumb Code     2  stm32f4xx_it.o(.text.UsageFault_Handler)
    WritePitch_SD                            0x08004251   Thumb Code    12  uartdriver.o(.text.WritePitch_SD)
    WriteRoll_SD                             0x0800425d   Thumb Code    12  uartdriver.o(.text.WriteRoll_SD)
    WriteThrottle_SD                         0x08004269   Thumb Code    12  uartdriver.o(.text.WriteThrottle_SD)
    WriteYaw_SD                              0x08004275   Thumb Code    12  uartdriver.o(.text.WriteYaw_SD)
    dmp_enable_feature                       0x08004281   Thumb Code   688  inv_mpu_dmp_motion_driver.o(.text.dmp_enable_feature)
    dmp_load_motion_driver_firmware          0x08004531   Thumb Code    26  inv_mpu_dmp_motion_driver.o(.text.dmp_load_motion_driver_firmware)
    dmp_read_fifo                            0x0800454d   Thumb Code   492  inv_mpu_dmp_motion_driver.o(.text.dmp_read_fifo)
    dmp_set_accel_bias                       0x08004739   Thumb Code   190  inv_mpu_dmp_motion_driver.o(.text.dmp_set_accel_bias)
    dmp_set_fifo_rate                        0x080047f9   Thumb Code   110  inv_mpu_dmp_motion_driver.o(.text.dmp_set_fifo_rate)
    dmp_set_gyro_bias                        0x08004869   Thumb Code   196  inv_mpu_dmp_motion_driver.o(.text.dmp_set_gyro_bias)
    dmp_set_orientation                      0x0800492d   Thumb Code   272  inv_mpu_dmp_motion_driver.o(.text.dmp_set_orientation)
    dmp_set_tap_thresh                       0x08004a3d   Thumb Code   328  inv_mpu_dmp_motion_driver.o(.text.dmp_set_tap_thresh)
    fly                                      0x08004b85   Thumb Code   386  uartdriver.o(.text.fly)
    fputc                                    0x08004d09   Thumb Code    32  print.o(.text.fputc)
    get_hight                                0x08004d29   Thumb Code    14  altimeter.o(.text.get_hight)
    inv_orientation_matrix_to_scalar         0x08005091   Thumb Code   180  inv_mpu.o(.text.inv_orientation_matrix_to_scalar)
    loop                                     0x08005145   Thumb Code   388  statemachine.o(.text.loop)
    main                                     0x080052c9   Thumb Code   116  main.o(.text.main)
    mget_ms                                  0x08005345   Thumb Code     2  inv_mpu.o(.text.mget_ms)
    mpu_configure_fifo                       0x08005349   Thumb Code   152  inv_mpu.o(.text.mpu_configure_fifo)
    mpu_dmp_get_data                         0x080053e1   Thumb Code   396  inv_mpu.o(.text.mpu_dmp_get_data)
    mpu_dmp_init                             0x0800556d   Thumb Code   240  inv_mpu.o(.text.mpu_dmp_init)
    mpu_get_accel_fsr                        0x0800565d   Thumb Code    56  inv_mpu.o(.text.mpu_get_accel_fsr)
    mpu_get_accel_sens                       0x08005695   Thumb Code    56  inv_mpu.o(.text.mpu_get_accel_sens)
    mpu_init                                 0x080056cd   Thumb Code   384  inv_mpu.o(.text.mpu_init)
    mpu_load_firmware                        0x0800586d   Thumb Code   346  inv_mpu.o(.text.mpu_load_firmware)
    mpu_lp_accel_mode                        0x080059c9   Thumb Code   480  inv_mpu.o(.text.mpu_lp_accel_mode)
    mpu_read_fifo_stream                     0x08005ba9   Thumb Code   168  inv_mpu.o(.text.mpu_read_fifo_stream)
    mpu_reset_fifo                           0x08005c51   Thumb Code   384  inv_mpu.o(.text.mpu_reset_fifo)
    mpu_run_self_test                        0x08005dd1   Thumb Code  1196  inv_mpu.o(.text.mpu_run_self_test)
    mpu_set_accel_fsr                        0x0800627d   Thumb Code   120  inv_mpu.o(.text.mpu_set_accel_fsr)
    mpu_set_bypass                           0x080062f5   Thumb Code   234  inv_mpu.o(.text.mpu_set_bypass)
    mpu_set_dmp_state                        0x080063e1   Thumb Code   222  inv_mpu.o(.text.mpu_set_dmp_state)
    mpu_set_lpf                              0x080064c1   Thumb Code   110  inv_mpu.o(.text.mpu_set_lpf)
    mpu_set_sample_rate                      0x08006531   Thumb Code   220  inv_mpu.o(.text.mpu_set_sample_rate)
    mpu_set_sensors                          0x0800660d   Thumb Code   246  inv_mpu.o(.text.mpu_set_sensors)
    mpu_write_mem                            0x08006705   Thumb Code   100  inv_mpu.o(.text.mpu_write_mem)
    run_self_test                            0x08006769   Thumb Code   204  inv_mpu.o(.text.run_self_test)
    spl0601_get_calib_param                  0x08006835   Thumb Code   694  spl06_001.o(.text.spl0601_get_calib_param)
    spl0601_init                             0x08006aed   Thumb Code   632  spl06_001.o(.text.spl0601_init)
    task5                                    0x08006d65   Thumb Code   182  statemachine.o(.text.task5)
    task_main                                0x08006e1d   Thumb Code    36  statemachine.o(.text.task_main)
    __0printf                                0x08006e41   Thumb Code    22  printfa.o(i.__0printf)
    __1printf                                0x08006e41   Thumb Code     0  printfa.o(i.__0printf)
    __2printf                                0x08006e41   Thumb Code     0  printfa.o(i.__0printf)
    __c89printf                              0x08006e41   Thumb Code     0  printfa.o(i.__0printf)
    printf                                   0x08006e41   Thumb Code     0  printfa.o(i.__0printf)
    __ARM_fpclassify                         0x08006e61   Thumb Code    48  fpclassify.o(i.__ARM_fpclassify)
    __hardfp_asin                            0x08006e91   Thumb Code   770  asin.o(i.__hardfp_asin)
    __hardfp_atan                            0x080071f1   Thumb Code   622  atan.o(i.__hardfp_atan)
    __hardfp_atan2                           0x080074c9   Thumb Code   448  atan2.o(i.__hardfp_atan2)
    __kernel_poly                            0x080076c9   Thumb Code   248  poly.o(i.__kernel_poly)
    __mathlib_dbl_infnan                     0x080077c1   Thumb Code    20  dunder.o(i.__mathlib_dbl_infnan)
    __mathlib_dbl_infnan2                    0x080077d5   Thumb Code    20  dunder.o(i.__mathlib_dbl_infnan2)
    __mathlib_dbl_invalid                    0x080077e9   Thumb Code    24  dunder.o(i.__mathlib_dbl_invalid)
    __mathlib_dbl_underflow                  0x08007809   Thumb Code    24  dunder.o(i.__mathlib_dbl_underflow)
    __scatterload_copy                       0x08007829   Thumb Code    14  handlers.o(i.__scatterload_copy)
    __scatterload_null                       0x08007837   Thumb Code     2  handlers.o(i.__scatterload_null)
    __scatterload_zeroinit                   0x08007839   Thumb Code    14  handlers.o(i.__scatterload_zeroinit)
    __set_errno                              0x08007849   Thumb Code     6  errno.o(i.__set_errno)
    atan                                     0x08008107   Thumb Code    16  atan.o(i.atan)
    fabs                                     0x08008117   Thumb Code    24  fabs.o(i.fabs)
    putchar                                  0x08008131   Thumb Code     6  putchar.o(i.putchar)
    puts                                     0x0800813d   Thumb Code    30  puts.o(i.puts)
    sqrt                                     0x08008161   Thumb Code   110  sqrt.o(i.sqrt)
    __mathlib_zero                           0x080082b8   Data           8  qnan.o(.constdata)
    AHBPrescTable                            0x080082c6   Data          16  system_stm32f4xx.o(.rodata.AHBPrescTable)
    APBPrescTable                            0x080082d6   Data           8  system_stm32f4xx.o(.rodata.APBPrescTable)
    hw                                       0x08008eec   Data          12  inv_mpu.o(.rodata.hw)
    reg                                      0x08008ef8   Data          27  inv_mpu.o(.rodata.reg)
    test                                     0x08008f64   Data          40  inv_mpu.o(.rodata.test)
    Region$$Table$$Base                      0x08008f8c   Number         0  anon$$obj.o(Region$$Table)
    Region$$Table$$Limit                     0x08008fac   Number         0  anon$$obj.o(Region$$Table)
    __stdout                                 0x20000000   Data           4  stdout.o(.data)
    SystemCoreClock                          0x20000008   Data           4  system_stm32f4xx.o(.data.SystemCoreClock)
    target                                   0x20000044   Data          12  statemachine.o(.data.target)
    uwTickFreq                               0x20000050   Data           1  stm32f4xx_hal.o(.data.uwTickFreq)
    uwTickPrio                               0x20000054   Data           4  stm32f4xx_hal.o(.data.uwTickPrio)
    Buffer_OpticalFlow                       0x20000058   Data          48  opticalflow.o(.bss.Buffer_OpticalFlow)
    Buffer_OpticalFlow_Gyro                  0x20000088   Data          48  opticalflow.o(.bss.Buffer_OpticalFlow_Gyro)
    Optflow_Is_Okay                          0x200000f0   Data           1  opticalflow.o(.bss.Optflow_Is_Okay)
    OpticalFlow_Gyro_Parameter               0x200000f4   Data          24  opticalflow.o(.bss.OpticalFlow_Gyro_Parameter)
    OpticalFlow_Parameter                    0x2000010c   Data          24  opticalflow.o(.bss.OpticalFlow_Parameter)
    _mpu_data                                0x20000138   Data          80  mpu6050.o(.bss._mpu_data)
    gyro_filter_data                         0x200002d0   Data           8  opticalflow.o(.bss.gyro_filter_data)
    hdma_usart2_rx                           0x200002d8   Data          96  usart.o(.bss.hdma_usart2_rx)
    hdma_usart2_tx                           0x20000338   Data          96  usart.o(.bss.hdma_usart2_tx)
    hdma_usart6_rx                           0x20000398   Data          96  usart.o(.bss.hdma_usart6_rx)
    height                                   0x200003f8   Data           4  statemachine.o(.bss.height)
    hi2c1                                    0x200003fc   Data          84  i2c.o(.bss.hi2c1)
    hi2c2                                    0x20000450   Data          84  i2c.o(.bss.hi2c2)
    hight                                    0x200004a4   Data           4  altimeter.o(.bss.hight)
    htim9                                    0x200004a8   Data          72  tim.o(.bss.htim9)
    huart1                                   0x200004f0   Data          68  usart.o(.bss.huart1)
    huart2                                   0x20000534   Data          68  usart.o(.bss.huart2)
    huart6                                   0x20000578   Data          68  usart.o(.bss.huart6)
    logBaroGroundPressureSum                 0x200005bc   Data           4  spl06_001.o(.bss.logBaroGroundPressureSum)
    mpudata                                  0x200005c4   Data          80  statemachine.o(.bss.mpudata)
    opt_data                                 0x20000614   Data          10  opticalflow.o(.bss.opt_data)
    opt_filter_data                          0x2000061e   Data           6  opticalflow.o(.bss.opt_filter_data)
    opt_gyro_data                            0x20000624   Data           8  opticalflow.o(.bss.opt_gyro_data)
    opt_gyro_filter_data                     0x2000062c   Data           8  opticalflow.o(.bss.opt_gyro_filter_data)
    opt_origin_data                          0x20000634   Data           6  opticalflow.o(.bss.opt_origin_data)
    uwTick                                   0x20000714   Data           4  stm32f4xx_hal.o(.bss.uwTick)
    __initial_sp                             0x20000b18   Data           0  startup_stm32f401xc.o(STACK)



==============================================================================

Memory Map of the image

  Image Entry point : 0x08000195

  Load Region LR_IROM1 (Base: 0x08000000, Size: 0x00009008, Max: 0x00040000, ABSOLUTE)

    Execution Region ER_IROM1 (Exec base: 0x08000000, Load base: 0x08000000, Size: 0x00008fac, Max: 0x00040000, ABSOLUTE)

    Exec Addr    Load Addr    Size         Type   Attr      Idx    E Section Name        Object

    0x08000000   0x08000000   0x00000194   Data   RO            3    RESET               startup_stm32f401xc.o
    0x08000194   0x08000194   0x00000000   Code   RO         1689  * .ARM.Collect$$$$00000000  mc_w.l(entry.o)
    0x08000194   0x08000194   0x00000004   Code   RO         2040    .ARM.Collect$$$$00000001  mc_w.l(entry2.o)
    0x08000198   0x08000198   0x00000004   Code   RO         2043    .ARM.Collect$$$$00000004  mc_w.l(entry5.o)
    0x0800019c   0x0800019c   0x00000000   Code   RO         2045    .ARM.Collect$$$$00000008  mc_w.l(entry7b.o)
    0x0800019c   0x0800019c   0x00000000   Code   RO         2047    .ARM.Collect$$$$0000000A  mc_w.l(entry8b.o)
    0x0800019c   0x0800019c   0x00000008   Code   RO         2048    .ARM.Collect$$$$0000000B  mc_w.l(entry9a.o)
    0x080001a4   0x080001a4   0x00000000   Code   RO         2050    .ARM.Collect$$$$0000000D  mc_w.l(entry10a.o)
    0x080001a4   0x080001a4   0x00000000   Code   RO         2052    .ARM.Collect$$$$0000000F  mc_w.l(entry11a.o)
    0x080001a4   0x080001a4   0x00000004   Code   RO         2041    .ARM.Collect$$$$00002712  mc_w.l(entry2.o)
    0x080001a8   0x080001a8   0x00000024   Code   RO            4    .text               startup_stm32f401xc.o
    0x080001cc   0x080001cc   0x00000062   Code   RO         1698    .text               mc_w.l(uldiv.o)
    0x0800022e   0x0800022e   0x00000062   Code   RO         1700    .text               mc_w.l(ldiv.o)
    0x08000290   0x08000290   0x00000024   Code   RO         1702    .text               mc_w.l(memcpya.o)
    0x080002b4   0x080002b4   0x00000024   Code   RO         1704    .text               mc_w.l(memseta.o)
    0x080002d8   0x080002d8   0x0000001a   Code   RO         1706    .text               mc_w.l(memcmp.o)
    0x080002f2   0x080002f2   0x0000014e   Code   RO         1971    .text               mf_w.l(dadd.o)
    0x08000440   0x08000440   0x000000e4   Code   RO         1973    .text               mf_w.l(dmul.o)
    0x08000524   0x08000524   0x000000de   Code   RO         1975    .text               mf_w.l(ddiv.o)
    0x08000602   0x08000602   0x00000022   Code   RO         1977    .text               mf_w.l(dflti.o)
    0x08000624   0x08000624   0x00000026   Code   RO         1979    .text               mf_w.l(f2d.o)
    0x0800064a   0x0800064a   0x00000038   Code   RO         1981    .text               mf_w.l(d2f.o)
    0x08000682   0x08000682   0x0000002c   Code   RO         2064    .text               mc_w.l(uidiv.o)
    0x080006ae   0x080006ae   0x0000001e   Code   RO         2066    .text               mc_w.l(llshl.o)
    0x080006cc   0x080006cc   0x00000020   Code   RO         2068    .text               mc_w.l(llushr.o)
    0x080006ec   0x080006ec   0x00000024   Code   RO         2070    .text               mc_w.l(llsshr.o)
    0x08000710   0x08000710   0x00000000   Code   RO         2079    .text               mc_w.l(iusefp.o)
    0x08000710   0x08000710   0x0000006e   Code   RO         2080    .text               mf_w.l(fepilogue.o)
    0x0800077e   0x0800077e   0x000000ba   Code   RO         2082    .text               mf_w.l(depilogue.o)
    0x08000838   0x08000838   0x00000030   Code   RO         2086    .text               mf_w.l(dfixul.o)
    0x08000868   0x08000868   0x00000030   Code   RO         2088    .text               mf_w.l(cdcmple.o)
    0x08000898   0x08000898   0x00000030   Code   RO         2090    .text               mf_w.l(cdrcmple.o)
    0x080008c8   0x080008c8   0x00000024   Code   RO         2094    .text               mc_w.l(init.o)
    0x080008ec   0x080008ec   0x000000a2   Code   RO         2096    .text               mf_w.l(dsqrt.o)
    0x0800098e   0x0800098e   0x00000002   PAD
    0x08000990   0x08000990   0x0000006c   Code   RO         1326    .text.Altimeter_Prase  altimeter.o
    0x080009fc   0x080009fc   0x0000001a   Code   RO         1324    .text.Altimeter_init  altimeter.o
    0x08000a16   0x08000a16   0x00000002   PAD
    0x08000a18   0x08000a18   0x00000002   Code   RO          105    .text.BusFault_Handler  stm32f4xx_it.o
    0x08000a1a   0x08000a1a   0x00000002   PAD
    0x08000a1c   0x08000a1c   0x00000010   Code   RO          117    .text.DMA1_Stream5_IRQHandler  stm32f4xx_it.o
    0x08000a2c   0x08000a2c   0x00000010   Code   RO          119    .text.DMA1_Stream6_IRQHandler  stm32f4xx_it.o
    0x08000a3c   0x08000a3c   0x00000010   Code   RO          123    .text.DMA2_Stream1_IRQHandler  stm32f4xx_it.o
    0x08000a4c   0x08000a4c   0x00000002   Code   RO          111    .text.DebugMon_Handler  stm32f4xx_it.o
    0x08000a4e   0x08000a4e   0x00000002   PAD
    0x08000a50   0x08000a50   0x000000d8   Code   RO         1366    .text.DelayMs       statemachine.o
    0x08000b28   0x08000b28   0x0000000a   Code   RO           15    .text.Error_Handler  main.o
    0x08000b32   0x08000b32   0x00000002   PAD
    0x08000b34   0x08000b34   0x00000012   Code   RO         1441    .text.Get_MPU_Data  mpu6050.o
    0x08000b46   0x08000b46   0x00000002   PAD
    0x08000b48   0x08000b48   0x00000016   Code   RO         1196    .text.Get_Opt_Data  opticalflow.o
    0x08000b5e   0x08000b5e   0x00000002   PAD
    0x08000b60   0x08000b60   0x00000080   Code   RO          452    .text.HAL_DMA_Abort  stm32f4xx_hal_dma.o
    0x08000be0   0x08000be0   0x00000024   Code   RO          454    .text.HAL_DMA_Abort_IT  stm32f4xx_hal_dma.o
    0x08000c04   0x08000c04   0x0000018a   Code   RO          458    .text.HAL_DMA_IRQHandler  stm32f4xx_hal_dma.o
    0x08000d8e   0x08000d8e   0x00000002   PAD
    0x08000d90   0x08000d90   0x00000140   Code   RO          444    .text.HAL_DMA_Init  stm32f4xx_hal_dma.o
    0x08000ed0   0x08000ed0   0x0000009c   Code   RO          450    .text.HAL_DMA_Start_IT  stm32f4xx_hal_dma.o
    0x08000f6c   0x08000f6c   0x00000028   Code   RO          613    .text.HAL_Delay     stm32f4xx_hal.o
    0x08000f94   0x08000f94   0x000001a0   Code   RO          406    .text.HAL_GPIO_Init  stm32f4xx_hal_gpio.o
    0x08001134   0x08001134   0x0000000a   Code   RO          410    .text.HAL_GPIO_ReadPin  stm32f4xx_hal_gpio.o
    0x0800113e   0x0800113e   0x00000002   PAD
    0x08001140   0x08001140   0x0000000c   Code   RO          605    .text.HAL_GetTick   stm32f4xx_hal.o
    0x0800114c   0x0800114c   0x00000198   Code   RO          142    .text.HAL_I2C_Init  stm32f4xx_hal_i2c.o
    0x080012e4   0x080012e4   0x0000034c   Code   RO          186    .text.HAL_I2C_Mem_Read  stm32f4xx_hal_i2c.o
    0x08001630   0x08001630   0x00000194   Code   RO          182    .text.HAL_I2C_Mem_Write  stm32f4xx_hal_i2c.o
    0x080017c4   0x080017c4   0x000000fc   Code   RO           46    .text.HAL_I2C_MspInit  i2c.o
    0x080018c0   0x080018c0   0x0000001a   Code   RO          603    .text.HAL_IncTick   stm32f4xx_hal.o
    0x080018da   0x080018da   0x00000002   PAD
    0x080018dc   0x080018dc   0x00000036   Code   RO          593    .text.HAL_Init      stm32f4xx_hal.o
    0x08001912   0x08001912   0x00000002   PAD
    0x08001914   0x08001914   0x00000050   Code   RO          595    .text.HAL_InitTick  stm32f4xx_hal.o
    0x08001964   0x08001964   0x00000038   Code   RO          134    .text.HAL_MspInit   stm32f4xx_hal_msp.o
    0x0800199c   0x0800199c   0x00000020   Code   RO          551    .text.HAL_NVIC_EnableIRQ  stm32f4xx_hal_cortex.o
    0x080019bc   0x080019bc   0x00000056   Code   RO          549    .text.HAL_NVIC_SetPriority  stm32f4xx_hal_cortex.o
    0x08001a12   0x08001a12   0x00000002   PAD
    0x08001a14   0x08001a14   0x00000020   Code   RO          547    .text.HAL_NVIC_SetPriorityGrouping  stm32f4xx_hal_cortex.o
    0x08001a34   0x08001a34   0x00000160   Code   RO          292    .text.HAL_RCC_ClockConfig  stm32f4xx_hal_rcc.o
    0x08001b94   0x08001b94   0x00000026   Code   RO          304    .text.HAL_RCC_GetPCLK1Freq  stm32f4xx_hal_rcc.o
    0x08001bba   0x08001bba   0x00000002   PAD
    0x08001bbc   0x08001bbc   0x00000026   Code   RO          306    .text.HAL_RCC_GetPCLK2Freq  stm32f4xx_hal_rcc.o
    0x08001be2   0x08001be2   0x00000002   PAD
    0x08001be4   0x08001be4   0x00000068   Code   RO          294    .text.HAL_RCC_GetSysClockFreq  stm32f4xx_hal_rcc.o
    0x08001c4c   0x08001c4c   0x00000348   Code   RO          290    .text.HAL_RCC_OscConfig  stm32f4xx_hal_rcc.o
    0x08001f94   0x08001f94   0x0000002c   Code   RO          559    .text.HAL_SYSTICK_Config  stm32f4xx_hal_cortex.o
    0x08001fc0   0x08001fc0   0x00000002   Code   RO          989    .text.HAL_TIMEx_BreakCallback  stm32f4xx_hal_tim_ex.o
    0x08001fc2   0x08001fc2   0x00000002   PAD
    0x08001fc4   0x08001fc4   0x00000002   Code   RO          985    .text.HAL_TIMEx_CommutCallback  stm32f4xx_hal_tim_ex.o
    0x08001fc6   0x08001fc6   0x00000002   PAD
    0x08001fc8   0x08001fc8   0x0000005a   Code   RO          684    .text.HAL_TIM_Base_Init  stm32f4xx_hal_tim.o
    0x08002022   0x08002022   0x00000002   PAD
    0x08002024   0x08002024   0x00000048   Code   RO           62    .text.HAL_TIM_Base_MspInit  tim.o
    0x0800206c   0x0800206c   0x0000019c   Code   RO          864    .text.HAL_TIM_ConfigClockSource  stm32f4xx_hal_tim.o
    0x08002208   0x08002208   0x00000002   Code   RO          820    .text.HAL_TIM_IC_CaptureCallback  stm32f4xx_hal_tim.o
    0x0800220a   0x0800220a   0x00000002   PAD
    0x0800220c   0x0800220c   0x0000016a   Code   RO          818    .text.HAL_TIM_IRQHandler  stm32f4xx_hal_tim.o
    0x08002376   0x08002376   0x00000002   PAD
    0x08002378   0x08002378   0x00000002   Code   RO          822    .text.HAL_TIM_OC_DelayElapsedCallback  stm32f4xx_hal_tim.o
    0x0800237a   0x0800237a   0x00000002   PAD
    0x0800237c   0x0800237c   0x00000002   Code   RO          824    .text.HAL_TIM_PWM_PulseFinishedCallback  stm32f4xx_hal_tim.o
    0x0800237e   0x0800237e   0x00000002   PAD
    0x08002380   0x08002380   0x00000002   Code   RO          826    .text.HAL_TIM_PeriodElapsedCallback  stm32f4xx_hal_tim.o
    0x08002382   0x08002382   0x00000002   PAD
    0x08002384   0x08002384   0x00000002   Code   RO          828    .text.HAL_TIM_TriggerCallback  stm32f4xx_hal_tim.o
    0x08002386   0x08002386   0x00000002   PAD
    0x08002388   0x08002388   0x00000002   Code   RO         1087    .text.HAL_UARTEx_RxEventCallback  stm32f4xx_hal_uart.o
    0x0800238a   0x0800238a   0x00000002   PAD
    0x0800238c   0x0800238c   0x00000002   Code   RO         1085    .text.HAL_UART_ErrorCallback  stm32f4xx_hal_uart.o
    0x0800238e   0x0800238e   0x00000002   PAD
    0x08002390   0x08002390   0x000002ee   Code   RO         1079    .text.HAL_UART_IRQHandler  stm32f4xx_hal_uart.o
    0x0800267e   0x0800267e   0x00000002   PAD
    0x08002680   0x08002680   0x0000005e   Code   RO         1003    .text.HAL_UART_Init  stm32f4xx_hal_uart.o
    0x080026de   0x080026de   0x00000002   PAD
    0x080026e0   0x080026e0   0x00000214   Code   RO           81    .text.HAL_UART_MspInit  usart.o
    0x080028f4   0x080028f4   0x00000038   Code   RO         1037    .text.HAL_UART_Receive_DMA  stm32f4xx_hal_uart.o
    0x0800292c   0x0800292c   0x00000002   Code   RO         1093    .text.HAL_UART_RxCpltCallback  stm32f4xx_hal_uart.o
    0x0800292e   0x0800292e   0x00000002   PAD
    0x08002930   0x08002930   0x00000002   Code   RO         1095    .text.HAL_UART_RxHalfCpltCallback  stm32f4xx_hal_uart.o
    0x08002932   0x08002932   0x00000002   PAD
    0x08002934   0x08002934   0x0000016e   Code   RO         1019    .text.HAL_UART_Transmit  stm32f4xx_hal_uart.o
    0x08002aa2   0x08002aa2   0x00000002   PAD
    0x08002aa4   0x08002aa4   0x0000008c   Code   RO         1029    .text.HAL_UART_Transmit_DMA  stm32f4xx_hal_uart.o
    0x08002b30   0x08002b30   0x00000002   Code   RO         1089    .text.HAL_UART_TxCpltCallback  stm32f4xx_hal_uart.o
    0x08002b32   0x08002b32   0x00000002   PAD
    0x08002b34   0x08002b34   0x00000002   Code   RO         1091    .text.HAL_UART_TxHalfCpltCallback  stm32f4xx_hal_uart.o
    0x08002b36   0x08002b36   0x00000002   PAD
    0x08002b38   0x08002b38   0x00000002   Code   RO          101    .text.HardFault_Handler  stm32f4xx_it.o
    0x08002b3a   0x08002b3a   0x00000002   PAD
    0x08002b3c   0x08002b3c   0x0000024e   Code   RO          188    .text.I2C_RequestMemoryRead  stm32f4xx_hal_i2c.o
    0x08002d8a   0x08002d8a   0x00000002   PAD
    0x08002d8c   0x08002d8c   0x000001d2   Code   RO          184    .text.I2C_RequestMemoryWrite  stm32f4xx_hal_i2c.o
    0x08002f5e   0x08002f5e   0x00000002   PAD
    0x08002f60   0x08002f60   0x0000006a   Code   RO          154    .text.I2C_WaitOnBTFFlagUntilTimeout  stm32f4xx_hal_i2c.o
    0x08002fca   0x08002fca   0x00000002   PAD
    0x08002fcc   0x08002fcc   0x00000074   Code   RO          152    .text.I2C_WaitOnFlagUntilTimeout  stm32f4xx_hal_i2c.o
    0x08003040   0x08003040   0x0000007a   Code   RO          266    .text.I2C_WaitOnMasterAddressFlagUntilTimeout  stm32f4xx_hal_i2c.o
    0x080030ba   0x080030ba   0x00000002   PAD
    0x080030bc   0x080030bc   0x000000fa   Code   RO         1421    .text.MPU_Init      mpu6050.o
    0x080031b6   0x080031b6   0x00000002   PAD
    0x080031b8   0x080031b8   0x00000030   Code   RO         1464    .text.MPU_Read_Byte  mpuiic.o
    0x080031e8   0x080031e8   0x00000030   Code   RO         1460    .text.MPU_Read_Len  mpuiic.o
    0x08003218   0x08003218   0x00000030   Code   RO         1462    .text.MPU_Write_Byte  mpuiic.o
    0x08003248   0x08003248   0x0000002a   Code   RO         1458    .text.MPU_Write_Len  mpuiic.o
    0x08003272   0x08003272   0x00000002   PAD
    0x08003274   0x08003274   0x0000006a   Code   RO           33    .text.MX_DMA_Init   dma.o
    0x080032de   0x080032de   0x00000002   PAD
    0x080032e0   0x080032e0   0x00000072   Code   RO           25    .text.MX_GPIO_Init  gpio.o
    0x08003352   0x08003352   0x00000002   PAD
    0x08003354   0x08003354   0x0000003e   Code   RO           42    .text.MX_I2C1_Init  i2c.o
    0x08003392   0x08003392   0x00000002   PAD
    0x08003394   0x08003394   0x0000003e   Code   RO           44    .text.MX_I2C2_Init  i2c.o
    0x080033d2   0x080033d2   0x00000002   PAD
    0x080033d4   0x080033d4   0x0000005e   Code   RO           60    .text.MX_TIM9_Init  tim.o
    0x08003432   0x08003432   0x00000002   PAD
    0x08003434   0x08003434   0x00000038   Code   RO           75    .text.MX_USART1_UART_Init  usart.o
    0x0800346c   0x0800346c   0x0000003e   Code   RO           77    .text.MX_USART2_UART_Init  usart.o
    0x080034aa   0x080034aa   0x00000002   PAD
    0x080034ac   0x080034ac   0x00000038   Code   RO           79    .text.MX_USART6_UART_Init  usart.o
    0x080034e4   0x080034e4   0x00000002   Code   RO          103    .text.MemManage_Handler  stm32f4xx_it.o
    0x080034e6   0x080034e6   0x00000002   PAD
    0x080034e8   0x080034e8   0x00000002   Code   RO           99    .text.NMI_Handler   stm32f4xx_it.o
    0x080034ea   0x080034ea   0x00000002   PAD
    0x080034ec   0x080034ec   0x0000010c   Code   RO         1186    .text.Opt_init      opticalflow.o
    0x080035f8   0x080035f8   0x0000039c   Code   RO         1202    .text.Optflow_Prase  opticalflow.o
    0x08003994   0x08003994   0x00000012   Code   RO         1188    .text.Optflow_Task  opticalflow.o
    0x080039a6   0x080039a6   0x00000002   PAD
    0x080039a8   0x080039a8   0x00000028   Code   RO         1295    .text.PID_Init      pid.o
    0x080039d0   0x080039d0   0x00000002   Code   RO          113    .text.PendSV_Handler  stm32f4xx_it.o
    0x080039d2   0x080039d2   0x00000002   PAD
    0x080039d4   0x080039d4   0x00000002   Code   RO          109    .text.SVC_Handler   stm32f4xx_it.o
    0x080039d6   0x080039d6   0x00000002   PAD
    0x080039d8   0x080039d8   0x00000064   Code   RO         1142    .text.SendOnePackage  uartdriver.o
    0x08003a3c   0x08003a3c   0x00000008   Code   RO          115    .text.SysTick_Handler  stm32f4xx_it.o
    0x08003a44   0x08003a44   0x00000096   Code   RO           13    .text.SystemClock_Config  main.o
    0x08003ada   0x08003ada   0x00000002   PAD
    0x08003adc   0x08003adc   0x00000012   Code   RO         1123    .text.SystemInit    system_stm32f4xx.o
    0x08003aee   0x08003aee   0x00000002   PAD
    0x08003af0   0x08003af0   0x00000010   Code   RO          121    .text.TIM1_BRK_TIM9_IRQHandler  stm32f4xx_it.o
    0x08003b00   0x08003b00   0x000000da   Code   RO          688    .text.TIM_Base_SetConfig  stm32f4xx_hal_tim.o
    0x08003bda   0x08003bda   0x00000002   PAD
    0x08003bdc   0x08003bdc   0x00000010   Code   RO         1083    .text.UART_DMAAbortOnError  stm32f4xx_hal_uart.o
    0x08003bec   0x08003bec   0x000000a8   Code   RO         1035    .text.UART_DMAError  stm32f4xx_hal_uart.o
    0x08003c94   0x08003c94   0x00000080   Code   RO         1111    .text.UART_DMAReceiveCplt  stm32f4xx_hal_uart.o
    0x08003d14   0x08003d14   0x0000001a   Code   RO         1113    .text.UART_DMARxHalfCplt  stm32f4xx_hal_uart.o
    0x08003d2e   0x08003d2e   0x00000002   PAD
    0x08003d30   0x08003d30   0x00000040   Code   RO         1031    .text.UART_DMATransmitCplt  stm32f4xx_hal_uart.o
    0x08003d70   0x08003d70   0x0000000a   Code   RO         1033    .text.UART_DMATxHalfCplt  stm32f4xx_hal_uart.o
    0x08003d7a   0x08003d7a   0x00000002   PAD
    0x08003d7c   0x08003d7c   0x000000c4   Code   RO         1081    .text.UART_Receive_IT  stm32f4xx_hal_uart.o
    0x08003e40   0x08003e40   0x000000de   Code   RO         1007    .text.UART_SetConfig  stm32f4xx_hal_uart.o
    0x08003f1e   0x08003f1e   0x00000002   PAD
    0x08003f20   0x08003f20   0x0000009a   Code   RO         1039    .text.UART_Start_Receive_DMA  stm32f4xx_hal_uart.o
    0x08003fba   0x08003fba   0x00000002   PAD
    0x08003fbc   0x08003fbc   0x00000010   Code   RO          125    .text.USART6_IRQHandler  stm32f4xx_it.o
    0x08003fcc   0x08003fcc   0x00000070   Code   RO         1144    .text.UpdatePackage  uartdriver.o
    0x0800403c   0x0800403c   0x00000004   PAD
    0x08004040   0x08004040   0x0000020c   Code   RO         1439    .text.Update_MPU_Data  mpu6050.o
    0x0800424c   0x0800424c   0x00000002   Code   RO          107    .text.UsageFault_Handler  stm32f4xx_it.o
    0x0800424e   0x0800424e   0x00000002   PAD
    0x08004250   0x08004250   0x0000000c   Code   RO         1152    .text.WritePitch_SD  uartdriver.o
    0x0800425c   0x0800425c   0x0000000c   Code   RO         1148    .text.WriteRoll_SD  uartdriver.o
    0x08004268   0x08004268   0x0000000c   Code   RO         1140    .text.WriteThrottle_SD  uartdriver.o
    0x08004274   0x08004274   0x0000000c   Code   RO         1156    .text.WriteYaw_SD   uartdriver.o
    0x08004280   0x08004280   0x000002b0   Code   RO         1622    .text.dmp_enable_feature  inv_mpu_dmp_motion_driver.o
    0x08004530   0x08004530   0x0000001a   Code   RO         1586    .text.dmp_load_motion_driver_firmware  inv_mpu_dmp_motion_driver.o
    0x0800454a   0x0800454a   0x00000002   PAD
    0x0800454c   0x0800454c   0x000001ec   Code   RO         1634    .text.dmp_read_fifo  inv_mpu_dmp_motion_driver.o
    0x08004738   0x08004738   0x000000be   Code   RO         1592    .text.dmp_set_accel_bias  inv_mpu_dmp_motion_driver.o
    0x080047f6   0x080047f6   0x00000002   PAD
    0x080047f8   0x080047f8   0x0000006e   Code   RO         1594    .text.dmp_set_fifo_rate  inv_mpu_dmp_motion_driver.o
    0x08004866   0x08004866   0x00000002   PAD
    0x08004868   0x08004868   0x000000c4   Code   RO         1590    .text.dmp_set_gyro_bias  inv_mpu_dmp_motion_driver.o
    0x0800492c   0x0800492c   0x00000110   Code   RO         1588    .text.dmp_set_orientation  inv_mpu_dmp_motion_driver.o
    0x08004a3c   0x08004a3c   0x00000148   Code   RO         1598    .text.dmp_set_tap_thresh  inv_mpu_dmp_motion_driver.o
    0x08004b84   0x08004b84   0x00000182   Code   RO         1138    .text.fly           uartdriver.o
    0x08004d06   0x08004d06   0x00000002   PAD
    0x08004d08   0x08004d08   0x00000020   Code   RO         1409    .text.fputc         print.o
    0x08004d28   0x08004d28   0x0000000e   Code   RO         1328    .text.get_hight     altimeter.o
    0x08004d36   0x08004d36   0x00000002   PAD
    0x08004d38   0x08004d38   0x00000356   Code   RO         1542    .text.get_st_biases  inv_mpu.o
    0x0800508e   0x0800508e   0x00000002   PAD
    0x08005090   0x08005090   0x000000b4   Code   RO         1562    .text.inv_orientation_matrix_to_scalar  inv_mpu.o
    0x08005144   0x08005144   0x00000184   Code   RO         1352    .text.loop          statemachine.o
    0x080052c8   0x080052c8   0x0000007c   Code   RO           11    .text.main          main.o
    0x08005344   0x08005344   0x00000002   Code   RO         1500    .text.mget_ms       inv_mpu.o
    0x08005346   0x08005346   0x00000002   PAD
    0x08005348   0x08005348   0x00000098   Code   RO         1488    .text.mpu_configure_fifo  inv_mpu.o
    0x080053e0   0x080053e0   0x0000018c   Code   RO         1568    .text.mpu_dmp_get_data  inv_mpu.o
    0x0800556c   0x0800556c   0x000000f0   Code   RO         1566    .text.mpu_dmp_init  inv_mpu.o
    0x0800565c   0x0800565c   0x00000038   Code   RO         1512    .text.mpu_get_accel_fsr  inv_mpu.o
    0x08005694   0x08005694   0x00000038   Code   RO         1524    .text.mpu_get_accel_sens  inv_mpu.o
    0x080056cc   0x080056cc   0x000001a0   Code   RO         1478    .text.mpu_init      inv_mpu.o
    0x0800586c   0x0800586c   0x0000015a   Code   RO         1548    .text.mpu_load_firmware  inv_mpu.o
    0x080059c6   0x080059c6   0x00000002   PAD
    0x080059c8   0x080059c8   0x000001e0   Code   RO         1494    .text.mpu_lp_accel_mode  inv_mpu.o
    0x08005ba8   0x08005ba8   0x000000a8   Code   RO         1534    .text.mpu_read_fifo_stream  inv_mpu.o
    0x08005c50   0x08005c50   0x00000180   Code   RO         1508    .text.mpu_reset_fifo  inv_mpu.o
    0x08005dd0   0x08005dd0   0x000004ac   Code   RO         1538    .text.mpu_run_self_test  inv_mpu.o
    0x0800627c   0x0800627c   0x00000078   Code   RO         1482    .text.mpu_set_accel_fsr  inv_mpu.o
    0x080062f4   0x080062f4   0x000000ea   Code   RO         1490    .text.mpu_set_bypass  inv_mpu.o
    0x080063de   0x080063de   0x00000002   PAD
    0x080063e0   0x080063e0   0x000000de   Code   RO         1540    .text.mpu_set_dmp_state  inv_mpu.o
    0x080064be   0x080064be   0x00000002   PAD
    0x080064c0   0x080064c0   0x0000006e   Code   RO         1484    .text.mpu_set_lpf   inv_mpu.o
    0x0800652e   0x0800652e   0x00000002   PAD
    0x08006530   0x08006530   0x000000dc   Code   RO         1486    .text.mpu_set_sample_rate  inv_mpu.o
    0x0800660c   0x0800660c   0x000000f6   Code   RO         1492    .text.mpu_set_sensors  inv_mpu.o
    0x08006702   0x08006702   0x00000002   PAD
    0x08006704   0x08006704   0x00000064   Code   RO         1544    .text.mpu_write_mem  inv_mpu.o
    0x08006768   0x08006768   0x000000cc   Code   RO         1560    .text.run_self_test  inv_mpu.o
    0x08006834   0x08006834   0x000002b6   Code   RO         1241    .text.spl0601_get_calib_param  spl06_001.o
    0x08006aea   0x08006aea   0x00000002   PAD
    0x08006aec   0x08006aec   0x00000278   Code   RO         1239    .text.spl0601_init  spl06_001.o
    0x08006d64   0x08006d64   0x000000b6   Code   RO         1362    .text.task5         statemachine.o
    0x08006e1a   0x08006e1a   0x00000002   PAD
    0x08006e1c   0x08006e1c   0x00000024   Code   RO         1368    .text.task_main     statemachine.o
    0x08006e40   0x08006e40   0x00000020   Code   RO         1943    i.__0printf         mc_w.l(printfa.o)
    0x08006e60   0x08006e60   0x00000030   Code   RO         2010    i.__ARM_fpclassify  m_wm.l(fpclassify.o)
    0x08006e90   0x08006e90   0x00000360   Code   RO         1663    i.__hardfp_asin     m_wm.l(asin.o)
    0x080071f0   0x080071f0   0x000002d8   Code   RO         1983    i.__hardfp_atan     m_wm.l(atan.o)
    0x080074c8   0x080074c8   0x00000200   Code   RO         1670    i.__hardfp_atan2    m_wm.l(atan2.o)
    0x080076c8   0x080076c8   0x000000f8   Code   RO         2028    i.__kernel_poly     m_wm.l(poly.o)
    0x080077c0   0x080077c0   0x00000014   Code   RO         1991    i.__mathlib_dbl_infnan  m_wm.l(dunder.o)
    0x080077d4   0x080077d4   0x00000014   Code   RO         1992    i.__mathlib_dbl_infnan2  m_wm.l(dunder.o)
    0x080077e8   0x080077e8   0x00000020   Code   RO         1993    i.__mathlib_dbl_invalid  m_wm.l(dunder.o)
    0x08007808   0x08007808   0x00000020   Code   RO         1996    i.__mathlib_dbl_underflow  m_wm.l(dunder.o)
    0x08007828   0x08007828   0x0000000e   Code   RO         2100    i.__scatterload_copy  mc_w.l(handlers.o)
    0x08007836   0x08007836   0x00000002   Code   RO         2101    i.__scatterload_null  mc_w.l(handlers.o)
    0x08007838   0x08007838   0x0000000e   Code   RO         2102    i.__scatterload_zeroinit  mc_w.l(handlers.o)
    0x08007846   0x08007846   0x00000002   PAD
    0x08007848   0x08007848   0x0000000c   Code   RO         2074    i.__set_errno       mc_w.l(errno.o)
    0x08007854   0x08007854   0x00000184   Code   RO         1950    i._fp_digits        mc_w.l(printfa.o)
    0x080079d8   0x080079d8   0x000006dc   Code   RO         1951    i._printf_core      mc_w.l(printfa.o)
    0x080080b4   0x080080b4   0x00000024   Code   RO         1952    i._printf_post_padding  mc_w.l(printfa.o)
    0x080080d8   0x080080d8   0x0000002e   Code   RO         1953    i._printf_pre_padding  mc_w.l(printfa.o)
    0x08008106   0x08008106   0x00000010   Code   RO         1985    i.atan              m_wm.l(atan.o)
    0x08008116   0x08008116   0x00000018   Code   RO         2006    i.fabs              m_wm.l(fabs.o)
    0x0800812e   0x0800812e   0x00000002   PAD
    0x08008130   0x08008130   0x0000000c   Code   RO         1694    i.putchar           mc_w.l(putchar.o)
    0x0800813c   0x0800813c   0x00000024   Code   RO         1692    i.puts              mc_w.l(puts.o)
    0x08008160   0x08008160   0x0000006e   Code   RO         2036    i.sqrt              m_wm.l(sqrt.o)
    0x080081ce   0x080081ce   0x00000002   PAD
    0x080081d0   0x080081d0   0x00000050   Data   RO         1666    .constdata          m_wm.l(asin.o)
    0x08008220   0x08008220   0x00000098   Data   RO         1986    .constdata          m_wm.l(atan.o)
    0x080082b8   0x080082b8   0x00000008   Data   RO         2030    .constdata          m_wm.l(qnan.o)
    0x080082c0   0x080082c0   0x00000003   Data   RO         1642    .rodata..L__const.dmp_set_orientation.accel_axes  inv_mpu_dmp_motion_driver.o
    0x080082c3   0x080082c3   0x00000003   Data   RO         1641    .rodata..L__const.dmp_set_orientation.gyro_axes  inv_mpu_dmp_motion_driver.o
    0x080082c6   0x080082c6   0x00000010   Data   RO         1128    .rodata.AHBPrescTable  system_stm32f4xx.o
    0x080082d6   0x080082d6   0x00000008   Data   RO         1129    .rodata.APBPrescTable  system_stm32f4xx.o
    0x080082de   0x080082de   0x00000008   Data   RO          468    .rodata.cst8        stm32f4xx_hal_dma.o
    0x080082e6   0x080082e6   0x00000010   Data   RO         1576    .rodata.cst8        inv_mpu.o
    0x080082f6   0x080082f6   0x00000bf6   Data   RO         1640    .rodata.dmp_memory  inv_mpu_dmp_motion_driver.o
    0x08008eec   0x08008eec   0x0000000c   Data   RO         1571    .rodata.hw          inv_mpu.o
    0x08008ef8   0x08008ef8   0x0000001b   Data   RO         1570    .rodata.reg         inv_mpu.o
    0x08008f13   0x08008f13   0x00000005   Data   RO         1375    .rodata.str1.1      statemachine.o
    0x08008f18   0x08008f18   0x0000004c   Data   RO         1575    .rodata.str1.1      inv_mpu.o
    0x08008f64   0x08008f64   0x00000028   Data   RO         1572    .rodata.test        inv_mpu.o
    0x08008f8c   0x08008f8c   0x00000020   Data   RO         2099    Region$$Table       anon$$obj.o


    Execution Region RW_IRAM1 (Exec base: 0x20000000, Load base: 0x08008fb0, Size: 0x00000b18, Max: 0x00010000, ABSOLUTE)

    Exec Addr    Load Addr    Size         Type   Attr      Idx    E Section Name        Object

    0x20000000   0x08008fb0   0x00000004   Data   RW         2054    .data               mc_w.l(stdout.o)
    0x20000004   0x08008fb4   0x00000004   Data   RW         2075    .data               mc_w.l(errno.o)
    0x20000008   0x08008fb8   0x00000004   Data   RW         1127    .data.SystemCoreClock  system_stm32f4xx.o
    0x2000000c   0x08008fbc   0x00000009   Data   RW         1574    .data.gyro_orientation  inv_mpu.o
    0x20000015   0x08008fc5   0x00000003   PAD
    0x20000018   0x08008fc8   0x0000002c   Data   RW         1573    .data.st            inv_mpu.o
    0x20000044   0x08008ff4   0x0000000c   Data   RW         1372    .data.target        statemachine.o
    0x20000050   0x08009000   0x00000001   Data   RW          648    .data.uwTickFreq    stm32f4xx_hal.o
    0x20000051   0x08009001   0x00000003   PAD
    0x20000054   0x08009004   0x00000004   Data   RW          647    .data.uwTickPrio    stm32f4xx_hal.o
    0x20000058        -       0x00000030   Zero   RW         1225    .bss.Buffer_OpticalFlow  opticalflow.o
    0x20000088        -       0x00000030   Zero   RW         1226    .bss.Buffer_OpticalFlow_Gyro  opticalflow.o
    0x200000b8        -       0x00000001   Zero   RW         1377    .bss.FSMD.0         statemachine.o
    0x200000b9        -       0x00000001   Zero   RW         1378    .bss.FSMD.1         statemachine.o
    0x200000ba        -       0x00000001   Zero   RW         1380    .bss.FSMD.3         statemachine.o
    0x200000bb        -       0x00000001   Zero   RW         1381    .bss.FSMD.4         statemachine.o
    0x200000bc        -       0x00000010   Zero   RW         1446    .bss.KFD_pitch      mpu6050.o
    0x200000cc        -       0x00000010   Zero   RW         1447    .bss.KFD_roll       mpu6050.o
    0x200000dc        -       0x00000010   Zero   RW         1448    .bss.KFD_yaw        mpu6050.o
    0x200000ec        -       0x00000004   Zero   RW         1204    .bss.LPButterworth.LPB_Cnt  opticalflow.o
    0x200000f0        -       0x00000001   Zero   RW         1210    .bss.Optflow_Is_Okay  opticalflow.o
    0x200000f1   0x08009008   0x00000003   PAD
    0x200000f4        -       0x00000018   Zero   RW         1209    .bss.OpticalFlow_Gyro_Parameter  opticalflow.o
    0x2000010c        -       0x00000018   Zero   RW         1208    .bss.OpticalFlow_Parameter  opticalflow.o
    0x20000124        -       0x00000012   Zero   RW         1205    .bss._flow_data_buff  opticalflow.o
    0x20000136   0x08009008   0x00000002   PAD
    0x20000138        -       0x00000050   Zero   RW         1445    .bss._mpu_data      mpu6050.o
    0x20000188        -       0x0000000a   Zero   RW         1169    .bss.data           uartdriver.o
    0x20000192        -       0x0000000e   Zero   RW         1330    .bss.data           altimeter.o
    0x200001a0        -       0x000000f0   Zero   RW         1373    .bss.delay_list     statemachine.o
    0x20000290        -       0x00000004   Zero   RW         1645    .bss.dmp.0          inv_mpu_dmp_motion_driver.o
    0x20000294        -       0x00000004   Zero   RW         1646    .bss.dmp.1          inv_mpu_dmp_motion_driver.o
    0x20000298        -       0x00000002   Zero   RW         1647    .bss.dmp.2          inv_mpu_dmp_motion_driver.o
    0x2000029a   0x08009008   0x00000002   PAD
    0x2000029c        -       0x00000002   Zero   RW         1648    .bss.dmp.3          inv_mpu_dmp_motion_driver.o
    0x2000029e   0x08009008   0x00000002   PAD
    0x200002a0        -       0x00000002   Zero   RW         1649    .bss.dmp.4          inv_mpu_dmp_motion_driver.o
    0x200002a2        -       0x00000001   Zero   RW         1650    .bss.dmp.5          inv_mpu_dmp_motion_driver.o
    0x200002a3   0x08009008   0x00000001   PAD
    0x200002a4        -       0x00000028   Zero   RW         1376    .bss.fdata          statemachine.o
    0x200002cc        -       0x00000001   Zero   RW         1382    .bss.fly_flag       statemachine.o
    0x200002cd   0x08009008   0x00000003   PAD
    0x200002d0        -       0x00000008   Zero   RW         1221    .bss.gyro_filter_data  opticalflow.o
    0x200002d8        -       0x00000060   Zero   RW           88    .bss.hdma_usart2_rx  usart.o
    0x20000338        -       0x00000060   Zero   RW           89    .bss.hdma_usart2_tx  usart.o
    0x20000398        -       0x00000060   Zero   RW           90    .bss.hdma_usart6_rx  usart.o
    0x200003f8        -       0x00000004   Zero   RW         1384    .bss.height         statemachine.o
    0x200003fc        -       0x00000054   Zero   RW           50    .bss.hi2c1          i2c.o
    0x20000450        -       0x00000054   Zero   RW           51    .bss.hi2c2          i2c.o
    0x200004a4        -       0x00000004   Zero   RW         1331    .bss.hight          altimeter.o
    0x200004a8        -       0x00000048   Zero   RW           66    .bss.htim9          tim.o
    0x200004f0        -       0x00000044   Zero   RW           85    .bss.huart1         usart.o
    0x20000534        -       0x00000044   Zero   RW           86    .bss.huart2         usart.o
    0x20000578        -       0x00000044   Zero   RW           87    .bss.huart6         usart.o
    0x200005bc        -       0x00000004   Zero   RW         1276    .bss.logBaroGroundPressureSum  spl06_001.o
    0x200005c0        -       0x00000004   Zero   RW         1374    .bss.ltime          statemachine.o
    0x200005c4        -       0x00000050   Zero   RW         1383    .bss.mpudata        statemachine.o
    0x20000614        -       0x0000000a   Zero   RW         1219    .bss.opt_data       opticalflow.o
    0x2000061e        -       0x00000006   Zero   RW         1222    .bss.opt_filter_data  opticalflow.o
    0x20000624        -       0x00000008   Zero   RW         1223    .bss.opt_gyro_data  opticalflow.o
    0x2000062c        -       0x00000008   Zero   RW         1224    .bss.opt_gyro_filter_data  opticalflow.o
    0x20000634        -       0x00000006   Zero   RW         1220    .bss.opt_origin_data  opticalflow.o
    0x2000063a   0x08009008   0x00000002   PAD
    0x2000063c        -       0x00000034   Zero   RW         1206    .bss.opt_pid_x      opticalflow.o
    0x20000670        -       0x00000034   Zero   RW         1207    .bss.opt_pid_y      opticalflow.o
    0x200006a4        -       0x00000002   Zero   RW         1263    .bss.spl0601.0      spl06_001.o
    0x200006a6   0x08009008   0x00000002   PAD
    0x200006a8        -       0x00000002   Zero   RW         1264    .bss.spl0601.1      spl06_001.o
    0x200006aa   0x08009008   0x00000002   PAD
    0x200006ac        -       0x00000004   Zero   RW         1272    .bss.spl0601.10     spl06_001.o
    0x200006b0        -       0x00000004   Zero   RW         1273    .bss.spl0601.11     spl06_001.o
    0x200006b4        -       0x00000004   Zero   RW         1274    .bss.spl0601.12     spl06_001.o
    0x200006b8        -       0x00000004   Zero   RW         1275    .bss.spl0601.13     spl06_001.o
    0x200006bc        -       0x00000004   Zero   RW         1265    .bss.spl0601.2      spl06_001.o
    0x200006c0        -       0x00000004   Zero   RW         1266    .bss.spl0601.3      spl06_001.o
    0x200006c4        -       0x00000002   Zero   RW         1267    .bss.spl0601.4      spl06_001.o
    0x200006c6   0x08009008   0x00000002   PAD
    0x200006c8        -       0x00000002   Zero   RW         1268    .bss.spl0601.5      spl06_001.o
    0x200006ca   0x08009008   0x00000002   PAD
    0x200006cc        -       0x00000002   Zero   RW         1269    .bss.spl0601.6      spl06_001.o
    0x200006ce   0x08009008   0x00000002   PAD
    0x200006d0        -       0x00000002   Zero   RW         1270    .bss.spl0601.7      spl06_001.o
    0x200006d2   0x08009008   0x00000002   PAD
    0x200006d4        -       0x00000002   Zero   RW         1271    .bss.spl0601.8      spl06_001.o
    0x200006d6   0x08009008   0x00000002   PAD
    0x200006d8        -       0x00000034   Zero   RW         1277    .bss.spl_pid        spl06_001.o
    0x2000070c        -       0x00000001   Zero   RW         1164    .bss.udata.0        uartdriver.o
    0x2000070d        -       0x00000001   Zero   RW         1165    .bss.udata.1        uartdriver.o
    0x2000070e        -       0x00000001   Zero   RW         1166    .bss.udata.2        uartdriver.o
    0x2000070f        -       0x00000001   Zero   RW         1167    .bss.udata.3        uartdriver.o
    0x20000710        -       0x00000001   Zero   RW         1168    .bss.udata.4        uartdriver.o
    0x20000711   0x08009008   0x00000003   PAD
    0x20000714        -       0x00000004   Zero   RW          649    .bss.uwTick         stm32f4xx_hal.o
    0x20000718        -       0x00000400   Zero   RW            1    STACK               startup_stm32f401xc.o


==============================================================================

Image component sizes


      Code (inc. data)   RO Data    RW Data    ZI Data      Debug   Object Name

       148          0          0          0         18       1936   altimeter.o
       106          0          0          0          0       2890   dma.o
       114          0          0          0          0       2031   gpio.o
       376          0          0          0        168       5434   i2c.o
      6382        112        171         53          0      29818   inv_mpu.o
      2302         68       3068          0         15      10681   inv_mpu_dmp_motion_driver.o
       284          8          0          0          0       3189   main.o
       792         28          0          0        128       5136   mpu6050.o
       186          0          0          0          0       2444   mpuiic.o
      1232         28          0          0        317       9718   opticalflow.o
        40          0          0          0          0       1592   pid.o
        32          0          0          0          0       1882   print.o
      1326         20          0          0         94      14004   spl06_001.o
        36          8        404          0       1024        820   startup_stm32f401xc.o
       822          6          5         12        373       6393   statemachine.o
       212          0          0          5          4       6850   stm32f4xx_hal.o
       194          0          0          0          0      10036   stm32f4xx_hal_cortex.o
      1034          4          8          0          0       9630   stm32f4xx_hal_dma.o
       426          0          0          0          0       5224   stm32f4xx_hal_gpio.o
      3056          0          0          0          0      44491   stm32f4xx_hal_i2c.o
        56          0          0          0          0       1515   stm32f4xx_hal_msp.o
      1372          0          0          0          0       7377   stm32f4xx_hal_rcc.o
      1092          0          0          0          0      54434   stm32f4xx_hal_tim.o
         4          0          0          0          0      21405   stm32f4xx_hal_tim_ex.o
      2402          0          0          0          0      26276   stm32f4xx_hal_uart.o
       104          0          0          0          0       2709   stm32f4xx_it.o
        18          0         24          4          0       2691   system_stm32f4xx.o
       166          0          0          0         72       6463   tim.o
       646          0          0          0         15       3370   uartdriver.o
       706          0          0          0        492       7041   usart.o

    ----------------------------------------------------------------------
     25812        282       3712         80       2752     307480   Object Totals
         0          0         32          0          0          0   (incl. Generated)
       146          0          0          6         32          0   (incl. Padding)

    ----------------------------------------------------------------------

      Code (inc. data)   RO Data    RW Data    ZI Data      Debug   Library Member Name

       864         94         80          0          0        280   asin.o
       744        106        152          0          0        352   atan.o
       512         64          0          0          0        208   atan2.o
       104         16          0          0          0        496   dunder.o
        24          0          0          0          0        124   fabs.o
        48          0          0          0          0        124   fpclassify.o
       248          0          0          0          0        152   poly.o
         0          0          8          0          0          0   qnan.o
       110          0          0          0          0        148   sqrt.o
         0          0          0          0          0          0   entry.o
         0          0          0          0          0          0   entry10a.o
         0          0          0          0          0          0   entry11a.o
         8          4          0          0          0          0   entry2.o
         4          0          0          0          0          0   entry5.o
         0          0          0          0          0          0   entry7b.o
         0          0          0          0          0          0   entry8b.o
         8          4          0          0          0          0   entry9a.o
        12          6          0          4          0         68   errno.o
        30          0          0          0          0          0   handlers.o
        36          8          0          0          0         68   init.o
         0          0          0          0          0          0   iusefp.o
        98          0          0          0          0         84   ldiv.o
        30          0          0          0          0         68   llshl.o
        36          0          0          0          0         68   llsshr.o
        32          0          0          0          0         68   llushr.o
        26          0          0          0          0         80   memcmp.o
        36          0          0          0          0         68   memcpya.o
        36          0          0          0          0        108   memseta.o
      2258         90          0          0          0        452   printfa.o
        12          6          0          0          0         68   putchar.o
        36          6          0          0          0         80   puts.o
         0          0          0          4          0          0   stdout.o
        44          0          0          0          0         80   uidiv.o
        98          0          0          0          0         92   uldiv.o
        48          0          0          0          0         68   cdcmple.o
        48          0          0          0          0         68   cdrcmple.o
        56          0          0          0          0         88   d2f.o
       334          0          0          0          0        148   dadd.o
       222          0          0          0          0        100   ddiv.o
       186          0          0          0          0        176   depilogue.o
        48          0          0          0          0         68   dfixul.o
        34          0          0          0          0         76   dflti.o
       228          0          0          0          0         96   dmul.o
       162          0          0          0          0        100   dsqrt.o
        38          0          0          0          0         68   f2d.o
       110          0          0          0          0        168   fepilogue.o

    ----------------------------------------------------------------------
      7016        404        240          8          0       4560   Library Totals
         8          0          0          0          0          0   (incl. Padding)

    ----------------------------------------------------------------------

      Code (inc. data)   RO Data    RW Data    ZI Data      Debug   Library Name

      2654        280        240          0          0       1884   m_wm.l
      2840        124          0          8          0       1452   mc_w.l
      1514          0          0          0          0       1224   mf_w.l

    ----------------------------------------------------------------------
      7016        404        240          8          0       4560   Library Totals

    ----------------------------------------------------------------------

==============================================================================


      Code (inc. data)   RO Data    RW Data    ZI Data      Debug   

     32828        686       3952         88       2752     309180   Grand Totals
     32828        686       3952         88       2752     309180   ELF Image Totals
     32828        686       3952         88          0          0   ROM Totals

==============================================================================

    Total RO  Size (Code + RO Data)                36780 (  35.92kB)
    Total RW  Size (RW Data + ZI Data)              2840 (   2.77kB)
    Total ROM Size (Code + RO Data + RW Data)      36868 (  36.00kB)

==============================================================================

